Archive member included to satisfy reference by file (symbol)

C:/ST/STM32CubeIDE_1.16.0/STM32CubeIDE/plugins/com.st.stm32cube.ide.mcu.externaltools.gnu-tools-for-stm32.12.3.rel1.win32_1.0.200.202406191623/tools/bin/../lib/gcc/arm-none-eabi/12.3.1/../../../../arm-none-eabi/lib/thumb/v7e-m+fp/hard\libc_nano.a(libc_a-exit.o)
                              C:/ST/STM32CubeIDE_1.16.0/STM32CubeIDE/plugins/com.st.stm32cube.ide.mcu.externaltools.gnu-tools-for-stm32.12.3.rel1.win32_1.0.200.202406191623/tools/bin/../lib/gcc/arm-none-eabi/12.3.1/../../../../arm-none-eabi/lib/thumb/v7e-m+fp/hard/crt0.o (exit)
C:/ST/STM32CubeIDE_1.16.0/STM32CubeIDE/plugins/com.st.stm32cube.ide.mcu.externaltools.gnu-tools-for-stm32.12.3.rel1.win32_1.0.200.202406191623/tools/bin/../lib/gcc/arm-none-eabi/12.3.1/../../../../arm-none-eabi/lib/thumb/v7e-m+fp/hard\libc_nano.a(libc_a-findfp.o)
                              C:/ST/STM32CubeIDE_1.16.0/STM32CubeIDE/plugins/com.st.stm32cube.ide.mcu.externaltools.gnu-tools-for-stm32.12.3.rel1.win32_1.0.200.202406191623/tools/bin/../lib/gcc/arm-none-eabi/12.3.1/../../../../arm-none-eabi/lib/thumb/v7e-m+fp/hard\libc_nano.a(libc_a-exit.o) (__stdio_exit_handler)
C:/ST/STM32CubeIDE_1.16.0/STM32CubeIDE/plugins/com.st.stm32cube.ide.mcu.externaltools.gnu-tools-for-stm32.12.3.rel1.win32_1.0.200.202406191623/tools/bin/../lib/gcc/arm-none-eabi/12.3.1/../../../../arm-none-eabi/lib/thumb/v7e-m+fp/hard\libc_nano.a(libc_a-fwalk.o)
                              C:/ST/STM32CubeIDE_1.16.0/STM32CubeIDE/plugins/com.st.stm32cube.ide.mcu.externaltools.gnu-tools-for-stm32.12.3.rel1.win32_1.0.200.202406191623/tools/bin/../lib/gcc/arm-none-eabi/12.3.1/../../../../arm-none-eabi/lib/thumb/v7e-m+fp/hard\libc_nano.a(libc_a-findfp.o) (_fwalk_sglue)
C:/ST/STM32CubeIDE_1.16.0/STM32CubeIDE/plugins/com.st.stm32cube.ide.mcu.externaltools.gnu-tools-for-stm32.12.3.rel1.win32_1.0.200.202406191623/tools/bin/../lib/gcc/arm-none-eabi/12.3.1/../../../../arm-none-eabi/lib/thumb/v7e-m+fp/hard\libc_nano.a(libc_a-stdio.o)
                              C:/ST/STM32CubeIDE_1.16.0/STM32CubeIDE/plugins/com.st.stm32cube.ide.mcu.externaltools.gnu-tools-for-stm32.12.3.rel1.win32_1.0.200.202406191623/tools/bin/../lib/gcc/arm-none-eabi/12.3.1/../../../../arm-none-eabi/lib/thumb/v7e-m+fp/hard\libc_nano.a(libc_a-findfp.o) (__sread)
C:/ST/STM32CubeIDE_1.16.0/STM32CubeIDE/plugins/com.st.stm32cube.ide.mcu.externaltools.gnu-tools-for-stm32.12.3.rel1.win32_1.0.200.202406191623/tools/bin/../lib/gcc/arm-none-eabi/12.3.1/../../../../arm-none-eabi/lib/thumb/v7e-m+fp/hard\libc_nano.a(libc_a-memset.o)
                              C:/ST/STM32CubeIDE_1.16.0/STM32CubeIDE/plugins/com.st.stm32cube.ide.mcu.externaltools.gnu-tools-for-stm32.12.3.rel1.win32_1.0.200.202406191623/tools/bin/../lib/gcc/arm-none-eabi/12.3.1/../../../../arm-none-eabi/lib/thumb/v7e-m+fp/hard/crt0.o (memset)
C:/ST/STM32CubeIDE_1.16.0/STM32CubeIDE/plugins/com.st.stm32cube.ide.mcu.externaltools.gnu-tools-for-stm32.12.3.rel1.win32_1.0.200.202406191623/tools/bin/../lib/gcc/arm-none-eabi/12.3.1/../../../../arm-none-eabi/lib/thumb/v7e-m+fp/hard\libc_nano.a(libc_a-closer.o)
                              C:/ST/STM32CubeIDE_1.16.0/STM32CubeIDE/plugins/com.st.stm32cube.ide.mcu.externaltools.gnu-tools-for-stm32.12.3.rel1.win32_1.0.200.202406191623/tools/bin/../lib/gcc/arm-none-eabi/12.3.1/../../../../arm-none-eabi/lib/thumb/v7e-m+fp/hard\libc_nano.a(libc_a-stdio.o) (_close_r)
C:/ST/STM32CubeIDE_1.16.0/STM32CubeIDE/plugins/com.st.stm32cube.ide.mcu.externaltools.gnu-tools-for-stm32.12.3.rel1.win32_1.0.200.202406191623/tools/bin/../lib/gcc/arm-none-eabi/12.3.1/../../../../arm-none-eabi/lib/thumb/v7e-m+fp/hard\libc_nano.a(libc_a-reent.o)
                              C:/ST/STM32CubeIDE_1.16.0/STM32CubeIDE/plugins/com.st.stm32cube.ide.mcu.externaltools.gnu-tools-for-stm32.12.3.rel1.win32_1.0.200.202406191623/tools/bin/../lib/gcc/arm-none-eabi/12.3.1/../../../../arm-none-eabi/lib/thumb/v7e-m+fp/hard\libc_nano.a(libc_a-closer.o) (errno)
C:/ST/STM32CubeIDE_1.16.0/STM32CubeIDE/plugins/com.st.stm32cube.ide.mcu.externaltools.gnu-tools-for-stm32.12.3.rel1.win32_1.0.200.202406191623/tools/bin/../lib/gcc/arm-none-eabi/12.3.1/../../../../arm-none-eabi/lib/thumb/v7e-m+fp/hard\libc_nano.a(libc_a-impure.o)
                              C:/ST/STM32CubeIDE_1.16.0/STM32CubeIDE/plugins/com.st.stm32cube.ide.mcu.externaltools.gnu-tools-for-stm32.12.3.rel1.win32_1.0.200.202406191623/tools/bin/../lib/gcc/arm-none-eabi/12.3.1/../../../../arm-none-eabi/lib/thumb/v7e-m+fp/hard\libc_nano.a(libc_a-reent.o) (_impure_ptr)
C:/ST/STM32CubeIDE_1.16.0/STM32CubeIDE/plugins/com.st.stm32cube.ide.mcu.externaltools.gnu-tools-for-stm32.12.3.rel1.win32_1.0.200.202406191623/tools/bin/../lib/gcc/arm-none-eabi/12.3.1/../../../../arm-none-eabi/lib/thumb/v7e-m+fp/hard\libc_nano.a(libc_a-lseekr.o)
[...]
Memory Configuration

Name             Origin             Length             Attributes
CCMRAM           0x10000000         0x00010000         xrw
RAM              0x20000000         0x00020000         xrw
FLASH            0x08000000         0x00100000         xr
*default*        0x00000000         0xffffffff

Linker script and memory map

LOAD C:/ST/STM32CubeIDE_1.16.0/STM32CubeIDE/plugins/com.st.stm32cube.ide.mcu.externaltools.gnu-tools-for-stm32.12.3.rel1.win32_1.0.200.202406191623/tools/bin/../lib/gcc/arm-none-eabi/12.3.1/thumb/v7e-m+fp/hard/crti.o
LOAD C:/ST/STM32CubeIDE_1.16.0/STM32CubeIDE/plugins/com.st.stm32cube.ide.mcu.externaltools.gnu-tools-for-stm32.12.3.rel1.win32_1.0.200.202406191623/tools/bin/../lib/gcc/arm-none-eabi/12.3.1/thumb/v7e-m+fp/hard/crtbegin.o
LOAD C:/ST/STM32CubeIDE_1.16.0/STM32CubeIDE/plugins/com.st.stm32cube.ide.mcu.externaltools.gnu-tools-for-stm32.12.3.rel1.win32_1.0.200.202406191623/tools/bin/../lib/gcc/arm-none-eabi/12.3.1/../../../../arm-none-eabi/lib/thumb/v7e-m+fp/hard/crt0.o
LOAD ./Core/Src/adc.o
LOAD ./Core/Src/bsp_hcsr04.o
LOAD ./Core/Src/bsp_relay.o
LOAD ./Core/Src/gpio.o
LOAD ./Core/Src/main.o
LOAD ./Core/Src/spi.o
LOAD ./Core/Src/stm32f4xx_hal_msp.o
LOAD ./Core/Src/stm32f4xx_it.o
LOAD ./Core/Src/syscalls.o
LOAD ./Core/Src/sysmem.o
LOAD ./Core/Src/system_stm32f4xx.o
LOAD ./Core/Src/tim.o
LOAD ./Core/Startup/startup_stm32f407vgtx.o
LOAD ./Core/app/app.o
LOAD ./Drivers/STM32F4xx_HAL_Driver/Src/stm32f4xx_hal.o
LOAD ./Drivers/STM32F4xx_HAL_Driver/Src/stm32f4xx_hal_adc.o
LOAD ./Drivers/STM32F4xx_HAL_Driver/Src/stm32f4xx_hal_adc_ex.o
LOAD ./Drivers/STM32F4xx_HAL_Driver/Src/stm32f4xx_hal_cortex.o
LOAD ./Drivers/STM32F4xx_HAL_Driver/Src/stm32f4xx_hal_dma.o
LOAD ./Drivers/STM32F4xx_HAL_Driver/Src/stm32f4xx_hal_dma_ex.o
LOAD ./Drivers/STM32F4xx_HAL_Driver/Src/stm32f4xx_hal_exti.o
LOAD ./Drivers/STM32F4xx_HAL_Driver/Src/stm32f4xx_hal_flash.o
LOAD ./Drivers/STM32F4xx_HAL_Driver/Src/stm32f4xx_hal_flash_ex.o
LOAD ./Drivers/STM32F4xx_HAL_Driver/Src/stm32f4xx_hal_flash_ramfunc.o
LOAD ./Drivers/STM32F4xx_HAL_Driver/Src/stm32f4xx_hal_gpio.o
LOAD ./Drivers/STM32F4xx_HAL_Driver/Src/stm32f4xx_hal_pwr.o
LOAD ./Drivers/STM32F4xx_HAL_Driver/Src/stm32f4xx_hal_pwr_ex.o
LOAD ./Drivers/STM32F4xx_HAL_Driver/Src/stm32f4xx_hal_rcc.o
LOAD ./Drivers/STM32F4xx_HAL_Driver/Src/stm32f4xx_hal_rcc_ex.o
LOAD ./Drivers/STM32F4xx_HAL_Driver/Src/stm32f4xx_hal_spi.o
LOAD ./Drivers/STM32F4xx_HAL_Driver/Src/stm32f4xx_hal_tim.o
LOAD ./Drivers/STM32F4xx_HAL_Driver/Src/stm32f4xx_hal_tim_ex.o
LOAD ./Drivers/STM32F4xx_HAL_Driver/Src/stm32f4xx_ll_adc.o
LOAD ./ExtSrc/Util.o
LOAD ./ExtSrc/bsp_rf.o
LOAD ./ExtSrc/nrf24.o
LOAD ./ExtSrc/nrf24_hal.o
START GROUP
LOAD C:/ST/STM32CubeIDE_1.16.0/STM32CubeIDE/plugins/com.st.stm32cube.ide.mcu.externaltools.gnu-tools-for-stm32.12.3.rel1.win32_1.0.200.202406191623/tools/bin/../lib/gcc/arm-none-eabi/12.3.1/../../../../arm-none-eabi/lib/thumb/v7e-m+fp/hard\libstdc++_nano.a
LOAD C:/ST/STM32CubeIDE_1.16.0/STM32CubeIDE/plugins/com.st.stm32cube.ide.mcu.externaltools.gnu-tools-for-stm32.12.3.rel1.win32_1.0.200.202406191623/tools/bin/../lib/gcc/arm-none-eabi/12.3.1/../../../../arm-none-eabi/lib/thumb/v7e-m+fp/hard\libsupc++_nano.a
END GROUP
LOAD C:/ST/STM32CubeIDE_1.16.0/STM32CubeIDE/plugins/com.st.stm32cube.ide.mcu.externaltools.gnu-tools-for-stm32.12.3.rel1.win32_1.0.200.202406191623/tools/bin/../lib/gcc/arm-none-eabi/12.3.1/../../../../arm-none-eabi/lib/thumb/v7e-m+fp/hard\libstdc++_nano.a
LOAD C:/ST/STM32CubeIDE_1.16.0/STM32CubeIDE/plugins/com.st.stm32cube.ide.mcu.externaltools.gnu-tools-for-stm32.12.3.rel1.win32_1.0.200.202406191623/tools/bin/../lib/gcc/arm-none-eabi/12.3.1/../../../../arm-none-eabi/lib/thumb/v7e-m+fp/hard\libm.a
LOAD C:/ST/STM32CubeIDE_1.16.0/STM32CubeIDE/plugins/com.st.stm32cube.ide.mcu.externaltools.gnu-tools-for-stm32.12.3.rel1.win32_1.0.200.202406191623/tools/bin/../lib/gcc/arm-none-eabi/12.3.1/../../../../arm-none-eabi/lib/thumb/v7e-m+fp/hard\libc_nano.a
START GROUP
LOAD C:/ST/STM32CubeIDE_1.16.0/STM32CubeIDE/plugins/com.st.stm32cube.ide.mcu.externaltools.gnu-tools-for-stm32.12.3.rel1.win32_1.0.200.202406191623/tools/bin/../lib/gcc/arm-none-eabi/12.3.1/thumb/v7e-m+fp/hard\libgcc.a
LOAD C:/ST/STM32CubeIDE_1.16.0/STM32CubeIDE/plugins/com.st.stm32cube.ide.mcu.externaltools.gnu-tools-for-stm32.12.3.rel1.win32_1.0.200.202406191623/tools/bin/../lib/gcc/arm-none-eabi/12.3.1/../../../../arm-none-eabi/lib/thumb/v7e-m+fp/hard\libc_nano.a
END GROUP
START GROUP
LOAD C:/ST/STM32CubeIDE_1.16.0/STM32CubeIDE/plugins/com.st.stm32cube.ide.mcu.externaltools.gnu-tools-for-stm32.12.3.rel1.win32_1.0.200.202406191623/tools/bin/../lib/gcc/arm-none-eabi/12.3.1/thumb/v7e-m+fp/hard\libgcc.a
LOAD C:/ST/STM32CubeIDE_1.16.0/STM32CubeIDE/plugins/com.st.stm32cube.ide.mcu.externaltools.gnu-tools-for-stm32.12.3.rel1.win32_1.0.200.202406191623/tools/bin/../lib/gcc/arm-none-eabi/12.3.1/../../../../arm-none-eabi/lib/thumb/v7e-m+fp/hard\libc_nano.a
LOAD C:/ST/STM32CubeIDE_1.16.0/STM32CubeIDE/plugins/com.st.stm32cube.ide.mcu.externaltools.gnu-tools-for-stm32.12.3.rel1.win32_1.0.200.202406191623/tools/bin/../lib/gcc/arm-none-eabi/12.3.1/../../../../arm-none-eabi/lib/thumb/v7e-m+fp/hard\libnosys.a
END GROUP
START GROUP
LOAD C:/ST/STM32CubeIDE_1.16.0/STM32CubeIDE/plugins/com.st.stm32cube.ide.mcu.externaltools.gnu-tools-for-stm32.12.3.rel1.win32_1.0.200.202406191623/tools/bin/../lib/gcc/arm-none-eabi/12.3.1/thumb/v7e-m+fp/hard\libgcc.a
LOAD C:/ST/STM32CubeIDE_1.16.0/STM32CubeIDE/plugins/com.st.stm32cube.ide.mcu.externaltools.gnu-tools-for-stm32.12.3.rel1.win32_1.0.200.202406191623/tools/bin/../lib/gcc/arm-none-eabi/12.3.1/../../../../arm-none-eabi/lib/thumb/v7e-m+fp/hard\libc_nano.a
LOAD C:/ST/STM32CubeIDE_1.16.0/STM32CubeIDE/plugins/com.st.stm32cube.ide.mcu.externaltools.gnu-tools-for-stm32.12.3.rel1.win32_1.0.200.202406191623/tools/bin/../lib/gcc/arm-none-eabi/12.3.1/../../../../arm-none-eabi/lib/thumb/v7e-m+fp/hard\libnosys.a
END GROUP
LOAD C:/ST/STM32CubeIDE_1.16.0/STM32CubeIDE/plugins/com.st.stm32cube.ide.mcu.externaltools.gnu-tools-for-stm32.12.3.rel1.win32_1.0.200.202406191623/tools/bin/../lib/gcc/arm-none-eabi/12.3.1/thumb/v7e-m+fp/hard/crtend.o
LOAD C:/ST/STM32CubeIDE_1.16.0/STM32CubeIDE/plugins/com.st.stm32cube.ide.mcu.externaltools.gnu-tools-for-stm32.12.3.rel1.win32_1.0.200.202406191623/tools/bin/../lib/gcc/arm-none-eabi/12.3.1/thumb/v7e-m+fp/hard/crtn.o
                0x20020000                        _estack = (ORIGIN (RAM) + LENGTH (RAM))
                0x00000200                        _Min_Heap_Size = 0x200
                0x00000400                        _Min_Stack_Size = 0x400

.isr_vector     0x08000000      0x188
                0x08000000                        . = ALIGN (0x4)
 *(.isr_vector)
 .isr_vector    0x08000000      0x188 ./Core/Startup/startup_stm32f407vgtx.o
                0x08000000                g_pfnVectors
                0x08000188                        . = ALIGN (0x4)

.text           0x08000188     0x55a4
                0x08000188                        . = ALIGN (0x4)
 *(.text)
 .text          0x08000188       0x40 C:/ST/STM32CubeIDE_1.16.0/STM32CubeIDE/plugins/com.st.stm32cube.ide.mcu.externaltools.gnu-tools-for-stm32.12.3.rel1.win32_1.0.200.202406191623/tools/bin/../lib/gcc/arm-none-eabi/12.3.1/thumb/v7e-m+fp/hard/crtbegin.o
 .text          0x080001c8      0x378 C:/ST/STM32CubeIDE_1.16.0/STM32CubeIDE/plugins/com.st.stm32cube.ide.mcu.externaltools.gnu-tools-for-stm32.12.3.rel1.win32_1.0.200.202406191623/tools/bin/../lib/gcc/arm-none-eabi/12.3.1/thumb/v7e-m+fp/hard\libgcc.a(_arm_addsubdf3.o)
                0x080001c8                __aeabi_drsub
                0x080001d0                __aeabi_dsub
                0x080001d0                __subdf3
                0x080001d4                __aeabi_dadd
                0x080001d4                __adddf3
                0x0800044c                __floatunsidf
                0x0800044c                __aeabi_ui2d
                0x0800046c                __floatsidf
                0x0800046c                __aeabi_i2d
                0x08000490                __aeabi_f2d
                0x08000490                __extendsfdf2
                0x080004d4                __floatundidf
                0x080004d4                __aeabi_ul2d
                0x080004e4                __floatdidf
                0x080004e4                __aeabi_l2d
 .text          0x08000540      0x424 C:/ST/STM32CubeIDE_1.16.0/STM32CubeIDE/plugins/com.st.stm32cube.ide.mcu.externaltools.gnu-tools-for-stm32.12.3.rel1.win32_1.0.200.202406191623/tools/bin/../lib/gcc/arm-none-eabi/12.3.1/thumb/v7e-m+fp/hard\libgcc.a(_arm_muldivdf3.o)
                0x08000540                __aeabi_dmul
                0x08000540                __muldf3
                0x08000794                __divdf3
                0x08000794                __aeabi_ddiv
 .text          0x08000964       0x40 C:/ST/STM32CubeIDE_1.16.0/STM32CubeIDE/plugins/com.st.stm32cube.ide.mcu.externaltools.gnu-tools-for-stm32.12.3.rel1.win32_1.0.200.202406191623/tools/bin/../lib/gcc/arm-none-eabi/12.3.1/thumb/v7e-m+fp/hard\libgcc.a(_arm_fixunsdfsi.o)
                0x08000964                __aeabi_d2uiz
                0x08000964                __fixunsdfsi
 .text          0x080009a4       0x30 C:/ST/STM32CubeIDE_1.16.0/STM32CubeIDE/plugins/com.st.stm32cube.ide.mcu.externaltools.gnu-tools-for-stm32.12.3.rel1.win32_1.0.200.202406191623/tools/bin/../lib/gcc/arm-none-eabi/12.3.1/thumb/v7e-m+fp/hard\libgcc.a(_aeabi_uldivmod.o)
                0x080009a4                __aeabi_uldivmod
 .text          0x080009d4      0x2bc C:/ST/STM32CubeIDE_1.16.0/STM32CubeIDE/plugins/com.st.stm32cube.ide.mcu.externaltools.gnu-tools-for-stm32.12.3.rel1.win32_1.0.200.202406191623/tools/bin/../lib/gcc/arm-none-eabi/12.3.1/thumb/v7e-m+fp/hard\libgcc.a(_udivmoddi4.o)
                0x080009d4                __udivmoddi4
 .text          0x08000c90        0x4 C:/ST/STM32CubeIDE_1.16.0/STM32CubeIDE/plugins/com.st.stm32cube.ide.mcu.externaltools.gnu-tools-for-stm32.12.3.rel1.win32_1.0.200.202406191623/tools/bin/../lib/gcc/arm-none-eabi/12.3.1/thumb/v7e-m+fp/hard\libgcc.a(_dvmd_tls.o)
                0x08000c90                __aeabi_idiv0
                0x08000c90                __aeabi_ldiv0
 *(.text*)
 .text.MX_ADC1_Init
                0x08000c94       0xa4 ./Core/Src/adc.o
                0x08000c94                MX_ADC1_Init
 .text.HAL_ADC_MspInit
                0x08000d38       0x98 ./Core/Src/adc.o
                0x08000d38                HAL_ADC_MspInit
 .text.HAL_HCSR04_GetDistance
                0x08000dd0       0x18 ./Core/Src/bsp_hcsr04.o
                0x08000dd0                HAL_HCSR04_GetDistance
 .text.HAL_HCSR04_Callback
                0x08000de8      0x140 ./Core/Src/bsp_hcsr04.o
                0x08000de8                HAL_HCSR04_Callback
 .text.HAL_HCSR04_Trigger
                0x08000f28       0x88 ./Core/Src/bsp_hcsr04.o
                0x08000f28                HAL_HCSR04_Trigger
 .text.BSP_HCSR04_GetPresence
                0x08000fb0       0x40 ./Core/Src/bsp_hcsr04.o
                0x08000fb0                BSP_HCSR04_GetPresence
 .text.HAL_TIM_IC_CaptureCallback
                0x08000ff0       0x24 ./Core/Src/bsp_hcsr04.o
                0x08000ff0                HAL_TIM_IC_CaptureCallback
 .text.HAL_TIM_PeriodElapsedCallback
                0x08001014       0x20 ./Core/Src/bsp_hcsr04.o
                0x08001014                HAL_TIM_PeriodElapsedCallback
 .text.BSP_RELAY_ON
                0x08001034       0x18 ./Core/Src/bsp_relay.o
                0x08001034                BSP_RELAY_ON
 .text.BSP_RELAY_OFF
                0x0800104c       0x18 ./Core/Src/bsp_relay.o
                0x0800104c                BSP_RELAY_OFF
 .text.MX_GPIO_Init
                0x08001064      0x198 ./Core/Src/gpio.o
                0x08001064                MX_GPIO_Init
 .text.main     0x080011fc       0x74 ./Core/Src/main.o
                0x080011fc                main
 .text.SystemClock_Config
                0x08001270       0xd0 ./Core/Src/main.o
                0x08001270                SystemClock_Config
 .text.received_message
                0x08001340       0x40 ./Core/Src/main.o
                0x08001340                received_message
 .text.HAL_GPIO_EXTI_Callback
                0x08001380       0x1c ./Core/Src/main.o
                0x08001380                HAL_GPIO_EXTI_Callback
 .text.HAL_TIM_PWM_PulseFinishedCallback
                0x0800139c       0x8c ./Core/Src/main.o
                0x0800139c                HAL_TIM_PWM_PulseFinishedCallback
 .text.Error_Handler
                0x08001428        0xc ./Core/Src/main.o
                0x08001428                Error_Handler
 .text.MX_SPI1_Init
                0x08001434       0x6c ./Core/Src/spi.o
                0x08001434                MX_SPI1_Init
 .text.HAL_SPI_MspInit
                0x080014a0       0x90 ./Core/Src/spi.o
                0x080014a0                HAL_SPI_MspInit
 .text.HAL_MspInit
                0x08001530       0x50 ./Core/Src/stm32f4xx_hal_msp.o
                0x08001530                HAL_MspInit
 .text.NMI_Handler
                0x08001580        0x8 ./Core/Src/stm32f4xx_it.o
                0x08001580                NMI_Handler
 .text.HardFault_Handler
                0x08001588        0x8 ./Core/Src/stm32f4xx_it.o
                0x08001588                HardFault_Handler
 .text.MemManage_Handler
                0x08001590        0x8 ./Core/Src/stm32f4xx_it.o
                0x08001590                MemManage_Handler
 .text.BusFault_Handler
                0x08001598        0x8 ./Core/Src/stm32f4xx_it.o
                0x08001598                BusFault_Handler
 .text.UsageFault_Handler
                0x080015a0        0x8 ./Core/Src/stm32f4xx_it.o
                0x080015a0                UsageFault_Handler
 .text.SVC_Handler
                0x080015a8        0xe ./Core/Src/stm32f4xx_it.o
                0x080015a8                SVC_Handler
 .text.DebugMon_Handler
                0x080015b6        0xe ./Core/Src/stm32f4xx_it.o
                0x080015b6                DebugMon_Handler
 .text.PendSV_Handler
                0x080015c4        0xe ./Core/Src/stm32f4xx_it.o
                0x080015c4                PendSV_Handler
 .text.SysTick_Handler
                0x080015d2        0xc ./Core/Src/stm32f4xx_it.o
                0x080015d2                SysTick_Handler
 *fill*         0x080015de        0x2 
 .text.ADC_IRQHandler
                0x080015e0       0x14 ./Core/Src/stm32f4xx_it.o
                0x080015e0                ADC_IRQHandler
 .text.EXTI9_5_IRQHandler
                0x080015f4        0xe ./Core/Src/stm32f4xx_it.o
                0x080015f4                EXTI9_5_IRQHandler
 *fill*         0x08001602        0x2 
 .text.TIM1_CC_IRQHandler
                0x08001604       0x14 ./Core/Src/stm32f4xx_it.o
                0x08001604                TIM1_CC_IRQHandler
 .text.TIM2_IRQHandler
                0x08001618       0x14 ./Core/Src/stm32f4xx_it.o
                0x08001618                TIM2_IRQHandler
 .text.TIM3_IRQHandler
                0x0800162c       0x14 ./Core/Src/stm32f4xx_it.o
                0x0800162c                TIM3_IRQHandler
 .text.SystemInit
                0x08001640       0x24 ./Core/Src/system_stm32f4xx.o
                0x08001640                SystemInit
 .text.MX_TIM1_Init
                0x08001664       0xac ./Core/Src/tim.o
                0x08001664                MX_TIM1_Init
 .text.MX_TIM2_Init
                0x08001710      0x118 ./Core/Src/tim.o
                0x08001710                MX_TIM2_Init
 .text.MX_TIM3_Init
                0x08001828       0xac ./Core/Src/tim.o
                0x08001828                MX_TIM3_Init
 .text.HAL_TIM_IC_MspInit
                0x080018d4       0xa0 ./Core/Src/tim.o
                0x080018d4                HAL_TIM_IC_MspInit
 .text.HAL_TIM_Base_MspInit
                0x08001974       0x88 ./Core/Src/tim.o
                0x08001974                HAL_TIM_Base_MspInit
 .text.HAL_TIM_MspPostInit
                0x080019fc       0x70 ./Core/Src/tim.o
                0x080019fc                HAL_TIM_MspPostInit
 .text.Reset_Handler
                0x08001a6c       0x50 ./Core/Startup/startup_stm32f407vgtx.o
                0x08001a6c                Reset_Handler
 .text.Default_Handler
                0x08001abc        0x2 ./Core/Startup/startup_stm32f407vgtx.o
                0x08001abc                RTC_Alarm_IRQHandler
                0x08001abc                HASH_RNG_IRQHandler
                0x08001abc                EXTI2_IRQHandler
                0x08001abc                TIM8_CC_IRQHandler
                0x08001abc                DMA2_Stream5_IRQHandler
                0x08001abc                DMA1_Stream5_IRQHandler
                0x08001abc                PVD_IRQHandler
                0x08001abc                SDIO_IRQHandler
                0x08001abc                TAMP_STAMP_IRQHandler
                0x08001abc                CAN2_RX1_IRQHandler
                0x08001abc                EXTI3_IRQHandler
                0x08001abc                TIM8_TRG_COM_TIM14_IRQHandler
                0x08001abc                TIM1_UP_TIM10_IRQHandler
                0x08001abc                TIM8_UP_TIM13_IRQHandler
                0x08001abc                I2C3_ER_IRQHandler
                0x08001abc                EXTI0_IRQHandler
                0x08001abc                I2C2_EV_IRQHandler
                0x08001abc                DMA1_Stream2_IRQHandler
                0x08001abc                CAN1_RX0_IRQHandler
                0x08001abc                FPU_IRQHandler
                0x08001abc                OTG_HS_WKUP_IRQHandler
                0x08001abc                CAN2_SCE_IRQHandler
                0x08001abc                DMA2_Stream2_IRQHandler
                0x08001abc                SPI1_IRQHandler
                0x08001abc                TIM6_DAC_IRQHandler
                0x08001abc                TIM1_BRK_TIM9_IRQHandler
                0x08001abc                DCMI_IRQHandler
                0x08001abc                CAN2_RX0_IRQHandler
                0x08001abc                DMA2_Stream3_IRQHandler
                0x08001abc                USART6_IRQHandler
                0x08001abc                USART3_IRQHandler
                0x08001abc                CAN1_RX1_IRQHandler
                0x08001abc                UART5_IRQHandler
                0x08001abc                DMA2_Stream0_IRQHandler
                0x08001abc                TIM4_IRQHandler
                0x08001abc                I2C1_EV_IRQHandler
                0x08001abc                DMA1_Stream6_IRQHandler
                0x08001abc                DMA1_Stream1_IRQHandler
                0x08001abc                UART4_IRQHandler
                0x08001abc                RCC_IRQHandler
                0x08001abc                TIM8_BRK_TIM12_IRQHandler
                0x08001abc                Default_Handler
                0x08001abc                EXTI15_10_IRQHandler
                0x08001abc                DMA1_Stream7_IRQHandler
                0x08001abc                TIM7_IRQHandler
                0x08001abc                CAN2_TX_IRQHandler
                0x08001abc                TIM5_IRQHandler
                0x08001abc                DMA2_Stream7_IRQHandler
                0x08001abc                I2C3_EV_IRQHandler
                0x08001abc                RTC_WKUP_IRQHandler
                0x08001abc                ETH_WKUP_IRQHandler
                0x08001abc                SPI2_IRQHandler
                0x08001abc                OTG_HS_EP1_IN_IRQHandler
                0x08001abc                DMA1_Stream0_IRQHandler
                0x08001abc                CAN1_TX_IRQHandler
                0x08001abc                EXTI4_IRQHandler
                0x08001abc                FSMC_IRQHandler
                0x08001abc                ETH_IRQHandler
                0x08001abc                OTG_HS_EP1_OUT_IRQHandler
                0x08001abc                WWDG_IRQHandler
                0x08001abc                OTG_FS_WKUP_IRQHandler
                0x08001abc                TIM1_TRG_COM_TIM11_IRQHandler
                0x08001abc                OTG_HS_IRQHandler
                0x08001abc                EXTI1_IRQHandler
                0x08001abc                USART2_IRQHandler
                0x08001abc                I2C2_ER_IRQHandler
                0x08001abc                DMA2_Stream1_IRQHandler
                0x08001abc                CAN1_SCE_IRQHandler
                0x08001abc                FLASH_IRQHandler
                0x08001abc                DMA2_Stream4_IRQHandler
                0x08001abc                USART1_IRQHandler
                0x08001abc                OTG_FS_IRQHandler
                0x08001abc                SPI3_IRQHandler
                0x08001abc                DMA1_Stream4_IRQHandler
                0x08001abc                I2C1_ER_IRQHandler
                0x08001abc                DMA2_Stream6_IRQHandler
                0x08001abc                DMA1_Stream3_IRQHandler
 *fill*         0x08001abe        0x2 
 .text.app      0x08001ac0       0x2c ./Core/app/app.o
                0x08001ac0                app
 .text.HAL_Init
                0x08001aec       0x44 ./Drivers/STM32F4xx_HAL_Driver/Src/stm32f4xx_hal.o
                0x08001aec                HAL_Init
 .text.HAL_InitTick
                0x08001b30       0x60 ./Drivers/STM32F4xx_HAL_Driver/Src/stm32f4xx_hal.o
                0x08001b30                HAL_InitTick
 .text.HAL_IncTick
                0x08001b90       0x28 ./Drivers/STM32F4xx_HAL_Driver/Src/stm32f4xx_hal.o
                0x08001b90                HAL_IncTick
 .text.HAL_GetTick
                0x08001bb8       0x18 ./Drivers/STM32F4xx_HAL_Driver/Src/stm32f4xx_hal.o
                0x08001bb8                HAL_GetTick
 .text.HAL_ADC_Init
                0x08001bd0       0x86 ./Drivers/STM32F4xx_HAL_Driver/Src/stm32f4xx_hal_adc.o
                0x08001bd0                HAL_ADC_Init
 .text.HAL_ADC_IRQHandler
                0x08001c56      0x220 ./Drivers/STM32F4xx_HAL_Driver/Src/stm32f4xx_hal_adc.o
                0x08001c56                HAL_ADC_IRQHandler
 .text.HAL_ADC_ConvCpltCallback
                0x08001e76       0x14 ./Drivers/STM32F4xx_HAL_Driver/Src/stm32f4xx_hal_adc.o
                0x08001e76                HAL_ADC_ConvCpltCallback
 .text.HAL_ADC_LevelOutOfWindowCallback
                0x08001e8a       0x14 ./Drivers/STM32F4xx_HAL_Driver/Src/stm32f4xx_hal_adc.o
                0x08001e8a                HAL_ADC_LevelOutOfWindowCallback
 .text.HAL_ADC_ErrorCallback
                0x08001e9e       0x14 ./Drivers/STM32F4xx_HAL_Driver/Src/stm32f4xx_hal_adc.o
                0x08001e9e                HAL_ADC_ErrorCallback
 *fill*         0x08001eb2        0x2 
 .text.HAL_ADC_ConfigChannel
                0x08001eb4      0x244 ./Drivers/STM32F4xx_HAL_Driver/Src/stm32f4xx_hal_adc.o
                0x08001eb4                HAL_ADC_ConfigChannel
 .text.ADC_Init
                0x080020f8      0x1f8 ./Drivers/STM32F4xx_HAL_Driver/Src/stm32f4xx_hal_adc.o
 .text.HAL_ADCEx_InjectedConvCpltCallback
                0x080022f0       0x14 ./Drivers/STM32F4xx_HAL_Driver/Src/stm32f4xx_hal_adc_ex.o
                0x080022f0                HAL_ADCEx_InjectedConvCpltCallback
 .text.__NVIC_SetPriorityGrouping
                0x08002304       0x48 ./Drivers/STM32F4xx_HAL_Driver/Src/stm32f4xx_hal_cortex.o
 .text.__NVIC_GetPriorityGrouping
                0x0800234c       0x1c ./Drivers/STM32F4xx_HAL_Driver/Src/stm32f4xx_hal_cortex.o
 .text.__NVIC_EnableIRQ
                0x08002368       0x3c ./Drivers/STM32F4xx_HAL_Driver/Src/stm32f4xx_hal_cortex.o
 .text.__NVIC_SetPriority
                0x080023a4       0x54 ./Drivers/STM32F4xx_HAL_Driver/Src/stm32f4xx_hal_cortex.o
 .text.NVIC_EncodePriority
                0x080023f8       0x66 ./Drivers/STM32F4xx_HAL_Driver/Src/stm32f4xx_hal_cortex.o
 *fill*         0x0800245e        0x2 
 .text.SysTick_Config
                0x08002460       0x44 ./Drivers/STM32F4xx_HAL_Driver/Src/stm32f4xx_hal_cortex.o
 .text.HAL_NVIC_SetPriorityGrouping
                0x080024a4       0x16 ./Drivers/STM32F4xx_HAL_Driver/Src/stm32f4xx_hal_cortex.o
                0x080024a4                HAL_NVIC_SetPriorityGrouping
 .text.HAL_NVIC_SetPriority
                0x080024ba       0x38 ./Drivers/STM32F4xx_HAL_Driver/Src/stm32f4xx_hal_cortex.o
                0x080024ba                HAL_NVIC_SetPriority
 .text.HAL_NVIC_EnableIRQ
                0x080024f2       0x1c ./Drivers/STM32F4xx_HAL_Driver/Src/stm32f4xx_hal_cortex.o
                0x080024f2                HAL_NVIC_EnableIRQ
 .text.HAL_SYSTICK_Config
                0x0800250e       0x18 ./Drivers/STM32F4xx_HAL_Driver/Src/stm32f4xx_hal_cortex.o
                0x0800250e                HAL_SYSTICK_Config
 *fill*         0x08002526        0x2 
 .text.HAL_GPIO_Init
                0x08002528      0x338 ./Drivers/STM32F4xx_HAL_Driver/Src/stm32f4xx_hal_gpio.o
                0x08002528                HAL_GPIO_Init
 .text.HAL_GPIO_WritePin
                0x08002860       0x32 ./Drivers/STM32F4xx_HAL_Driver/Src/stm32f4xx_hal_gpio.o
                0x08002860                HAL_GPIO_WritePin
 .text.HAL_GPIO_TogglePin
                0x08002892       0x34 ./Drivers/STM32F4xx_HAL_Driver/Src/stm32f4xx_hal_gpio.o
                0x08002892                HAL_GPIO_TogglePin
 *fill*         0x080028c6        0x2 
 .text.HAL_GPIO_EXTI_IRQHandler
                0x080028c8       0x30 ./Drivers/STM32F4xx_HAL_Driver/Src/stm32f4xx_hal_gpio.o
                0x080028c8                HAL_GPIO_EXTI_IRQHandler
 .text.HAL_RCC_OscConfig
                0x080028f8      0x4f0 ./Drivers/STM32F4xx_HAL_Driver/Src/stm32f4xx_hal_rcc.o
                0x080028f8                HAL_RCC_OscConfig
 .text.HAL_RCC_ClockConfig
                0x08002de8      0x1cc ./Drivers/STM32F4xx_HAL_Driver/Src/stm32f4xx_hal_rcc.o
                0x08002de8                HAL_RCC_ClockConfig
 .text.HAL_RCC_GetSysClockFreq
                0x08002fb4      0x20c ./Drivers/STM32F4xx_HAL_Driver/Src/stm32f4xx_hal_rcc.o
                0x08002fb4                HAL_RCC_GetSysClockFreq
 .text.HAL_SPI_Init
                0x080031c0      0x112 ./Drivers/STM32F4xx_HAL_Driver/Src/stm32f4xx_hal_spi.o
                0x080031c0                HAL_SPI_Init
 .text.HAL_SPI_TransmitReceive
                0x080032d2      0x352 ./Drivers/STM32F4xx_HAL_Driver/Src/stm32f4xx_hal_spi.o
                0x080032d2                HAL_SPI_TransmitReceive
 .text.SPI_WaitFlagStateUntilTimeout
                0x08003624      0x110 ./Drivers/STM32F4xx_HAL_Driver/Src/stm32f4xx_hal_spi.o
 .text.SPI_EndRxTxTransaction
                0x08003734       0xa8 ./Drivers/STM32F4xx_HAL_Driver/Src/stm32f4xx_hal_spi.o
 .text.HAL_TIM_Base_Init
                0x080037dc       0x9e ./Drivers/STM32F4xx_HAL_Driver/Src/stm32f4xx_hal_tim.o
                0x080037dc                HAL_TIM_Base_Init
 *fill*         0x0800387a        0x2 
 .text.HAL_TIM_Base_Start_IT
                0x0800387c       0xe0 ./Drivers/STM32F4xx_HAL_Driver/Src/stm32f4xx_hal_tim.o
                0x0800387c                HAL_TIM_Base_Start_IT
 .text.HAL_TIM_PWM_Init
                0x0800395c       0x9e ./Drivers/STM32F4xx_HAL_Driver/Src/stm32f4xx_hal_tim.o
                0x0800395c                HAL_TIM_PWM_Init
 .text.HAL_TIM_PWM_MspInit
                0x080039fa       0x14 ./Drivers/STM32F4xx_HAL_Driver/Src/stm32f4xx_hal_tim.o
                0x080039fa                HAL_TIM_PWM_MspInit
 *fill*         0x08003a0e        0x2 
 .text.HAL_TIM_PWM_Start_IT
                0x08003a10      0x22c ./Drivers/STM32F4xx_HAL_Driver/Src/stm32f4xx_hal_tim.o
                0x08003a10                HAL_TIM_PWM_Start_IT
 .text.HAL_TIM_IC_Init
                0x08003c3c       0x9e ./Drivers/STM32F4xx_HAL_Driver/Src/stm32f4xx_hal_tim.o
                0x08003c3c                HAL_TIM_IC_Init
 *fill*         0x08003cda        0x2 
 .text.HAL_TIM_IC_Start_IT
                0x08003cdc      0x250 ./Drivers/STM32F4xx_HAL_Driver/Src/stm32f4xx_hal_tim.o
                0x08003cdc                HAL_TIM_IC_Start_IT
 .text.HAL_TIM_IRQHandler
                0x08003f2c      0x1e0 ./Drivers/STM32F4xx_HAL_Driver/Src/stm32f4xx_hal_tim.o
                0x08003f2c                HAL_TIM_IRQHandler
 .text.HAL_TIM_IC_ConfigChannel
                0x0800410c      0x138 ./Drivers/STM32F4xx_HAL_Driver/Src/stm32f4xx_hal_tim.o
                0x0800410c                HAL_TIM_IC_ConfigChannel
 .text.HAL_TIM_PWM_ConfigChannel
                0x08004244      0x184 ./Drivers/STM32F4xx_HAL_Driver/Src/stm32f4xx_hal_tim.o
                0x08004244                HAL_TIM_PWM_ConfigChannel
 .text.HAL_TIM_ConfigClockSource
                0x080043c8      0x18e ./Drivers/STM32F4xx_HAL_Driver/Src/stm32f4xx_hal_tim.o
                0x080043c8                HAL_TIM_ConfigClockSource
 *fill*         0x08004556        0x2 
 .text.HAL_TIM_ReadCapturedValue
                0x08004558       0x88 ./Drivers/STM32F4xx_HAL_Driver/Src/stm32f4xx_hal_tim.o
                0x08004558                HAL_TIM_ReadCapturedValue
 .text.HAL_TIM_OC_DelayElapsedCallback
                0x080045e0       0x14 ./Drivers/STM32F4xx_HAL_Driver/Src/stm32f4xx_hal_tim.o
                0x080045e0                HAL_TIM_OC_DelayElapsedCallback
 .text.HAL_TIM_TriggerCallback
                0x080045f4       0x14 ./Drivers/STM32F4xx_HAL_Driver/Src/stm32f4xx_hal_tim.o
                0x080045f4                HAL_TIM_TriggerCallback
 .text.TIM_Base_SetConfig
                0x08004608      0x158 ./Drivers/STM32F4xx_HAL_Driver/Src/stm32f4xx_hal_tim.o
                0x08004608                TIM_Base_SetConfig
 .text.TIM_OC1_SetConfig
                0x08004760       0xe0 ./Drivers/STM32F4xx_HAL_Driver/Src/stm32f4xx_hal_tim.o
 .text.TIM_OC2_SetConfig
                0x08004840       0xec ./Drivers/STM32F4xx_HAL_Driver/Src/stm32f4xx_hal_tim.o
                0x08004840                TIM_OC2_SetConfig
 .text.TIM_OC3_SetConfig
                0x0800492c       0xe8 ./Drivers/STM32F4xx_HAL_Driver/Src/stm32f4xx_hal_tim.o
 .text.TIM_OC4_SetConfig
                0x08004a14       0xac ./Drivers/STM32F4xx_HAL_Driver/Src/stm32f4xx_hal_tim.o
 .text.TIM_TI1_SetConfig
                0x08004ac0       0xe8 ./Drivers/STM32F4xx_HAL_Driver/Src/stm32f4xx_hal_tim.o
                0x08004ac0                TIM_TI1_SetConfig
 .text.TIM_TI1_ConfigInputStage
                0x08004ba8       0x5e ./Drivers/STM32F4xx_HAL_Driver/Src/stm32f4xx_hal_tim.o
 .text.TIM_TI2_SetConfig
                0x08004c06       0x7a ./Drivers/STM32F4xx_HAL_Driver/Src/stm32f4xx_hal_tim.o
 .text.TIM_TI2_ConfigInputStage
                0x08004c80       0x60 ./Drivers/STM32F4xx_HAL_Driver/Src/stm32f4xx_hal_tim.o
 .text.TIM_TI3_SetConfig
                0x08004ce0       0x78 ./Drivers/STM32F4xx_HAL_Driver/Src/stm32f4xx_hal_tim.o
 .text.TIM_TI4_SetConfig
                0x08004d58       0x7a ./Drivers/STM32F4xx_HAL_Driver/Src/stm32f4xx_hal_tim.o
 .text.TIM_ITRx_SetConfig
                0x08004dd2       0x36 ./Drivers/STM32F4xx_HAL_Driver/Src/stm32f4xx_hal_tim.o
 .text.TIM_ETR_SetConfig
                0x08004e08       0x40 ./Drivers/STM32F4xx_HAL_Driver/Src/stm32f4xx_hal_tim.o
                0x08004e08                TIM_ETR_SetConfig
 .text.TIM_CCxChannelCmd
                0x08004e48       0x4a ./Drivers/STM32F4xx_HAL_Driver/Src/stm32f4xx_hal_tim.o
                0x08004e48                TIM_CCxChannelCmd
 *fill*         0x08004e92        0x2 
 .text.HAL_TIMEx_MasterConfigSynchronization
                0x08004e94       0xf8 ./Drivers/STM32F4xx_HAL_Driver/Src/stm32f4xx_hal_tim_ex.o
                0x08004e94                HAL_TIMEx_MasterConfigSynchronization
 .text.HAL_TIMEx_CommutCallback
                0x08004f8c       0x14 ./Drivers/STM32F4xx_HAL_Driver/Src/stm32f4xx_hal_tim_ex.o
                0x08004f8c                HAL_TIMEx_CommutCallback
 .text.HAL_TIMEx_BreakCallback
                0x08004fa0       0x14 ./Drivers/STM32F4xx_HAL_Driver/Src/stm32f4xx_hal_tim_ex.o
                0x08004fa0                HAL_TIMEx_BreakCallback
 .text.BSP_RF_Init
                0x08004fb4       0x44 ./ExtSrc/bsp_rf.o
                0x08004fb4                BSP_RF_Init
 .text.BSP_RF_Listening
                0x08004ff8       0x44 ./ExtSrc/bsp_rf.o
                0x08004ff8                BSP_RF_Listening
 .text._BSP_RF_ReceiveMessage
                0x0800503c       0x24 ./ExtSrc/bsp_rf.o
                0x0800503c                _BSP_RF_ReceiveMessage
 .text.BSP_RF_IrqHandler
                0x08005060       0x2c ./ExtSrc/bsp_rf.o
                0x08005060                BSP_RF_IrqHandler
 .text.BSP_RF_ReadData
                0x0800508c       0x28 ./ExtSrc/bsp_rf.o
                0x0800508c                BSP_RF_ReadData
 .text.nRF24_ReadReg
                0x080050b4       0x34 ./ExtSrc/nrf24.o
 .text.nRF24_WriteReg
                0x080050e8       0x70 ./ExtSrc/nrf24.o
 .text.nRF24_ReadMBReg
                0x08005158       0x44 ./ExtSrc/nrf24.o
 .text.nRF24_WriteMBReg
                0x0800519c       0x42 ./ExtSrc/nrf24.o
 .text.nRF24_Init
                0x080051de      0x11e ./ExtSrc/nrf24.o
                0x080051de                nRF24_Init
 .text.nRF24_SetPowerMode
                0x080052fc       0x3e ./ExtSrc/nrf24.o
                0x080052fc                nRF24_SetPowerMode
 .text.nRF24_SetOperationalMode
                0x0800533a       0x42 ./ExtSrc/nrf24.o
                0x0800533a                nRF24_SetOperationalMode
 .text.nRF24_SetCRCScheme
                0x0800537c       0x42 ./ExtSrc/nrf24.o
                0x0800537c                nRF24_SetCRCScheme
 .text.nRF24_SetRFChannel
                0x080053be       0x1c ./ExtSrc/nrf24.o
                0x080053be                nRF24_SetRFChannel
 .text.nRF24_SetAddrWidth
                0x080053da       0x20 ./ExtSrc/nrf24.o
                0x080053da                nRF24_SetAddrWidth
 *fill*         0x080053fa        0x2 
 .text.nRF24_SetAddr
                0x080053fc       0x6c ./ExtSrc/nrf24.o
                0x080053fc                nRF24_SetAddr
 .text.nRF24_SetTXPower
                0x08005468       0x36 ./ExtSrc/nrf24.o
                0x08005468                nRF24_SetTXPower
 .text.nRF24_SetDataRate
                0x0800549e       0x36 ./ExtSrc/nrf24.o
                0x0800549e                nRF24_SetDataRate
 .text.nRF24_SetRXPipe
                0x080054d4       0x98 ./ExtSrc/nrf24.o
                0x080054d4                nRF24_SetRXPipe
 .text.nRF24_GetAddrWidth
                0x0800556c       0x14 ./ExtSrc/nrf24.o
                0x0800556c                nRF24_GetAddrWidth
 .text.nRF24_FlushTX
                0x08005580       0x10 ./ExtSrc/nrf24.o
                0x08005580                nRF24_FlushTX
 .text.nRF24_FlushRX
                0x08005590       0x10 ./ExtSrc/nrf24.o
                0x08005590                nRF24_FlushRX
 .text.nRF24_ClearIRQFlags
                0x080055a0       0x2a ./ExtSrc/nrf24.o
                0x080055a0                nRF24_ClearIRQFlags
 .text.nRF24_ReadPayload
                0x080055ca       0x60 ./ExtSrc/nrf24.o
                0x080055ca                nRF24_ReadPayload
 *fill*         0x0800562a        0x2 
 .text.nRF24_LL_RW
                0x0800562c       0x30 ./ExtSrc/nrf24_hal.o
                0x0800562c                nRF24_LL_RW
 .text.nRF24_CE_L
                0x0800565c       0x18 ./ExtSrc/nrf24_hal.o
                0x0800565c                nRF24_CE_L
 .text.nRF24_CE_H
                0x08005674       0x18 ./ExtSrc/nrf24_hal.o
                0x08005674                nRF24_CE_H
 .text.nRF24_CSN_L
                0x0800568c       0x18 ./ExtSrc/nrf24_hal.o
                0x0800568c                nRF24_CSN_L
 .text.nRF24_CSN_H
                0x080056a4       0x18 ./ExtSrc/nrf24_hal.o
                0x080056a4                nRF24_CSN_H
 .text.memset   0x080056bc       0x10 C:/ST/STM32CubeIDE_1.16.0/STM32CubeIDE/plugins/com.st.stm32cube.ide.mcu.externaltools.gnu-tools-for-stm32.12.3.rel1.win32_1.0.200.202406191623/tools/bin/../lib/gcc/arm-none-eabi/12.3.1/../../../../arm-none-eabi/lib/thumb/v7e-m+fp/hard\libc_nano.a(libc_a-memset.o)
                0x080056bc                memset
 .text.__libc_init_array
                0x080056cc       0x48 C:/ST/STM32CubeIDE_1.16.0/STM32CubeIDE/plugins/com.st.stm32cube.ide.mcu.externaltools.gnu-tools-for-stm32.12.3.rel1.win32_1.0.200.202406191623/tools/bin/../lib/gcc/arm-none-eabi/12.3.1/../../../../arm-none-eabi/lib/thumb/v7e-m+fp/hard\libc_nano.a(libc_a-init.o)
                0x080056cc                __libc_init_array
 *(.glue_7)
 .glue_7        0x08005714        0x0 linker stubs
 *(.glue_7t)
 .glue_7t       0x08005714        0x0 linker stubs
 *(.eh_frame)
 .eh_frame      0x08005714        0x0 C:/ST/STM32CubeIDE_1.16.0/STM32CubeIDE/plugins/com.st.stm32cube.ide.mcu.externaltools.gnu-tools-for-stm32.12.3.rel1.win32_1.0.200.202406191623/tools/bin/../lib/gcc/arm-none-eabi/12.3.1/thumb/v7e-m+fp/hard/crtbegin.o
 *(.init)
 .init          0x08005714        0x4 C:/ST/STM32CubeIDE_1.16.0/STM32CubeIDE/plugins/com.st.stm32cube.ide.mcu.externaltools.gnu-tools-for-stm32.12.3.rel1.win32_1.0.200.202406191623/tools/bin/../lib/gcc/arm-none-eabi/12.3.1/thumb/v7e-m+fp/hard/crti.o
                0x08005714                _init
 .init          0x08005718        0x8 C:/ST/STM32CubeIDE_1.16.0/STM32CubeIDE/plugins/com.st.stm32cube.ide.mcu.externaltools.gnu-tools-for-stm32.12.3.rel1.win32_1.0.200.202406191623/tools/bin/../lib/gcc/arm-none-eabi/12.3.1/thumb/v7e-m+fp/hard/crtn.o
 *(.fini)
 .fini          0x08005720        0x4 C:/ST/STM32CubeIDE_1.16.0/STM32CubeIDE/plugins/com.st.stm32cube.ide.mcu.externaltools.gnu-tools-for-stm32.12.3.rel1.win32_1.0.200.202406191623/tools/bin/../lib/gcc/arm-none-eabi/12.3.1/thumb/v7e-m+fp/hard/crti.o
                0x08005720                _fini
 .fini          0x08005724        0x8 C:/ST/STM32CubeIDE_1.16.0/STM32CubeIDE/plugins/com.st.stm32cube.ide.mcu.externaltools.gnu-tools-for-stm32.12.3.rel1.win32_1.0.200.202406191623/tools/bin/../lib/gcc/arm-none-eabi/12.3.1/thumb/v7e-m+fp/hard/crtn.o
                0x0800572c                        . = ALIGN (0x4)
                0x0800572c                        _etext = .

.vfp11_veneer   0x0800572c        0x0
 .vfp11_veneer  0x0800572c        0x0 linker stubs

.v4_bx          0x0800572c        0x0
 .v4_bx         0x0800572c        0x0 linker stubs

.iplt           0x0800572c        0x0
 .iplt          0x0800572c        0x0 C:/ST/STM32CubeIDE_1.16.0/STM32CubeIDE/plugins/com.st.stm32cube.ide.mcu.externaltools.gnu-tools-for-stm32.12.3.rel1.win32_1.0.200.202406191623/tools/bin/../lib/gcc/arm-none-eabi/12.3.1/thumb/v7e-m+fp/hard/crtbegin.o

.rodata         0x0800572c       0x1c
                0x0800572c                        . = ALIGN (0x4)
 *(.rodata)
 *(.rodata*)
 .rodata.AHBPrescTable
                0x0800572c       0x10 ./Core/Src/system_stm32f4xx.o
                0x0800572c                AHBPrescTable
 .rodata.nRF24_ADDR
                0x0800573c        0x3 ./ExtSrc/bsp_rf.o
 *fill*         0x0800573f        0x1 
 .rodata.nRF24_ADDR_REGS
                0x08005740        0x7 ./ExtSrc/nrf24.o
                0x08005748                        . = ALIGN (0x4)
 *fill*         0x08005747        0x1 

.ARM.extab      0x08005748        0x0
                0x08005748                        . = ALIGN (0x4)
 *(.ARM.extab* .gnu.linkonce.armextab.*)
                0x08005748                        . = ALIGN (0x4)

.ARM            0x08005748        0x8
                0x08005748                        . = ALIGN (0x4)
                0x08005748                        __exidx_start = .
 *(.ARM.exidx*)
 .ARM.exidx     0x08005748        0x8 C:/ST/STM32CubeIDE_1.16.0/STM32CubeIDE/plugins/com.st.stm32cube.ide.mcu.externaltools.gnu-tools-for-stm32.12.3.rel1.win32_1.0.200.202406191623/tools/bin/../lib/gcc/arm-none-eabi/12.3.1/thumb/v7e-m+fp/hard\libgcc.a(_udivmoddi4.o)
                0x08005750                        __exidx_end = .
                0x08005750                        . = ALIGN (0x4)

.preinit_array  0x08005750        0x0
                0x08005750                        . = ALIGN (0x4)
                0x08005750                        PROVIDE (__preinit_array_start = .)
 *(.preinit_array*)
                0x08005750                        PROVIDE (__preinit_array_end = .)
                0x08005750                        . = ALIGN (0x4)

.init_array     0x08005750        0x4
                0x08005750                        . = ALIGN (0x4)
                0x08005750                        PROVIDE (__init_array_start = .)
 *(SORT_BY_NAME(.init_array.*))
 *(.init_array*)
 .init_array    0x08005750        0x4 C:/ST/STM32CubeIDE_1.16.0/STM32CubeIDE/plugins/com.st.stm32cube.ide.mcu.externaltools.gnu-tools-for-stm32.12.3.rel1.win32_1.0.200.202406191623/tools/bin/../lib/gcc/arm-none-eabi/12.3.1/thumb/v7e-m+fp/hard/crtbegin.o
                0x08005754                        PROVIDE (__init_array_end = .)
                0x08005754                        . = ALIGN (0x4)

.fini_array     0x08005754        0x4
                0x08005754                        . = ALIGN (0x4)
                [!provide]                        PROVIDE (__fini_array_start = .)
 *(SORT_BY_NAME(.fini_array.*))
 *(.fini_array*)
 .fini_array    0x08005754        0x4 C:/ST/STM32CubeIDE_1.16.0/STM32CubeIDE/plugins/com.st.stm32cube.ide.mcu.externaltools.gnu-tools-for-stm32.12.3.rel1.win32_1.0.200.202406191623/tools/bin/../lib/gcc/arm-none-eabi/12.3.1/thumb/v7e-m+fp/hard/crtbegin.o
                [!provide]                        PROVIDE (__fini_array_end = .)
                0x08005758                        . = ALIGN (0x4)
                0x08005758                        _sidata = LOADADDR (.data)

.rel.dyn        0x08005758        0x0
 .rel.iplt      0x08005758        0x0 C:/ST/STM32CubeIDE_1.16.0/STM32CubeIDE/plugins/com.st.stm32cube.ide.mcu.externaltools.gnu-tools-for-stm32.12.3.rel1.win32_1.0.200.202406191623/tools/bin/../lib/gcc/arm-none-eabi/12.3.1/thumb/v7e-m+fp/hard/crtbegin.o

.data           0x20000000        0xc load address 0x08005758
                0x20000000                        . = ALIGN (0x4)
                0x20000000                        _sdata = .
 *(.data)
 *(.data*)
 .data.SystemCoreClock
                0x20000000        0x4 ./Core/Src/system_stm32f4xx.o
                0x20000000                SystemCoreClock
 .data.uwTickPrio
                0x20000004        0x4 ./Drivers/STM32F4xx_HAL_Driver/Src/stm32f4xx_hal.o
                0x20000004                uwTickPrio
 .data.uwTickFreq
                0x20000008        0x1 ./Drivers/STM32F4xx_HAL_Driver/Src/stm32f4xx_hal.o
                0x20000008                uwTickFreq
 *(.RamFunc)
 *(.RamFunc*)
                0x2000000c                        . = ALIGN (0x4)
 *fill*         0x20000009        0x3 
                0x2000000c                        _edata = .
                0x08005764                        _siccmram = LOADADDR (.ccmram)

.igot.plt       0x2000000c        0x0 load address 0x08005764
 .igot.plt      0x2000000c        0x0 C:/ST/STM32CubeIDE_1.16.0/STM32CubeIDE/plugins/com.st.stm32cube.ide.mcu.externaltools.gnu-tools-for-stm32.12.3.rel1.win32_1.0.200.202406191623/tools/bin/../lib/gcc/arm-none-eabi/12.3.1/thumb/v7e-m+fp/hard/crtbegin.o

.ccmram         0x10000000        0x0 load address 0x08005764
                0x10000000                        . = ALIGN (0x4)
                0x10000000                        _sccmram = .
 *(.ccmram)
 *(.ccmram*)
                0x10000000                        . = ALIGN (0x4)
                0x10000000                        _eccmram = .
                0x10000000                        . = ALIGN (0x4)

.bss            0x2000000c      0x1cc
                0x2000000c                        _sbss = .
                0x2000000c                        __bss_start__ = _sbss
 *(.bss)
 .bss           0x2000000c       0x1c C:/ST/STM32CubeIDE_1.16.0/STM32CubeIDE/plugins/com.st.stm32cube.ide.mcu.externaltools.gnu-tools-for-stm32.12.3.rel1.win32_1.0.200.202406191623/tools/bin/../lib/gcc/arm-none-eabi/12.3.1/thumb/v7e-m+fp/hard/crtbegin.o
 *(.bss*)
 .bss.hadc1     0x20000028       0x48 ./Core/Src/adc.o
                0x20000028                hadc1
 .bss.distance  0x20000070        0x1 ./Core/Src/bsp_hcsr04.o
 .bss.Is_First_Captured.3
                0x20000071        0x1 ./Core/Src/bsp_hcsr04.o
 *fill*         0x20000072        0x2 
 .bss.IC_Val1.2
                0x20000074        0x4 ./Core/Src/bsp_hcsr04.o
 .bss.IC_Val2.1
                0x20000078        0x4 ./Core/Src/bsp_hcsr04.o
 .bss.Difference.0
                0x2000007c        0x4 ./Core/Src/bsp_hcsr04.o
 .bss.toHandleInterrupts
                0x20000080        0x4 ./Core/Src/main.o
                0x20000080                toHandleInterrupts
 .bss.duty_cycle
                0x20000084        0x4 ./Core/Src/main.o
                0x20000084                duty_cycle
 .bss.rx_data   0x20000088        0x8 ./Core/Src/main.o
                0x20000088                rx_data
 .bss.hspi1     0x20000090       0x58 ./Core/Src/spi.o
                0x20000090                hspi1
 .bss.htim1     0x200000e8       0x48 ./Core/Src/tim.o
                0x200000e8                htim1
 .bss.htim2     0x20000130       0x48 ./Core/Src/tim.o
                0x20000130                htim2
 .bss.htim3     0x20000178       0x48 ./Core/Src/tim.o
                0x20000178                htim3
 .bss.app_data  0x200001c0        0x1 ./Core/app/app.o
 *fill*         0x200001c1        0x3 
 .bss.uwTick    0x200001c4        0x4 ./Drivers/STM32F4xx_HAL_Driver/Src/stm32f4xx_hal.o
                0x200001c4                uwTick
 .bss.params    0x200001c8        0x4 ./ExtSrc/bsp_rf.o
 .bss.mode      0x200001cc        0x1 ./ExtSrc/bsp_rf.o
 *fill*         0x200001cd        0x3 
 .bss.rx_data   0x200001d0        0x8 ./ExtSrc/bsp_rf.o
 *(COMMON)
                0x200001d8                        . = ALIGN (0x4)
                0x200001d8                        _ebss = .
                0x200001d8                        __bss_end__ = _ebss

._user_heap_stack
                0x200001d8      0x600
                0x200001d8                        . = ALIGN (0x8)
                [!provide]                        PROVIDE (end = .)
                0x200001d8                        PROVIDE (_end = .)
                0x200003d8                        . = (. + _Min_Heap_Size)
 *fill*         0x200001d8      0x200 
                0x200007d8                        . = (. + _Min_Stack_Size)
 *fill*         0x200003d8      0x400 
                0x200007d8                        . = ALIGN (0x8)

/DISCARD/
 libc.a(*)
 libm.a(*)
 libgcc.a(*)

.ARM.attributes
                0x00000000       0x30
 *(.ARM.attributes)
 .ARM.attributes
                0x00000000       0x22 C:/ST/STM32CubeIDE_1.16.0/STM32CubeIDE/plugins/com.st.stm32cube.ide.mcu.externaltools.gnu-tools-for-stm32.12.3.rel1.win32_1.0.200.202406191623/tools/bin/../lib/gcc/arm-none-eabi/12.3.1/thumb/v7e-m+fp/hard/crti.o
 .ARM.attributes
                0x00000022       0x34 C:/ST/STM32CubeIDE_1.16.0/STM32CubeIDE/plugins/com.st.stm32cube.ide.mcu.externaltools.gnu-tools-for-stm32.12.3.rel1.win32_1.0.200.202406191623/tools/bin/../lib/gcc/arm-none-eabi/12.3.1/thumb/v7e-m+fp/hard/crtbegin.o
 .ARM.attributes
                0x00000056       0x34 ./Core/Src/adc.o
 .ARM.attributes
                0x0000008a       0x34 ./Core/Src/bsp_hcsr04.o
 .ARM.attributes
                0x000000be       0x34 ./Core/Src/bsp_relay.o
 .ARM.attributes
                0x000000f2       0x34 ./Core/Src/gpio.o
 .ARM.attributes
                0x00000126       0x34 ./Core/Src/main.o
 .ARM.attributes
                0x0000015a       0x34 ./Core/Src/spi.o
 .ARM.attributes
                0x0000018e       0x34 ./Core/Src/stm32f4xx_hal_msp.o
 .ARM.attributes
                0x000001c2       0x34 ./Core/Src/stm32f4xx_it.o
 .ARM.attributes
                0x000001f6       0x34 ./Core/Src/system_stm32f4xx.o
 .ARM.attributes
                0x0000022a       0x34 ./Core/Src/tim.o
 .ARM.attributes
                0x0000025e       0x21 ./Core/Startup/startup_stm32f407vgtx.o
 .ARM.attributes
                0x0000027f       0x34 ./Core/app/app.o
 .ARM.attributes
                0x000002b3       0x34 ./Drivers/STM32F4xx_HAL_Driver/Src/stm32f4xx_hal.o
 .ARM.attributes
                0x000002e7       0x34 ./Drivers/STM32F4xx_HAL_Driver/Src/stm32f4xx_hal_adc.o
 .ARM.attributes
                0x0000031b       0x34 ./Drivers/STM32F4xx_HAL_Driver/Src/stm32f4xx_hal_adc_ex.o
 .ARM.attributes
                0x0000034f       0x34 ./Drivers/STM32F4xx_HAL_Driver/Src/stm32f4xx_hal_cortex.o
 .ARM.attributes
                0x00000383       0x34 ./Drivers/STM32F4xx_HAL_Driver/Src/stm32f4xx_hal_gpio.o
 .ARM.attributes
                0x000003b7       0x34 ./Drivers/STM32F4xx_HAL_Driver/Src/stm32f4xx_hal_rcc.o
 .ARM.attributes
                0x000003eb       0x34 ./Drivers/STM32F4xx_HAL_Driver/Src/stm32f4xx_hal_spi.o
 .ARM.attributes
                0x0000041f       0x34 ./Drivers/STM32F4xx_HAL_Driver/Src/stm32f4xx_hal_tim.o
 .ARM.attributes
                0x00000453       0x34 ./Drivers/STM32F4xx_HAL_Driver/Src/stm32f4xx_hal_tim_ex.o
 .ARM.attributes
                0x00000487       0x34 ./ExtSrc/bsp_rf.o
 .ARM.attributes
                0x000004bb       0x34 ./ExtSrc/nrf24.o
 .ARM.attributes
                0x000004ef       0x34 ./ExtSrc/nrf24_hal.o
 .ARM.attributes
                0x00000523       0x34 C:/ST/STM32CubeIDE_1.16.0/STM32CubeIDE/plugins/com.st.stm32cube.ide.mcu.externaltools.gnu-tools-for-stm32.12.3.rel1.win32_1.0.200.202406191623/tools/bin/../lib/gcc/arm-none-eabi/12.3.1/../../../../arm-none-eabi/lib/thumb/v7e-m+fp/hard\libc_nano.a(libc_a-memset.o)
 .ARM.attributes
                0x00000557       0x34 C:/ST/STM32CubeIDE_1.16.0/STM32CubeIDE/plugins/com.st.stm32cube.ide.mcu.externaltools.gnu-tools-for-stm32.12.3.rel1.win32_1.0.200.202406191623/tools/bin/../lib/gcc/arm-none-eabi/12.3.1/../../../../arm-none-eabi/lib/thumb/v7e-m+fp/hard\libc_nano.a(libc_a-init.o)
 .ARM.attributes
                0x0000058b       0x22 C:/ST/STM32CubeIDE_1.16.0/STM32CubeIDE/plugins/com.st.stm32cube.ide.mcu.externaltools.gnu-tools-for-stm32.12.3.rel1.win32_1.0.200.202406191623/tools/bin/../lib/gcc/arm-none-eabi/12.3.1/thumb/v7e-m+fp/hard\libgcc.a(_arm_addsubdf3.o)
 .ARM.attributes
                0x000005ad       0x22 C:/ST/STM32CubeIDE_1.16.0/STM32CubeIDE/plugins/com.st.stm32cube.ide.mcu.externaltools.gnu-tools-for-stm32.12.3.rel1.win32_1.0.200.202406191623/tools/bin/../lib/gcc/arm-none-eabi/12.3.1/thumb/v7e-m+fp/hard\libgcc.a(_arm_muldivdf3.o)
 .ARM.attributes
                0x000005cf       0x22 C:/ST/STM32CubeIDE_1.16.0/STM32CubeIDE/plugins/com.st.stm32cube.ide.mcu.externaltools.gnu-tools-for-stm32.12.3.rel1.win32_1.0.200.202406191623/tools/bin/../lib/gcc/arm-none-eabi/12.3.1/thumb/v7e-m+fp/hard\libgcc.a(_arm_fixunsdfsi.o)
 .ARM.attributes
                0x000005f1       0x22 C:/ST/STM32CubeIDE_1.16.0/STM32CubeIDE/plugins/com.st.stm32cube.ide.mcu.externaltools.gnu-tools-for-stm32.12.3.rel1.win32_1.0.200.202406191623/tools/bin/../lib/gcc/arm-none-eabi/12.3.1/thumb/v7e-m+fp/hard\libgcc.a(_aeabi_uldivmod.o)
 .ARM.attributes
                0x00000613       0x34 C:/ST/STM32CubeIDE_1.16.0/STM32CubeIDE/plugins/com.st.stm32cube.ide.mcu.externaltools.gnu-tools-for-stm32.12.3.rel1.win32_1.0.200.202406191623/tools/bin/../lib/gcc/arm-none-eabi/12.3.1/thumb/v7e-m+fp/hard\libgcc.a(_udivmoddi4.o)
 .ARM.attributes
                0x00000647       0x22 C:/ST/STM32CubeIDE_1.16.0/STM32CubeIDE/plugins/com.st.stm32cube.ide.mcu.externaltools.gnu-tools-for-stm32.12.3.rel1.win32_1.0.200.202406191623/tools/bin/../lib/gcc/arm-none-eabi/12.3.1/thumb/v7e-m+fp/hard\libgcc.a(_dvmd_tls.o)
 .ARM.attributes
                0x00000669       0x22 C:/ST/STM32CubeIDE_1.16.0/STM32CubeIDE/plugins/com.st.stm32cube.ide.mcu.externaltools.gnu-tools-for-stm32.12.3.rel1.win32_1.0.200.202406191623/tools/bin/../lib/gcc/arm-none-eabi/12.3.1/thumb/v7e-m+fp/hard/crtn.o
OUTPUT(SSE-Disc.elf elf32-littlearm)
LOAD linker stubs
LOAD C:/ST/STM32CubeIDE_1.16.0/STM32CubeIDE/plugins/com.st.stm32cube.ide.mcu.externaltools.gnu-tools-for-stm32.12.3.rel1.win32_1.0.200.202406191623/tools/bin/../lib/gcc/arm-none-eabi/12.3.1/../../../../arm-none-eabi/lib/thumb/v7e-m+fp/hard\libc.a
LOAD C:/ST/STM32CubeIDE_1.16.0/STM32CubeIDE/plugins/com.st.stm32cube.ide.mcu.externaltools.gnu-tools-for-stm32.12.3.rel1.win32_1.0.200.202406191623/tools/bin/../lib/gcc/arm-none-eabi/12.3.1/../../../../arm-none-eabi/lib/thumb/v7e-m+fp/hard\libm.a
LOAD C:/ST/STM32CubeIDE_1.16.0/STM32CubeIDE/plugins/com.st.stm32cube.ide.mcu.externaltools.gnu-tools-for-stm32.12.3.rel1.win32_1.0.200.202406191623/tools/bin/../lib/gcc/arm-none-eabi/12.3.1/thumb/v7e-m+fp/hard\libgcc.a

.debug_info     0x00000000     0xff40
 .debug_info    0x00000000      0xc24 ./Core/Src/adc.o
 .debug_info    0x00000c24      0x95f ./Core/Src/bsp_hcsr04.o
 .debug_info    0x00001583      0x1b6 ./Core/Src/bsp_relay.o
 .debug_info    0x00001739      0x669 ./Core/Src/gpio.o
 .debug_info    0x00001da2      0xe36 ./Core/Src/main.o
 .debug_info    0x00002bd8      0x954 ./Core/Src/spi.o
 .debug_info    0x0000352c      0x283 ./Core/Src/stm32f4xx_hal_msp.o
 .debug_info    0x000037af      0x9e7 ./Core/Src/stm32f4xx_it.o
 .debug_info    0x00004196      0x512 ./Core/Src/system_stm32f4xx.o
 .debug_info    0x000046a8     0x1044 ./Core/Src/tim.o
 .debug_info    0x000056ec       0x30 ./Core/Startup/startup_stm32f407vgtx.o
 .debug_info    0x0000571c      0x139 ./Core/app/app.o
 .debug_info    0x00005855      0x944 ./Drivers/STM32F4xx_HAL_Driver/Src/stm32f4xx_hal.o
 .debug_info    0x00006199      0xcd4 ./Drivers/STM32F4xx_HAL_Driver/Src/stm32f4xx_hal_adc.o
 .debug_info    0x00006e6d      0xb59 ./Drivers/STM32F4xx_HAL_Driver/Src/stm32f4xx_hal_adc_ex.o
 .debug_info    0x000079c6      0xd8c ./Drivers/STM32F4xx_HAL_Driver/Src/stm32f4xx_hal_cortex.o
 .debug_info    0x00008752      0x6c3 ./Drivers/STM32F4xx_HAL_Driver/Src/stm32f4xx_hal_gpio.o
 .debug_info    0x00008e15      0x8af ./Drivers/STM32F4xx_HAL_Driver/Src/stm32f4xx_hal_rcc.o
 .debug_info    0x000096c4     0x1525 ./Drivers/STM32F4xx_HAL_Driver/Src/stm32f4xx_hal_spi.o
 .debug_info    0x0000abe9     0x299d ./Drivers/STM32F4xx_HAL_Driver/Src/stm32f4xx_hal_tim.o
 .debug_info    0x0000d586     0x14db ./Drivers/STM32F4xx_HAL_Driver/Src/stm32f4xx_hal_tim_ex.o
 .debug_info    0x0000ea61      0x5aa ./ExtSrc/bsp_rf.o
 .debug_info    0x0000f00b      0x7d4 ./ExtSrc/nrf24.o
 .debug_info    0x0000f7df      0x761 ./ExtSrc/nrf24_hal.o

.debug_abbrev   0x00000000     0x2e2d
 .debug_abbrev  0x00000000      0x212 ./Core/Src/adc.o
 .debug_abbrev  0x00000212      0x20e ./Core/Src/bsp_hcsr04.o
 .debug_abbrev  0x00000420       0xf2 ./Core/Src/bsp_relay.o
 .debug_abbrev  0x00000512      0x174 ./Core/Src/gpio.o
 .debug_abbrev  0x00000686      0x2b7 ./Core/Src/main.o
 .debug_abbrev  0x0000093d      0x1fa ./Core/Src/spi.o
 .debug_abbrev  0x00000b37       0xf4 ./Core/Src/stm32f4xx_hal_msp.o
 .debug_abbrev  0x00000c2b      0x1d5 ./Core/Src/stm32f4xx_it.o
 .debug_abbrev  0x00000e00      0x11a ./Core/Src/system_stm32f4xx.o
 .debug_abbrev  0x00000f1a      0x26d ./Core/Src/tim.o
 .debug_abbrev  0x00001187       0x24 ./Core/Startup/startup_stm32f407vgtx.o
 .debug_abbrev  0x000011ab       0xd7 ./Core/app/app.o
 .debug_abbrev  0x00001282      0x214 ./Drivers/STM32F4xx_HAL_Driver/Src/stm32f4xx_hal.o
 .debug_abbrev  0x00001496      0x252 ./Drivers/STM32F4xx_HAL_Driver/Src/stm32f4xx_hal_adc.o
 .debug_abbrev  0x000016e8      0x270 ./Drivers/STM32F4xx_HAL_Driver/Src/stm32f4xx_hal_adc_ex.o
 .debug_abbrev  0x00001958      0x31d ./Drivers/STM32F4xx_HAL_Driver/Src/stm32f4xx_hal_cortex.o
 .debug_abbrev  0x00001c75      0x1d4 ./Drivers/STM32F4xx_HAL_Driver/Src/stm32f4xx_hal_gpio.o
 .debug_abbrev  0x00001e49      0x2b7 ./Drivers/STM32F4xx_HAL_Driver/Src/stm32f4xx_hal_rcc.o
 .debug_abbrev  0x00002100      0x27a ./Drivers/STM32F4xx_HAL_Driver/Src/stm32f4xx_hal_spi.o
 .debug_abbrev  0x0000237a      0x278 ./Drivers/STM32F4xx_HAL_Driver/Src/stm32f4xx_hal_tim.o
 .debug_abbrev  0x000025f2      0x283 ./Drivers/STM32F4xx_HAL_Driver/Src/stm32f4xx_hal_tim_ex.o
 .debug_abbrev  0x00002875      0x1da ./ExtSrc/bsp_rf.o
 .debug_abbrev  0x00002a4f      0x220 ./ExtSrc/nrf24.o
 .debug_abbrev  0x00002c6f      0x1be ./ExtSrc/nrf24_hal.o

.debug_aranges  0x00000000      0xfe0
 .debug_aranges
                0x00000000       0x30 ./Core/Src/adc.o
 .debug_aranges
                0x00000030       0x48 ./Core/Src/bsp_hcsr04.o
 .debug_aranges
                0x00000078       0x28 ./Core/Src/bsp_relay.o
 .debug_aranges
                0x000000a0       0x20 ./Core/Src/gpio.o
 .debug_aranges
                0x000000c0       0x48 ./Core/Src/main.o
 .debug_aranges
                0x00000108       0x30 ./Core/Src/spi.o
 .debug_aranges
                0x00000138       0x20 ./Core/Src/stm32f4xx_hal_msp.o
 .debug_aranges
                0x00000158       0x88 ./Core/Src/stm32f4xx_it.o
 .debug_aranges
                0x000001e0       0x28 ./Core/Src/system_stm32f4xx.o
 .debug_aranges
                0x00000208       0x58 ./Core/Src/tim.o
 .debug_aranges
                0x00000260       0x28 ./Core/Startup/startup_stm32f407vgtx.o
 .debug_aranges
                0x00000288       0x20 ./Core/app/app.o
 .debug_aranges
                0x000002a8       0xf0 ./Drivers/STM32F4xx_HAL_Driver/Src/stm32f4xx_hal.o
 .debug_aranges
                0x00000398       0xe8 ./Drivers/STM32F4xx_HAL_Driver/Src/stm32f4xx_hal_adc.o
 .debug_aranges
                0x00000480       0x90 ./Drivers/STM32F4xx_HAL_Driver/Src/stm32f4xx_hal_adc_ex.o
 .debug_aranges
                0x00000510      0x130 ./Drivers/STM32F4xx_HAL_Driver/Src/stm32f4xx_hal_cortex.o
 .debug_aranges
                0x00000640       0x58 ./Drivers/STM32F4xx_HAL_Driver/Src/stm32f4xx_hal_gpio.o
 .debug_aranges
                0x00000698       0x88 ./Drivers/STM32F4xx_HAL_Driver/Src/stm32f4xx_hal_rcc.o
 .debug_aranges
                0x00000720      0x1d0 ./Drivers/STM32F4xx_HAL_Driver/Src/stm32f4xx_hal_spi.o
 .debug_aranges
                0x000008f0      0x3d0 ./Drivers/STM32F4xx_HAL_Driver/Src/stm32f4xx_hal_tim.o
 .debug_aranges
                0x00000cc0      0x168 ./Drivers/STM32F4xx_HAL_Driver/Src/stm32f4xx_hal_tim_ex.o
 .debug_aranges
                0x00000e28       0x58 ./ExtSrc/bsp_rf.o
 .debug_aranges
                0x00000e80      0x120 ./ExtSrc/nrf24.o
 .debug_aranges
                0x00000fa0       0x40 ./ExtSrc/nrf24_hal.o

.debug_rnglists
                0x00000000      0xc15
 .debug_rnglists
                0x00000000       0x21 ./Core/Src/adc.o
 .debug_rnglists
                0x00000021       0x33 ./Core/Src/bsp_hcsr04.o
 .debug_rnglists
                0x00000054       0x19 ./Core/Src/bsp_relay.o
 .debug_rnglists
                0x0000006d       0x14 ./Core/Src/gpio.o
 .debug_rnglists
                0x00000081       0x33 ./Core/Src/main.o
 .debug_rnglists
                0x000000b4       0x20 ./Core/Src/spi.o
 .debug_rnglists
                0x000000d4       0x13 ./Core/Src/stm32f4xx_hal_msp.o
 .debug_rnglists
                0x000000e7       0x61 ./Core/Src/stm32f4xx_it.o
 .debug_rnglists
                0x00000148       0x1a ./Core/Src/system_stm32f4xx.o
 .debug_rnglists
                0x00000162       0x42 ./Core/Src/tim.o
 .debug_rnglists
                0x000001a4       0x19 ./Core/Startup/startup_stm32f407vgtx.o
 .debug_rnglists
                0x000001bd       0x13 ./Core/app/app.o
 .debug_rnglists
                0x000001d0       0xaf ./Drivers/STM32F4xx_HAL_Driver/Src/stm32f4xx_hal.o
 .debug_rnglists
                0x0000027f       0xb5 ./Drivers/STM32F4xx_HAL_Driver/Src/stm32f4xx_hal_adc.o
 .debug_rnglists
                0x00000334       0x71 ./Drivers/STM32F4xx_HAL_Driver/Src/stm32f4xx_hal_adc_ex.o
 .debug_rnglists
                0x000003a5       0xe0 ./Drivers/STM32F4xx_HAL_Driver/Src/stm32f4xx_hal_cortex.o
 .debug_rnglists
                0x00000485       0x3f ./Drivers/STM32F4xx_HAL_Driver/Src/stm32f4xx_hal_gpio.o
 .debug_rnglists
                0x000004c4       0x66 ./Drivers/STM32F4xx_HAL_Driver/Src/stm32f4xx_hal_rcc.o
 .debug_rnglists
                0x0000052a      0x16f ./Drivers/STM32F4xx_HAL_Driver/Src/stm32f4xx_hal_spi.o
 .debug_rnglists
                0x00000699      0x31a ./Drivers/STM32F4xx_HAL_Driver/Src/stm32f4xx_hal_tim.o
 .debug_rnglists
                0x000009b3      0x125 ./Drivers/STM32F4xx_HAL_Driver/Src/stm32f4xx_hal_tim_ex.o
 .debug_rnglists
                0x00000ad8       0x3d ./ExtSrc/bsp_rf.o
 .debug_rnglists
                0x00000b15       0xd5 ./ExtSrc/nrf24.o
 .debug_rnglists
                0x00000bea       0x2b ./ExtSrc/nrf24_hal.o

.debug_macro    0x00000000    0x24761
 .debug_macro   0x00000000      0x35f ./Core/Src/adc.o
 .debug_macro   0x0000035f      0xab4 ./Core/Src/adc.o
 .debug_macro   0x00000e13      0x2a1 ./Core/Src/adc.o
 .debug_macro   0x000010b4       0x2e ./Core/Src/adc.o
 .debug_macro   0x000010e2       0x2f ./Core/Src/adc.o
 .debug_macro   0x00001111       0x22 ./Core/Src/adc.o
 .debug_macro   0x00001133       0x8e ./Core/Src/adc.o
 .debug_macro   0x000011c1       0x51 ./Core/Src/adc.o
 .debug_macro   0x00001212      0x103 ./Core/Src/adc.o
 .debug_macro   0x00001315       0x6a ./Core/Src/adc.o
 .debug_macro   0x0000137f      0x1df ./Core/Src/adc.o
 .debug_macro   0x0000155e       0x1c ./Core/Src/adc.o
 .debug_macro   0x0000157a       0x22 ./Core/Src/adc.o
 .debug_macro   0x0000159c       0xfb ./Core/Src/adc.o
 .debug_macro   0x00001697     0x1011 ./Core/Src/adc.o
 .debug_macro   0x000026a8      0x11f ./Core/Src/adc.o
 .debug_macro   0x000027c7    0x15e97 ./Core/Src/adc.o
 .debug_macro   0x0001865e       0x6d ./Core/Src/adc.o
 .debug_macro   0x000186cb     0x369a ./Core/Src/adc.o
 .debug_macro   0x0001bd65      0x189 ./Core/Src/adc.o
 .debug_macro   0x0001beee       0x5c ./Core/Src/adc.o
 .debug_macro   0x0001bf4a      0x980 ./Core/Src/adc.o
 .debug_macro   0x0001c8ca      0x9e9 ./Core/Src/adc.o
 .debug_macro   0x0001d2b3      0x115 ./Core/Src/adc.o
 .debug_macro   0x0001d3c8      0x13e ./Core/Src/adc.o
 .debug_macro   0x0001d506       0xa5 ./Core/Src/adc.o
 .debug_macro   0x0001d5ab      0x174 ./Core/Src/adc.o
 .debug_macro   0x0001d71f      0x287 ./Core/Src/adc.o
 .debug_macro   0x0001d9a6       0x5f ./Core/Src/adc.o
 .debug_macro   0x0001da05      0x236 ./Core/Src/adc.o
 .debug_macro   0x0001dc3b      0xb5b ./Core/Src/adc.o
 .debug_macro   0x0001e796      0x38b ./Core/Src/adc.o
 .debug_macro   0x0001eb21      0x176 ./Core/Src/adc.o
 .debug_macro   0x0001ec97       0xf9 ./Core/Src/adc.o
 .debug_macro   0x0001ed90      0x12c ./Core/Src/adc.o
 .debug_macro   0x0001eebc      0x21e ./Core/Src/adc.o
 .debug_macro   0x0001f0da       0x2e ./Core/Src/adc.o
 .debug_macro   0x0001f108      0x127 ./Core/Src/adc.o
 .debug_macro   0x0001f22f       0x7e ./Core/Src/adc.o
 .debug_macro   0x0001f2ad       0x89 ./Core/Src/adc.o
 .debug_macro   0x0001f336      0x225 ./Core/Src/adc.o
 .debug_macro   0x0001f55b      0x8ed ./Core/Src/adc.o
 .debug_macro   0x0001fe48       0x4d ./Core/Src/adc.o
 .debug_macro   0x0001fe95      0x12d ./Core/Src/adc.o
 .debug_macro   0x0001ffc2       0xd6 ./Core/Src/adc.o
 .debug_macro   0x00020098       0x10 ./Core/Src/adc.o
 .debug_macro   0x000200a8      0x154 ./Core/Src/adc.o
 .debug_macro   0x000201fc       0x3a ./Core/Src/adc.o
 .debug_macro   0x00020236       0x22 ./Core/Src/adc.o
 .debug_macro   0x00020258       0x61 ./Core/Src/adc.o
 .debug_macro   0x000202b9       0x2a ./Core/Src/adc.o
 .debug_macro   0x000202e3       0x43 ./Core/Src/adc.o
 .debug_macro   0x00020326       0x34 ./Core/Src/adc.o
 .debug_macro   0x0002035a       0x16 ./Core/Src/adc.o
 .debug_macro   0x00020370       0x43 ./Core/Src/adc.o
 .debug_macro   0x000203b3       0x34 ./Core/Src/adc.o
 .debug_macro   0x000203e7       0x10 ./Core/Src/adc.o
 .debug_macro   0x000203f7       0x58 ./Core/Src/adc.o
 .debug_macro   0x0002044f       0x8e ./Core/Src/adc.o
 .debug_macro   0x000204dd       0x1c ./Core/Src/adc.o
 .debug_macro   0x000204f9      0x177 ./Core/Src/adc.o
 .debug_macro   0x00020670      0x369 ./Core/Src/adc.o
 .debug_macro   0x000209d9       0x10 ./Core/Src/adc.o
 .debug_macro   0x000209e9       0x35 ./Core/Src/adc.o
 .debug_macro   0x00020a1e       0x20 ./Core/Src/adc.o
 .debug_macro   0x00020a3e       0x3a ./Core/Src/adc.o
 .debug_macro   0x00020a78       0x8e ./Core/Src/adc.o
 .debug_macro   0x00020b06      0x21b ./Core/Src/bsp_hcsr04.o
 .debug_macro   0x00020d21       0xd0 ./Core/Src/bsp_hcsr04.o
 .debug_macro   0x00020df1      0x363 ./Core/Src/bsp_relay.o
 .debug_macro   0x00021154      0x35f ./Core/Src/gpio.o
 .debug_macro   0x000214b3      0x38a ./Core/Src/main.o
 .debug_macro   0x0002183d      0x355 ./Core/Src/spi.o
 .debug_macro   0x00021b92      0x355 ./Core/Src/stm32f4xx_hal_msp.o
 .debug_macro   0x00021ee7      0x35f ./Core/Src/stm32f4xx_it.o
 .debug_macro   0x00022246      0x1f6 ./Core/Src/system_stm32f4xx.o
 .debug_macro   0x0002243c      0x35f ./Core/Src/tim.o
 .debug_macro   0x0002279b      0x380 ./Core/app/app.o
 .debug_macro   0x00022b1b      0x256 ./Drivers/STM32F4xx_HAL_Driver/Src/stm32f4xx_hal.o
 .debug_macro   0x00022d71      0x1f7 ./Drivers/STM32F4xx_HAL_Driver/Src/stm32f4xx_hal_adc.o
 .debug_macro   0x00022f68      0x1f6 ./Drivers/STM32F4xx_HAL_Driver/Src/stm32f4xx_hal_adc_ex.o
 .debug_macro   0x0002315e      0x1f6 ./Drivers/STM32F4xx_HAL_Driver/Src/stm32f4xx_hal_cortex.o
 .debug_macro   0x00023354      0x1fc ./Drivers/STM32F4xx_HAL_Driver/Src/stm32f4xx_hal_gpio.o
 .debug_macro   0x00023550      0x21a ./Drivers/STM32F4xx_HAL_Driver/Src/stm32f4xx_hal_rcc.o
 .debug_macro   0x0002376a      0x205 ./Drivers/STM32F4xx_HAL_Driver/Src/stm32f4xx_hal_spi.o
 .debug_macro   0x0002396f      0x1f7 ./Drivers/STM32F4xx_HAL_Driver/Src/stm32f4xx_hal_tim.o
 .debug_macro   0x00023b66      0x1f6 ./Drivers/STM32F4xx_HAL_Driver/Src/stm32f4xx_hal_tim_ex.o
 .debug_macro   0x00023d5c      0x355 ./ExtSrc/bsp_rf.o
 .debug_macro   0x000240b1      0x35b ./ExtSrc/nrf24.o
 .debug_macro   0x0002440c      0x355 ./ExtSrc/nrf24_hal.o

.debug_line     0x00000000    0x1583f
 .debug_line    0x00000000      0xa46 ./Core/Src/adc.o
 .debug_line    0x00000a46      0x8b8 ./Core/Src/bsp_hcsr04.o
 .debug_line    0x000012fe      0x9e6 ./Core/Src/bsp_relay.o
 .debug_line    0x00001ce4      0xa17 ./Core/Src/gpio.o
 .debug_line    0x000026fb      0xb10 ./Core/Src/main.o
 .debug_line    0x0000320b      0xa2c ./Core/Src/spi.o
 .debug_line    0x00003c37      0x9c5 ./Core/Src/stm32f4xx_hal_msp.o
 .debug_line    0x000045fc      0xafe ./Core/Src/stm32f4xx_it.o
 .debug_line    0x000050fa      0x819 ./Core/Src/system_stm32f4xx.o
 .debug_line    0x00005913      0xbba ./Core/Src/tim.o
 .debug_line    0x000064cd       0x7a ./Core/Startup/startup_stm32f407vgtx.o
 .debug_line    0x00006547      0x9f9 ./Core/app/app.o
 .debug_line    0x00006f40      0xa82 ./Drivers/STM32F4xx_HAL_Driver/Src/stm32f4xx_hal.o
 .debug_line    0x000079c2     0x130a ./Drivers/STM32F4xx_HAL_Driver/Src/stm32f4xx_hal_adc.o
 .debug_line    0x00008ccc      0xf80 ./Drivers/STM32F4xx_HAL_Driver/Src/stm32f4xx_hal_adc_ex.o
 .debug_line    0x00009c4c      0xd74 ./Drivers/STM32F4xx_HAL_Driver/Src/stm32f4xx_hal_cortex.o
 .debug_line    0x0000a9c0      0xc0e ./Drivers/STM32F4xx_HAL_Driver/Src/stm32f4xx_hal_gpio.o
 .debug_line    0x0000b5ce      0xe0d ./Drivers/STM32F4xx_HAL_Driver/Src/stm32f4xx_hal_rcc.o
 .debug_line    0x0000c3db     0x1da0 ./Drivers/STM32F4xx_HAL_Driver/Src/stm32f4xx_hal_spi.o
 .debug_line    0x0000e17b     0x3826 ./Drivers/STM32F4xx_HAL_Driver/Src/stm32f4xx_hal_tim.o
 .debug_line    0x000119a1     0x1a78 ./Drivers/STM32F4xx_HAL_Driver/Src/stm32f4xx_hal_tim_ex.o
 .debug_line    0x00013419      0xac3 ./ExtSrc/bsp_rf.o
 .debug_line    0x00013edc      0xf1e ./ExtSrc/nrf24.o
 .debug_line    0x00014dfa      0xa45 ./ExtSrc/nrf24_hal.o

.debug_str      0x00000000    0xd80e9
 .debug_str     0x00000000    0xd425e ./Core/Src/adc.o
                              0xd45bf (size before relaxing)
 .debug_str     0x000d425e      0x3f6 ./Core/Src/bsp_hcsr04.o
                              0xd0634 (size before relaxing)
 .debug_str     0x000d4654       0x3f ./Core/Src/bsp_relay.o
                              0xd3ace (size before relaxing)
 .debug_str     0x000d4693       0x20 ./Core/Src/gpio.o
                              0xd4127 (size before relaxing)
 .debug_str     0x000d46b3      0x3a8 ./Core/Src/main.o
                              0xd4501 (size before relaxing)
 .debug_str     0x000d4a5b      0x207 ./Core/Src/spi.o
                              0xd4088 (size before relaxing)
 .debug_str     0x000d4c62       0x49 ./Core/Src/stm32f4xx_hal_msp.o
                              0xd3b59 (size before relaxing)
 .debug_str     0x000d4cab      0x14e ./Core/Src/stm32f4xx_it.o
                              0xd4244 (size before relaxing)
 .debug_str     0x000d4df9       0xcb ./Core/Src/system_stm32f4xx.o
                              0xcfb4f (size before relaxing)
 .debug_str     0x000d4ec4      0x278 ./Core/Src/tim.o
                              0xd494e (size before relaxing)
 .debug_str     0x000d513c       0x44 ./Core/Startup/startup_stm32f407vgtx.o
                                 0x7f (size before relaxing)
 .debug_str     0x000d5180       0x34 ./Core/app/app.o
                              0xd3aad (size before relaxing)
 .debug_str     0x000d51b4      0x5d8 ./Drivers/STM32F4xx_HAL_Driver/Src/stm32f4xx_hal.o
                              0xd06d3 (size before relaxing)
 .debug_str     0x000d578c      0x2bd ./Drivers/STM32F4xx_HAL_Driver/Src/stm32f4xx_hal_adc.o
                              0xd013c (size before relaxing)
 .debug_str     0x000d5a49      0x2df ./Drivers/STM32F4xx_HAL_Driver/Src/stm32f4xx_hal_adc_ex.o
                              0xd0190 (size before relaxing)
 .debug_str     0x000d5d28      0x365 ./Drivers/STM32F4xx_HAL_Driver/Src/stm32f4xx_hal_cortex.o
                              0xd044f (size before relaxing)
 .debug_str     0x000d608d       0xd5 ./Drivers/STM32F4xx_HAL_Driver/Src/stm32f4xx_hal_gpio.o
                              0xcfcca (size before relaxing)
 .debug_str     0x000d6162      0x233 ./Drivers/STM32F4xx_HAL_Driver/Src/stm32f4xx_hal_rcc.o
                              0xcff83 (size before relaxing)
 .debug_str     0x000d6395      0x577 ./Drivers/STM32F4xx_HAL_Driver/Src/stm32f4xx_hal_spi.o
                              0xd040d (size before relaxing)
 .debug_str     0x000d690c      0xc2a ./Drivers/STM32F4xx_HAL_Driver/Src/stm32f4xx_hal_tim.o
                              0xd0ed9 (size before relaxing)
 .debug_str     0x000d7536      0x493 ./Drivers/STM32F4xx_HAL_Driver/Src/stm32f4xx_hal_tim_ex.o
                              0xd06e5 (size before relaxing)
 .debug_str     0x000d79c9      0x4d5 ./ExtSrc/bsp_rf.o
                              0xd3fc3 (size before relaxing)
 .debug_str     0x000d7e9e      0x208 ./ExtSrc/nrf24.o
                              0xd3ed1 (size before relaxing)
 .debug_str     0x000d80a6       0x43 ./ExtSrc/nrf24_hal.o
                              0xd3fa9 (size before relaxing)

.comment        0x00000000       0x43
 .comment       0x00000000       0x43 ./Core/Src/adc.o
                                 0x44 (size before relaxing)
 .comment       0x00000043       0x44 ./Core/Src/bsp_hcsr04.o
 .comment       0x00000043       0x44 ./Core/Src/bsp_relay.o
 .comment       0x00000043       0x44 ./Core/Src/gpio.o
 .comment       0x00000043       0x44 ./Core/Src/main.o
 .comment       0x00000043       0x44 ./Core/Src/spi.o
 .comment       0x00000043       0x44 ./Core/Src/stm32f4xx_hal_msp.o
 .comment       0x00000043       0x44 ./Core/Src/stm32f4xx_it.o
 .comment       0x00000043       0x44 ./Core/Src/system_stm32f4xx.o
 .comment       0x00000043       0x44 ./Core/Src/tim.o
 .comment       0x00000043       0x44 ./Core/app/app.o
 .comment       0x00000043       0x44 ./Drivers/STM32F4xx_HAL_Driver/Src/stm32f4xx_hal.o
 .comment       0x00000043       0x44 ./Drivers/STM32F4xx_HAL_Driver/Src/stm32f4xx_hal_adc.o
 .comment       0x00000043       0x44 ./Drivers/STM32F4xx_HAL_Driver/Src/stm32f4xx_hal_adc_ex.o
 .comment       0x00000043       0x44 ./Drivers/STM32F4xx_HAL_Driver/Src/stm32f4xx_hal_cortex.o
 .comment       0x00000043       0x44 ./Drivers/STM32F4xx_HAL_Driver/Src/stm32f4xx_hal_gpio.o
 .comment       0x00000043       0x44 ./Drivers/STM32F4xx_HAL_Driver/Src/stm32f4xx_hal_rcc.o
 .comment       0x00000043       0x44 ./Drivers/STM32F4xx_HAL_Driver/Src/stm32f4xx_hal_spi.o
 .comment       0x00000043       0x44 ./Drivers/STM32F4xx_HAL_Driver/Src/stm32f4xx_hal_tim.o
 .comment       0x00000043       0x44 ./Drivers/STM32F4xx_HAL_Driver/Src/stm32f4xx_hal_tim_ex.o
 .comment       0x00000043       0x44 ./ExtSrc/bsp_rf.o
 .comment       0x00000043       0x44 ./ExtSrc/nrf24.o
 .comment       0x00000043       0x44 ./ExtSrc/nrf24_hal.o

.debug_frame    0x00000000     0x40cc
 .debug_frame   0x00000000       0x7c ./Core/Src/adc.o
 .debug_frame   0x0000007c       0xe8 ./Core/Src/bsp_hcsr04.o
 .debug_frame   0x00000164       0x48 ./Core/Src/bsp_relay.o
 .debug_frame   0x000001ac       0x34 ./Core/Src/gpio.o
 .debug_frame   0x000001e0       0xd0 ./Core/Src/main.o
 .debug_frame   0x000002b0       0x74 ./Core/Src/spi.o
 .debug_frame   0x00000324       0x34 ./Core/Src/stm32f4xx_hal_msp.o
 .debug_frame   0x00000358      0x190 ./Core/Src/stm32f4xx_it.o
 .debug_frame   0x000004e8       0x58 ./Core/Src/system_stm32f4xx.o
 .debug_frame   0x00000540      0x130 ./Core/Src/tim.o
 .debug_frame   0x00000670       0x2c ./Core/app/app.o
 .debug_frame   0x0000069c      0x374 ./Drivers/STM32F4xx_HAL_Driver/Src/stm32f4xx_hal.o
 .debug_frame   0x00000a10      0x3fc ./Drivers/STM32F4xx_HAL_Driver/Src/stm32f4xx_hal_adc.o
 .debug_frame   0x00000e0c      0x250 ./Drivers/STM32F4xx_HAL_Driver/Src/stm32f4xx_hal_adc_ex.o
 .debug_frame   0x0000105c      0x508 ./Drivers/STM32F4xx_HAL_Driver/Src/stm32f4xx_hal_cortex.o
 .debug_frame   0x00001564      0x14c ./Drivers/STM32F4xx_HAL_Driver/Src/stm32f4xx_hal_gpio.o
 .debug_frame   0x000016b0      0x1f4 ./Drivers/STM32F4xx_HAL_Driver/Src/stm32f4xx_hal_rcc.o
 .debug_frame   0x000018a4      0x828 ./Drivers/STM32F4xx_HAL_Driver/Src/stm32f4xx_hal_spi.o
 .debug_frame   0x000020cc     0x11c0 ./Drivers/STM32F4xx_HAL_Driver/Src/stm32f4xx_hal_tim.o
 .debug_frame   0x0000328c      0x638 ./Drivers/STM32F4xx_HAL_Driver/Src/stm32f4xx_hal_tim_ex.o
 .debug_frame   0x000038c4      0x128 ./ExtSrc/bsp_rf.o
 .debug_frame   0x000039ec      0x470 ./ExtSrc/nrf24.o
 .debug_frame   0x00003e5c       0xa4 ./ExtSrc/nrf24_hal.o
 .debug_frame   0x00003f00       0x20 C:/ST/STM32CubeIDE_1.16.0/STM32CubeIDE/plugins/com.st.stm32cube.ide.mcu.externaltools.gnu-tools-for-stm32.12.3.rel1.win32_1.0.200.202406191623/tools/bin/../lib/gcc/arm-none-eabi/12.3.1/../../../../arm-none-eabi/lib/thumb/v7e-m+fp/hard\libc_nano.a(libc_a-memset.o)
 .debug_frame   0x00003f20       0x2c C:/ST/STM32CubeIDE_1.16.0/STM32CubeIDE/plugins/com.st.stm32cube.ide.mcu.externaltools.gnu-tools-for-stm32.12.3.rel1.win32_1.0.200.202406191623/tools/bin/../lib/gcc/arm-none-eabi/12.3.1/../../../../arm-none-eabi/lib/thumb/v7e-m+fp/hard\libc_nano.a(libc_a-init.o)
 .debug_frame   0x00003f4c       0xac C:/ST/STM32CubeIDE_1.16.0/STM32CubeIDE/plugins/com.st.stm32cube.ide.mcu.externaltools.gnu-tools-for-stm32.12.3.rel1.win32_1.0.200.202406191623/tools/bin/../lib/gcc/arm-none-eabi/12.3.1/thumb/v7e-m+fp/hard\libgcc.a(_arm_addsubdf3.o)
 .debug_frame   0x00003ff8       0x50 C:/ST/STM32CubeIDE_1.16.0/STM32CubeIDE/plugins/com.st.stm32cube.ide.mcu.externaltools.gnu-tools-for-stm32.12.3.rel1.win32_1.0.200.202406191623/tools/bin/../lib/gcc/arm-none-eabi/12.3.1/thumb/v7e-m+fp/hard\libgcc.a(_arm_muldivdf3.o)
 .debug_frame   0x00004048       0x24 C:/ST/STM32CubeIDE_1.16.0/STM32CubeIDE/plugins/com.st.stm32cube.ide.mcu.externaltools.gnu-tools-for-stm32.12.3.rel1.win32_1.0.200.202406191623/tools/bin/../lib/gcc/arm-none-eabi/12.3.1/thumb/v7e-m+fp/hard\libgcc.a(_arm_fixunsdfsi.o)
 .debug_frame   0x0000406c       0x2c C:/ST/STM32CubeIDE_1.16.0/STM32CubeIDE/plugins/com.st.stm32cube.ide.mcu.externaltools.gnu-tools-for-stm32.12.3.rel1.win32_1.0.200.202406191623/tools/bin/../lib/gcc/arm-none-eabi/12.3.1/thumb/v7e-m+fp/hard\libgcc.a(_aeabi_uldivmod.o)
 .debug_frame   0x00004098       0x34 C:/ST/STM32CubeIDE_1.16.0/STM32CubeIDE/plugins/com.st.stm32cube.ide.mcu.externaltools.gnu-tools-for-stm32.12.3.rel1.win32_1.0.200.202406191623/tools/bin/../lib/gcc/arm-none-eabi/12.3.1/thumb/v7e-m+fp/hard\libgcc.a(_udivmoddi4.o)

.debug_line_str
                0x00000000       0x63
 .debug_line_str
                0x00000000       0x63 ./Core/Startup/startup_stm32f407vgtx.o
