C:/Users/Juan/STM32CubeIDE/workspace_1.16.0/Common/Src/bsp_rf.c:11:6:BSP_RF_Init	16	static
C:/Users/Juan/STM32CubeIDE/workspace_1.16.0/Common/Src/bsp_rf.c:23:6:BSP_RF_Sending	8	static
C:/Users/Juan/STM32CubeIDE/workspace_1.16.0/Common/Src/bsp_rf.c:48:6:BSP_RF_SendMessage	16	static
C:/Users/Juan/STM32CubeIDE/workspace_1.16.0/Common/Src/bsp_rf.c:52:6:BSP_RF_Listening	8	static
C:/Users/Juan/STM32CubeIDE/workspace_1.16.0/Common/Src/bsp_rf.c:65:6:_BSP_RF_ReceiveMessage	16	static
C:/Users/Juan/STM32CubeIDE/workspace_1.16.0/Common/Src/bsp_rf.c:73:6:BSP_RF_SetAck	16	static
C:/Users/Juan/STM32CubeIDE/workspace_1.16.0/Common/Src/bsp_rf.c:77:9:BSP_RF_IrqHandler	16	static
C:/Users/Juan/STM32CubeIDE/workspace_1.16.0/Common/Src/bsp_rf.c:89:6:BSP_RF_ReadData	16	static
