C:/Users/Juan/STM32CubeIDE/workspace_1.16.0/Common/Src/nrf24.c:28:16:nRF24_ReadReg	24	static
C:/Users/Juan/STM32CubeIDE/workspace_1.16.0/Common/Src/nrf24.c:43:13:nRF24_WriteReg	16	static
C:/Users/Juan/STM32CubeIDE/workspace_1.16.0/Common/Src/nrf24.c:66:13:nRF24_ReadMBReg	24	static
C:/Users/Juan/STM32CubeIDE/workspace_1.16.0/Common/Src/nrf24.c:80:13:nRF24_WriteMBReg	16	static
C:/Users/Juan/STM32CubeIDE/workspace_1.16.0/Common/Src/nrf24.c:90:6:nRF24_Init	16	static
C:/Users/Juan/STM32CubeIDE/workspace_1.16.0/Common/Src/nrf24.c:141:9:nRF24_Check	24	static
C:/Users/Juan/STM32CubeIDE/workspace_1.16.0/Common/Src/nrf24.c:175:6:nRF24_SetPowerMode	24	static
C:/Users/Juan/STM32CubeIDE/workspace_1.16.0/Common/Src/nrf24.c:194:6:nRF24_SetOperationalMode	24	static
C:/Users/Juan/STM32CubeIDE/workspace_1.16.0/Common/Src/nrf24.c:209:6:nRF24_SetCRCScheme	24	static
C:/Users/Juan/STM32CubeIDE/workspace_1.16.0/Common/Src/nrf24.c:224:6:nRF24_SetRFChannel	16	static
C:/Users/Juan/STM32CubeIDE/workspace_1.16.0/Common/Src/nrf24.c:234:6:nRF24_SetAutoRetr	16	static
C:/Users/Juan/STM32CubeIDE/workspace_1.16.0/Common/Src/nrf24.c:245:6:nRF24_SetAddrWidth	16	static
C:/Users/Juan/STM32CubeIDE/workspace_1.16.0/Common/Src/nrf24.c:260:6:nRF24_SetAddr	24	static
C:/Users/Juan/STM32CubeIDE/workspace_1.16.0/Common/Src/nrf24.c:301:6:nRF24_SetTXPower	24	static
C:/Users/Juan/STM32CubeIDE/workspace_1.16.0/Common/Src/nrf24.c:314:6:nRF24_SetDataRate	24	static
C:/Users/Juan/STM32CubeIDE/workspace_1.16.0/Common/Src/nrf24.c:329:6:nRF24_SetRXPipe	24	static
C:/Users/Juan/STM32CubeIDE/workspace_1.16.0/Common/Src/nrf24.c:352:6:nRF24_ClosePipe	24	static
C:/Users/Juan/STM32CubeIDE/workspace_1.16.0/Common/Src/nrf24.c:364:6:nRF24_EnableAA	24	static
C:/Users/Juan/STM32CubeIDE/workspace_1.16.0/Common/Src/nrf24.c:376:6:nRF24_DisableAA	24	static
C:/Users/Juan/STM32CubeIDE/workspace_1.16.0/Common/Src/nrf24.c:392:9:nRF24_GetAddrWidth	8	static
C:/Users/Juan/STM32CubeIDE/workspace_1.16.0/Common/Src/nrf24.c:398:9:nRF24_GetStatus	8	static
C:/Users/Juan/STM32CubeIDE/workspace_1.16.0/Common/Src/nrf24.c:404:9:nRF24_GetIRQFlags	8	static
C:/Users/Juan/STM32CubeIDE/workspace_1.16.0/Common/Src/nrf24.c:410:9:nRF24_GetStatus_RXFIFO	8	static
C:/Users/Juan/STM32CubeIDE/workspace_1.16.0/Common/Src/nrf24.c:417:9:nRF24_GetStatus_TXFIFO	8	static
C:/Users/Juan/STM32CubeIDE/workspace_1.16.0/Common/Src/nrf24.c:423:9:nRF24_GetRXSource	8	static
C:/Users/Juan/STM32CubeIDE/workspace_1.16.0/Common/Src/nrf24.c:431:9:nRF24_GetRetransmitCounters	8	static
C:/Users/Juan/STM32CubeIDE/workspace_1.16.0/Common/Src/nrf24.c:436:6:nRF24_ResetPLOS	16	static
C:/Users/Juan/STM32CubeIDE/workspace_1.16.0/Common/Src/nrf24.c:445:6:nRF24_FlushTX	8	static
C:/Users/Juan/STM32CubeIDE/workspace_1.16.0/Common/Src/nrf24.c:450:6:nRF24_FlushRX	8	static
C:/Users/Juan/STM32CubeIDE/workspace_1.16.0/Common/Src/nrf24.c:455:6:nRF24_ClearIRQFlags	16	static
C:/Users/Juan/STM32CubeIDE/workspace_1.16.0/Common/Src/nrf24.c:468:6:nRF24_WritePayload	16	static
C:/Users/Juan/STM32CubeIDE/workspace_1.16.0/Common/Src/nrf24.c:479:16:nRF24_ReadPayload	24	static
C:/Users/Juan/STM32CubeIDE/workspace_1.16.0/Common/Src/nrf24.c:505:16:nRF24_TransmitPacket	24	static
