Archive member included to satisfy reference by file (symbol)

C:/ST/STM32CubeIDE_1.16.0/STM32CubeIDE/plugins/com.st.stm32cube.ide.mcu.externaltools.gnu-tools-for-stm32.12.3.rel1.win32_1.0.200.202406191623/tools/bin/../lib/gcc/arm-none-eabi/12.3.1/../../../../arm-none-eabi/lib/thumb/v7-m/nofp\libc_nano.a(libc_a-exit.o)
                              C:/ST/STM32CubeIDE_1.16.0/STM32CubeIDE/plugins/com.st.stm32cube.ide.mcu.externaltools.gnu-tools-for-stm32.12.3.rel1.win32_1.0.200.202406191623/tools/bin/../lib/gcc/arm-none-eabi/12.3.1/../../../../arm-none-eabi/lib/thumb/v7-m/nofp/crt0.o (exit)
C:/ST/STM32CubeIDE_1.16.0/STM32CubeIDE/plugins/com.st.stm32cube.ide.mcu.externaltools.gnu-tools-for-stm32.12.3.rel1.win32_1.0.200.202406191623/tools/bin/../lib/gcc/arm-none-eabi/12.3.1/../../../../arm-none-eabi/lib/thumb/v7-m/nofp\libc_nano.a(libc_a-itoa.o)
                              ./Core/Src/bsp_lcd.o (itoa)
C:/ST/STM32CubeIDE_1.16.0/STM32CubeIDE/plugins/com.st.stm32cube.ide.mcu.externaltools.gnu-tools-for-stm32.12.3.rel1.win32_1.0.200.202406191623/tools/bin/../lib/gcc/arm-none-eabi/12.3.1/../../../../arm-none-eabi/lib/thumb/v7-m/nofp\libc_nano.a(libc_a-utoa.o)
                              C:/ST/STM32CubeIDE_1.16.0/STM32CubeIDE/plugins/com.st.stm32cube.ide.mcu.externaltools.gnu-tools-for-stm32.12.3.rel1.win32_1.0.200.202406191623/tools/bin/../lib/gcc/arm-none-eabi/12.3.1/../../../../arm-none-eabi/lib/thumb/v7-m/nofp\libc_nano.a(libc_a-itoa.o) (__utoa)
C:/ST/STM32CubeIDE_1.16.0/STM32CubeIDE/plugins/com.st.stm32cube.ide.mcu.externaltools.gnu-tools-for-stm32.12.3.rel1.win32_1.0.200.202406191623/tools/bin/../lib/gcc/arm-none-eabi/12.3.1/../../../../arm-none-eabi/lib/thumb/v7-m/nofp\libc_nano.a(libc_a-findfp.o)
                              C:/ST/STM32CubeIDE_1.16.0/STM32CubeIDE/plugins/com.st.stm32cube.ide.mcu.externaltools.gnu-tools-for-stm32.12.3.rel1.win32_1.0.200.202406191623/tools/bin/../lib/gcc/arm-none-eabi/12.3.1/../../../../arm-none-eabi/lib/thumb/v7-m/nofp\libc_nano.a(libc_a-exit.o) (__stdio_exit_handler)
C:/ST/STM32CubeIDE_1.16.0/STM32CubeIDE/plugins/com.st.stm32cube.ide.mcu.externaltools.gnu-tools-for-stm32.12.3.rel1.win32_1.0.200.202406191623/tools/bin/../lib/gcc/arm-none-eabi/12.3.1/../../../../arm-none-eabi/lib/thumb/v7-m/nofp\libc_nano.a(libc_a-fwalk.o)
                              C:/ST/STM32CubeIDE_1.16.0/STM32CubeIDE/plugins/com.st.stm32cube.ide.mcu.externaltools.gnu-tools-for-stm32.12.3.rel1.win32_1.0.200.202406191623/tools/bin/../lib/gcc/arm-none-eabi/12.3.1/../../../../arm-none-eabi/lib/thumb/v7-m/nofp\libc_nano.a(libc_a-findfp.o) (_fwalk_sglue)
C:/ST/STM32CubeIDE_1.16.0/STM32CubeIDE/plugins/com.st.stm32cube.ide.mcu.externaltools.gnu-tools-for-stm32.12.3.rel1.win32_1.0.200.202406191623/tools/bin/../lib/gcc/arm-none-eabi/12.3.1/../../../../arm-none-eabi/lib/thumb/v7-m/nofp\libc_nano.a(libc_a-sprintf.o)
                              ./Core/app/app.o (sprintf)
C:/ST/STM32CubeIDE_1.16.0/STM32CubeIDE/plugins/com.st.stm32cube.ide.mcu.externaltools.gnu-tools-for-stm32.12.3.rel1.win32_1.0.200.202406191623/tools/bin/../lib/gcc/arm-none-eabi/12.3.1/../../../../arm-none-eabi/lib/thumb/v7-m/nofp\libc_nano.a(libc_a-stdio.o)
                              C:/ST/STM32CubeIDE_1.16.0/STM32CubeIDE/plugins/com.st.stm32cube.ide.mcu.externaltools.gnu-tools-for-stm32.12.3.rel1.win32_1.0.200.202406191623/tools/bin/../lib/gcc/arm-none-eabi/12.3.1/../../../../arm-none-eabi/lib/thumb/v7-m/nofp\libc_nano.a(libc_a-findfp.o) (__sread)
C:/ST/STM32CubeIDE_1.16.0/STM32CubeIDE/plugins/com.st.stm32cube.ide.mcu.externaltools.gnu-tools-for-stm32.12.3.rel1.win32_1.0.200.202406191623/tools/bin/../lib/gcc/arm-none-eabi/12.3.1/../../../../arm-none-eabi/lib/thumb/v7-m/nofp\libc_nano.a(libc_a-memset.o)
                              C:/ST/STM32CubeIDE_1.16.0/STM32CubeIDE/plugins/com.st.stm32cube.ide.mcu.externaltools.gnu-tools-for-stm32.12.3.rel1.win32_1.0.200.202406191623/tools/bin/../lib/gcc/arm-none-eabi/12.3.1/../../../../arm-none-eabi/lib/thumb/v7-m/nofp/crt0.o (memset)
C:/ST/STM32CubeIDE_1.16.0/STM32CubeIDE/plugins/com.st.stm32cube.ide.mcu.externaltools.gnu-tools-for-stm32.12.3.rel1.win32_1.0.200.202406191623/tools/bin/../lib/gcc/arm-none-eabi/12.3.1/../../../../arm-none-eabi/lib/thumb/v7-m/nofp\libc_nano.a(libc_a-closer.o)
                              C:/ST/STM32CubeIDE_1.16.0/STM32CubeIDE/plugins/com.st.stm32cube.ide.mcu.externaltools.gnu-tools-for-stm32.12.3.rel1.win32_1.0.200.202406191623/tools/bin/../lib/gcc/arm-none-eabi/12.3.1/../../../../arm-none-eabi/lib/thumb/v7-m/nofp\libc_nano.a(libc_a-stdio.o) (_close_r)
C:/ST/STM32CubeIDE_1.16.0/STM32CubeIDE/plugins/com.st.stm32cube.ide.mcu.externaltools.gnu-tools-for-stm32.12.3.rel1.win32_1.0.200.202406191623/tools/bin/../lib/gcc/arm-none-eabi/12.3.1/../../../../arm-none-eabi/lib/thumb/v7-m/nofp\libc_nano.a(libc_a-reent.o)
[...]
Memory Configuration

Name             Origin             Length             Attributes
RAM              0x20000000         0x00005000         xrw
FLASH            0x08000000         0x00010000         xr
*default*        0x00000000         0xffffffff

Linker script and memory map

LOAD C:/ST/STM32CubeIDE_1.16.0/STM32CubeIDE/plugins/com.st.stm32cube.ide.mcu.externaltools.gnu-tools-for-stm32.12.3.rel1.win32_1.0.200.202406191623/tools/bin/../lib/gcc/arm-none-eabi/12.3.1/thumb/v7-m/nofp/crti.o
LOAD C:/ST/STM32CubeIDE_1.16.0/STM32CubeIDE/plugins/com.st.stm32cube.ide.mcu.externaltools.gnu-tools-for-stm32.12.3.rel1.win32_1.0.200.202406191623/tools/bin/../lib/gcc/arm-none-eabi/12.3.1/thumb/v7-m/nofp/crtbegin.o
LOAD C:/ST/STM32CubeIDE_1.16.0/STM32CubeIDE/plugins/com.st.stm32cube.ide.mcu.externaltools.gnu-tools-for-stm32.12.3.rel1.win32_1.0.200.202406191623/tools/bin/../lib/gcc/arm-none-eabi/12.3.1/../../../../arm-none-eabi/lib/thumb/v7-m/nofp/crt0.o
LOAD ./Core/ECUAL/I2C_LCD/I2C_LCD.o
LOAD ./Core/ECUAL/I2C_LCD/I2C_LCD_cfg.o
LOAD ./Core/Lib/ili9341/fonts.o
LOAD ./Core/Lib/ili9341/ili9341.o
LOAD ./Core/Lib/ili9341/ili9341_touch.o
LOAD ./Core/Src/bsp_encoder.o
LOAD ./Core/Src/bsp_hcsr501.o
LOAD ./Core/Src/bsp_lcd.o
LOAD ./Core/Src/bsp_rc522.o
LOAD ./Core/Src/gpio.o
LOAD ./Core/Src/i2c.o
LOAD ./Core/Src/main.o
LOAD ./Core/Src/rc522.o
LOAD ./Core/Src/spi.o
LOAD ./Core/Src/stm32f1xx_hal_msp.o
LOAD ./Core/Src/stm32f1xx_it.o
LOAD ./Core/Src/syscalls.o
LOAD ./Core/Src/sysmem.o
LOAD ./Core/Src/system_stm32f1xx.o
LOAD ./Core/Src/tim.o
LOAD ./Core/Startup/startup_stm32f103c8tx.o
LOAD ./Core/app/app.o
LOAD ./Core/app/bsp.o
LOAD ./Core/app/config_menu.o
LOAD ./Drivers/STM32F1xx_HAL_Driver/Src/stm32f1xx_hal.o
LOAD ./Drivers/STM32F1xx_HAL_Driver/Src/stm32f1xx_hal_cortex.o
LOAD ./Drivers/STM32F1xx_HAL_Driver/Src/stm32f1xx_hal_dma.o
LOAD ./Drivers/STM32F1xx_HAL_Driver/Src/stm32f1xx_hal_exti.o
LOAD ./Drivers/STM32F1xx_HAL_Driver/Src/stm32f1xx_hal_flash.o
LOAD ./Drivers/STM32F1xx_HAL_Driver/Src/stm32f1xx_hal_flash_ex.o
LOAD ./Drivers/STM32F1xx_HAL_Driver/Src/stm32f1xx_hal_gpio.o
LOAD ./Drivers/STM32F1xx_HAL_Driver/Src/stm32f1xx_hal_gpio_ex.o
LOAD ./Drivers/STM32F1xx_HAL_Driver/Src/stm32f1xx_hal_i2c.o
LOAD ./Drivers/STM32F1xx_HAL_Driver/Src/stm32f1xx_hal_pwr.o
LOAD ./Drivers/STM32F1xx_HAL_Driver/Src/stm32f1xx_hal_rcc.o
LOAD ./Drivers/STM32F1xx_HAL_Driver/Src/stm32f1xx_hal_rcc_ex.o
LOAD ./Drivers/STM32F1xx_HAL_Driver/Src/stm32f1xx_hal_spi.o
LOAD ./Drivers/STM32F1xx_HAL_Driver/Src/stm32f1xx_hal_tim.o
LOAD ./Drivers/STM32F1xx_HAL_Driver/Src/stm32f1xx_hal_tim_ex.o
LOAD ./ExtSrc/Util.o
LOAD ./ExtSrc/bsp_rf.o
LOAD ./ExtSrc/nrf24.o
START GROUP
LOAD C:/ST/STM32CubeIDE_1.16.0/STM32CubeIDE/plugins/com.st.stm32cube.ide.mcu.externaltools.gnu-tools-for-stm32.12.3.rel1.win32_1.0.200.202406191623/tools/bin/../lib/gcc/arm-none-eabi/12.3.1/../../../../arm-none-eabi/lib/thumb/v7-m/nofp\libstdc++_nano.a
LOAD C:/ST/STM32CubeIDE_1.16.0/STM32CubeIDE/plugins/com.st.stm32cube.ide.mcu.externaltools.gnu-tools-for-stm32.12.3.rel1.win32_1.0.200.202406191623/tools/bin/../lib/gcc/arm-none-eabi/12.3.1/../../../../arm-none-eabi/lib/thumb/v7-m/nofp\libsupc++_nano.a
END GROUP
LOAD C:/ST/STM32CubeIDE_1.16.0/STM32CubeIDE/plugins/com.st.stm32cube.ide.mcu.externaltools.gnu-tools-for-stm32.12.3.rel1.win32_1.0.200.202406191623/tools/bin/../lib/gcc/arm-none-eabi/12.3.1/../../../../arm-none-eabi/lib/thumb/v7-m/nofp\libstdc++_nano.a
LOAD C:/ST/STM32CubeIDE_1.16.0/STM32CubeIDE/plugins/com.st.stm32cube.ide.mcu.externaltools.gnu-tools-for-stm32.12.3.rel1.win32_1.0.200.202406191623/tools/bin/../lib/gcc/arm-none-eabi/12.3.1/../../../../arm-none-eabi/lib/thumb/v7-m/nofp\libm.a
LOAD C:/ST/STM32CubeIDE_1.16.0/STM32CubeIDE/plugins/com.st.stm32cube.ide.mcu.externaltools.gnu-tools-for-stm32.12.3.rel1.win32_1.0.200.202406191623/tools/bin/../lib/gcc/arm-none-eabi/12.3.1/../../../../arm-none-eabi/lib/thumb/v7-m/nofp\libc_nano.a
START GROUP
LOAD C:/ST/STM32CubeIDE_1.16.0/STM32CubeIDE/plugins/com.st.stm32cube.ide.mcu.externaltools.gnu-tools-for-stm32.12.3.rel1.win32_1.0.200.202406191623/tools/bin/../lib/gcc/arm-none-eabi/12.3.1/thumb/v7-m/nofp\libgcc.a
LOAD C:/ST/STM32CubeIDE_1.16.0/STM32CubeIDE/plugins/com.st.stm32cube.ide.mcu.externaltools.gnu-tools-for-stm32.12.3.rel1.win32_1.0.200.202406191623/tools/bin/../lib/gcc/arm-none-eabi/12.3.1/../../../../arm-none-eabi/lib/thumb/v7-m/nofp\libc_nano.a
END GROUP
START GROUP
LOAD C:/ST/STM32CubeIDE_1.16.0/STM32CubeIDE/plugins/com.st.stm32cube.ide.mcu.externaltools.gnu-tools-for-stm32.12.3.rel1.win32_1.0.200.202406191623/tools/bin/../lib/gcc/arm-none-eabi/12.3.1/thumb/v7-m/nofp\libgcc.a
LOAD C:/ST/STM32CubeIDE_1.16.0/STM32CubeIDE/plugins/com.st.stm32cube.ide.mcu.externaltools.gnu-tools-for-stm32.12.3.rel1.win32_1.0.200.202406191623/tools/bin/../lib/gcc/arm-none-eabi/12.3.1/../../../../arm-none-eabi/lib/thumb/v7-m/nofp\libc_nano.a
LOAD C:/ST/STM32CubeIDE_1.16.0/STM32CubeIDE/plugins/com.st.stm32cube.ide.mcu.externaltools.gnu-tools-for-stm32.12.3.rel1.win32_1.0.200.202406191623/tools/bin/../lib/gcc/arm-none-eabi/12.3.1/../../../../arm-none-eabi/lib/thumb/v7-m/nofp\libnosys.a
END GROUP
START GROUP
LOAD C:/ST/STM32CubeIDE_1.16.0/STM32CubeIDE/plugins/com.st.stm32cube.ide.mcu.externaltools.gnu-tools-for-stm32.12.3.rel1.win32_1.0.200.202406191623/tools/bin/../lib/gcc/arm-none-eabi/12.3.1/thumb/v7-m/nofp\libgcc.a
LOAD C:/ST/STM32CubeIDE_1.16.0/STM32CubeIDE/plugins/com.st.stm32cube.ide.mcu.externaltools.gnu-tools-for-stm32.12.3.rel1.win32_1.0.200.202406191623/tools/bin/../lib/gcc/arm-none-eabi/12.3.1/../../../../arm-none-eabi/lib/thumb/v7-m/nofp\libc_nano.a
LOAD C:/ST/STM32CubeIDE_1.16.0/STM32CubeIDE/plugins/com.st.stm32cube.ide.mcu.externaltools.gnu-tools-for-stm32.12.3.rel1.win32_1.0.200.202406191623/tools/bin/../lib/gcc/arm-none-eabi/12.3.1/../../../../arm-none-eabi/lib/thumb/v7-m/nofp\libnosys.a
END GROUP
LOAD C:/ST/STM32CubeIDE_1.16.0/STM32CubeIDE/plugins/com.st.stm32cube.ide.mcu.externaltools.gnu-tools-for-stm32.12.3.rel1.win32_1.0.200.202406191623/tools/bin/../lib/gcc/arm-none-eabi/12.3.1/thumb/v7-m/nofp/crtend.o
LOAD C:/ST/STM32CubeIDE_1.16.0/STM32CubeIDE/plugins/com.st.stm32cube.ide.mcu.externaltools.gnu-tools-for-stm32.12.3.rel1.win32_1.0.200.202406191623/tools/bin/../lib/gcc/arm-none-eabi/12.3.1/thumb/v7-m/nofp/crtn.o
                0x20005000                        _estack = (ORIGIN (RAM) + LENGTH (RAM))
                0x00000200                        _Min_Heap_Size = 0x200
                0x00000400                        _Min_Stack_Size = 0x400

.isr_vector     0x08000000      0x10c
                0x08000000                        . = ALIGN (0x4)
 *(.isr_vector)
 .isr_vector    0x08000000      0x10c ./Core/Startup/startup_stm32f103c8tx.o
                0x08000000                g_pfnVectors
                0x0800010c                        . = ALIGN (0x4)

.text           0x0800010c     0x69e0
                0x0800010c                        . = ALIGN (0x4)
 *(.text)
 .text          0x0800010c       0x40 C:/ST/STM32CubeIDE_1.16.0/STM32CubeIDE/plugins/com.st.stm32cube.ide.mcu.externaltools.gnu-tools-for-stm32.12.3.rel1.win32_1.0.200.202406191623/tools/bin/../lib/gcc/arm-none-eabi/12.3.1/thumb/v7-m/nofp/crtbegin.o
 *(.text*)
 .text.ILI9341_Select
                0x0800014c       0x18 ./Core/Lib/ili9341/ili9341.o
 .text.ILI9341_Unselect
                0x08000164       0x18 ./Core/Lib/ili9341/ili9341.o
                0x08000164                ILI9341_Unselect
 .text.ILI9341_WriteCommand
                0x0800017c       0x34 ./Core/Lib/ili9341/ili9341.o
 .text.ILI9341_WriteData
                0x080001b0       0x5c ./Core/Lib/ili9341/ili9341.o
 .text.ILI9341_SetAddressWindow
                0x0800020c       0x90 ./Core/Lib/ili9341/ili9341.o
 .text.ILI9341_Init
                0x0800029c      0x260 ./Core/Lib/ili9341/ili9341.o
                0x0800029c                ILI9341_Init
 .text.ILI9341_WriteChar
                0x080004fc       0xe4 ./Core/Lib/ili9341/ili9341.o
 .text.ILI9341_WriteString
                0x080005e0       0x96 ./Core/Lib/ili9341/ili9341.o
                0x080005e0                ILI9341_WriteString
 *fill*         0x08000676        0x2 
 .text.ILI9341_FillRectangle
                0x08000678       0xdc ./Core/Lib/ili9341/ili9341.o
                0x08000678                ILI9341_FillRectangle
 .text.ILI9341_FillScreen
                0x08000754       0x24 ./Core/Lib/ili9341/ili9341.o
                0x08000754                ILI9341_FillScreen
 .text.ILI9341_TouchUnselect
                0x08000778       0x18 ./Core/Lib/ili9341/ili9341_touch.o
                0x08000778                ILI9341_TouchUnselect
 .text.HAL_TIM_IC_CaptureCallback
                0x08000790       0x8c ./Core/Src/bsp_encoder.o
                0x08000790                HAL_TIM_IC_CaptureCallback
 .text.BSP_ENCODER_Init
                0x0800081c       0x14 ./Core/Src/bsp_encoder.o
                0x0800081c                BSP_ENCODER_Init
 .text.BSP_ENCODER_GetCount
                0x08000830       0x24 ./Core/Src/bsp_encoder.o
                0x08000830                BSP_ENCODER_GetCount
 .text.BSP_ENCODER_GetSwitch
                0x08000854       0x24 ./Core/Src/bsp_encoder.o
                0x08000854                BSP_ENCODER_GetSwitch
 .text.BSP_ENCODER_ResetEncoder
                0x08000878       0x2c ./Core/Src/bsp_encoder.o
                0x08000878                BSP_ENCODER_ResetEncoder
 .text.BSP_HCSR501_Init
                0x080008a4       0x18 ./Core/Src/bsp_hcsr501.o
                0x080008a4                BSP_HCSR501_Init
 .text.BSP_HCSR501_Read
                0x080008bc       0x28 ./Core/Src/bsp_hcsr501.o
                0x080008bc                BSP_HCSR501_Read
 .text.BSP_HCSR501_Ready
                0x080008e4       0x14 ./Core/Src/bsp_hcsr501.o
                0x080008e4                BSP_HCSR501_Ready
 .text.BSP_LCD_Init
                0x080008f8       0x14 ./Core/Src/bsp_lcd.o
                0x080008f8                BSP_LCD_Init
 .text.BSP_LCD_Clear
                0x0800090c       0x2c ./Core/Src/bsp_lcd.o
                0x0800090c                BSP_LCD_Clear
 .text.BSP_LCD_SendMessage
                0x08000938       0x3a ./Core/Src/bsp_lcd.o
                0x08000938                BSP_LCD_SendMessage
 *fill*         0x08000972        0x2 
 .text.BSP_LCD_SendMessageWithParams
                0x08000974       0x88 ./Core/Src/bsp_lcd.o
                0x08000974                BSP_LCD_SendMessageWithParams
 .text.BSP_LCD_ADD_STATUS
                0x080009fc       0x34 ./Core/Src/bsp_lcd.o
                0x080009fc                BSP_LCD_ADD_STATUS
 .text.BSP_LCD_UPDATE_STATUS
                0x08000a30       0x28 ./Core/Src/bsp_lcd.o
                0x08000a30                BSP_LCD_UPDATE_STATUS
 .text.BSP_LCD_DISPLAY_STATUS
                0x08000a58       0x80 ./Core/Src/bsp_lcd.o
                0x08000a58                BSP_LCD_DISPLAY_STATUS
 .text.BSP_RC522_Init
                0x08000ad8        0xc ./Core/Src/bsp_rc522.o
                0x08000ad8                BSP_RC522_Init
 .text.BSP_RC522_GetSerialNumber
                0x08000ae4       0x44 ./Core/Src/bsp_rc522.o
                0x08000ae4                BSP_RC522_GetSerialNumber
 .text.MX_GPIO_Init
                0x08000b28      0x1c0 ./Core/Src/gpio.o
                0x08000b28                MX_GPIO_Init
 .text.MX_I2C1_Init
                0x08000ce8       0x5c ./Core/Src/i2c.o
                0x08000ce8                MX_I2C1_Init
 .text.HAL_I2C_MspInit
                0x08000d44       0x7c ./Core/Src/i2c.o
                0x08000d44                HAL_I2C_MspInit
 .text.__NVIC_ClearPendingIRQ
                0x08000dc0       0x3c ./Core/Src/main.o
 .text.RetFalse
                0x08000dfc        0xe ./Core/Src/main.o
                0x08000dfc                RetFalse
 *fill*         0x08000e0a        0x2 
 .text.main     0x08000e0c       0x8c ./Core/Src/main.o
                0x08000e0c                main
 .text.SystemClock_Config
                0x08000e98       0x8a ./Core/Src/main.o
                0x08000e98                SystemClock_Config
 *fill*         0x08000f22        0x2 
 .text.received_message
                0x08000f24       0x34 ./Core/Src/main.o
                0x08000f24                received_message
 .text.HAL_GPIO_EXTI_Callback
                0x08000f58       0x90 ./Core/Src/main.o
                0x08000f58                HAL_GPIO_EXTI_Callback
 .text.HAL_TIM_PeriodElapsedCallback
                0x08000fe8      0x26c ./Core/Src/main.o
                0x08000fe8                HAL_TIM_PeriodElapsedCallback
 .text.Error_Handler
                0x08001254        0xc ./Core/Src/main.o
                0x08001254                Error_Handler
 .text.RC522_SPI_Transfer
                0x08001260       0x2c ./Core/Src/rc522.o
                0x08001260                RC522_SPI_Transfer
 .text.Write_MFRC522
                0x0800128c       0x4c ./Core/Src/rc522.o
                0x0800128c                Write_MFRC522
 .text.Read_MFRC522
                0x080012d8       0x50 ./Core/Src/rc522.o
                0x080012d8                Read_MFRC522
 .text.SetBitMask
                0x08001328       0x36 ./Core/Src/rc522.o
                0x08001328                SetBitMask
 .text.ClearBitMask
                0x0800135e       0x40 ./Core/Src/rc522.o
                0x0800135e                ClearBitMask
 .text.AntennaOn
                0x0800139e       0x16 ./Core/Src/rc522.o
                0x0800139e                AntennaOn
 .text.MFRC522_Reset
                0x080013b4       0x10 ./Core/Src/rc522.o
                0x080013b4                MFRC522_Reset
 .text.MFRC522_Init
                0x080013c4       0x5c ./Core/Src/rc522.o
                0x080013c4                MFRC522_Init
 .text.MFRC522_ToCard
                0x08001420      0x192 ./Core/Src/rc522.o
                0x08001420                MFRC522_ToCard
 .text.MFRC522_Request
                0x080015b2       0x4a ./Core/Src/rc522.o
                0x080015b2                MFRC522_Request
 .text.MFRC522_Anticoll
                0x080015fc       0x7a ./Core/Src/rc522.o
                0x080015fc                MFRC522_Anticoll
 *fill*         0x08001676        0x2 
 .text.MX_SPI1_Init
                0x08001678       0x6c ./Core/Src/spi.o
                0x08001678                MX_SPI1_Init
 .text.MX_SPI2_Init
                0x080016e4       0x6c ./Core/Src/spi.o
                0x080016e4                MX_SPI2_Init
 .text.HAL_SPI_MspInit
                0x08001750      0x10c ./Core/Src/spi.o
                0x08001750                HAL_SPI_MspInit
 .text.HAL_MspInit
                0x0800185c       0x64 ./Core/Src/stm32f1xx_hal_msp.o
                0x0800185c                HAL_MspInit
 .text.NMI_Handler
                0x080018c0        0x8 ./Core/Src/stm32f1xx_it.o
                0x080018c0                NMI_Handler
 .text.HardFault_Handler
                0x080018c8       0x28 ./Core/Src/stm32f1xx_it.o
                0x080018c8                HardFault_Handler
 .text.MemManage_Handler
                0x080018f0        0x8 ./Core/Src/stm32f1xx_it.o
                0x080018f0                MemManage_Handler
 .text.BusFault_Handler
                0x080018f8        0x8 ./Core/Src/stm32f1xx_it.o
                0x080018f8                BusFault_Handler
 .text.UsageFault_Handler
                0x08001900        0x8 ./Core/Src/stm32f1xx_it.o
                0x08001900                UsageFault_Handler
 .text.SVC_Handler
                0x08001908        0xc ./Core/Src/stm32f1xx_it.o
                0x08001908                SVC_Handler
 .text.DebugMon_Handler
                0x08001914        0xc ./Core/Src/stm32f1xx_it.o
                0x08001914                DebugMon_Handler
 .text.PendSV_Handler
                0x08001920        0xc ./Core/Src/stm32f1xx_it.o
                0x08001920                PendSV_Handler
 .text.SysTick_Handler
                0x0800192c        0xc ./Core/Src/stm32f1xx_it.o
                0x0800192c                SysTick_Handler
 .text.EXTI2_IRQHandler
                0x08001938        0xe ./Core/Src/stm32f1xx_it.o
                0x08001938                EXTI2_IRQHandler
 .text.EXTI9_5_IRQHandler
                0x08001946       0x10 ./Core/Src/stm32f1xx_it.o
                0x08001946                EXTI9_5_IRQHandler
 *fill*         0x08001956        0x2 
 .text.TIM2_IRQHandler
                0x08001958       0x14 ./Core/Src/stm32f1xx_it.o
                0x08001958                TIM2_IRQHandler
 .text.TIM3_IRQHandler
                0x0800196c       0x14 ./Core/Src/stm32f1xx_it.o
                0x0800196c                TIM3_IRQHandler
 .text.TIM4_IRQHandler
                0x08001980       0x14 ./Core/Src/stm32f1xx_it.o
                0x08001980                TIM4_IRQHandler
 .text.EXTI15_10_IRQHandler
                0x08001994       0x10 ./Core/Src/stm32f1xx_it.o
                0x08001994                EXTI15_10_IRQHandler
 .text._sbrk    0x080019a4       0x6c ./Core/Src/sysmem.o
                0x080019a4                _sbrk
 .text.SystemInit
                0x08001a10        0xc ./Core/Src/system_stm32f1xx.o
                0x08001a10                SystemInit
 .text.MX_TIM2_Init
                0x08001a1c       0xa8 ./Core/Src/tim.o
                0x08001a1c                MX_TIM2_Init
 .text.MX_TIM3_Init
                0x08001ac4       0xac ./Core/Src/tim.o
                0x08001ac4                MX_TIM3_Init
 .text.MX_TIM4_Init
                0x08001b70       0x9c ./Core/Src/tim.o
                0x08001b70                MX_TIM4_Init
 .text.HAL_TIM_Encoder_MspInit
                0x08001c0c       0x88 ./Core/Src/tim.o
                0x08001c0c                HAL_TIM_Encoder_MspInit
 .text.HAL_TIM_Base_MspInit
                0x08001c94       0x84 ./Core/Src/tim.o
                0x08001c94                HAL_TIM_Base_MspInit
 .text.Reset_Handler
                0x08001d18       0x48 ./Core/Startup/startup_stm32f103c8tx.o
                0x08001d18                Reset_Handler
 .text.Default_Handler
                0x08001d60        0x2 ./Core/Startup/startup_stm32f103c8tx.o
                0x08001d60                RTC_Alarm_IRQHandler
                0x08001d60                TIM1_CC_IRQHandler
                0x08001d60                PVD_IRQHandler
                0x08001d60                EXTI3_IRQHandler
                0x08001d60                EXTI0_IRQHandler
                0x08001d60                I2C2_EV_IRQHandler
                0x08001d60                ADC1_2_IRQHandler
                0x08001d60                SPI1_IRQHandler
                0x08001d60                TAMPER_IRQHandler
                0x08001d60                DMA1_Channel4_IRQHandler
                0x08001d60                USART3_IRQHandler
                0x08001d60                RTC_IRQHandler
                0x08001d60                DMA1_Channel7_IRQHandler
                0x08001d60                CAN1_RX1_IRQHandler
                0x08001d60                I2C1_EV_IRQHandler
                0x08001d60                DMA1_Channel6_IRQHandler
                0x08001d60                RCC_IRQHandler
                0x08001d60                TIM1_TRG_COM_IRQHandler
                0x08001d60                DMA1_Channel1_IRQHandler
                0x08001d60                Default_Handler
                0x08001d60                SPI2_IRQHandler
                0x08001d60                DMA1_Channel5_IRQHandler
                0x08001d60                EXTI4_IRQHandler
                0x08001d60                USB_LP_CAN1_RX0_IRQHandler
                0x08001d60                USB_HP_CAN1_TX_IRQHandler
                0x08001d60                DMA1_Channel3_IRQHandler
                0x08001d60                TIM1_UP_IRQHandler
                0x08001d60                WWDG_IRQHandler
                0x08001d60                TIM1_BRK_IRQHandler
                0x08001d60                EXTI1_IRQHandler
                0x08001d60                USART2_IRQHandler
                0x08001d60                I2C2_ER_IRQHandler
                0x08001d60                DMA1_Channel2_IRQHandler
                0x08001d60                CAN1_SCE_IRQHandler
                0x08001d60                FLASH_IRQHandler
                0x08001d60                USART1_IRQHandler
                0x08001d60                I2C1_ER_IRQHandler
                0x08001d60                USBWakeUp_IRQHandler
 *fill*         0x08001d62        0x2 
 .text.app_init
                0x08001d64       0x54 ./Core/app/app.o
                0x08001d64                app_init
 .text.app      0x08001db8      0xafc ./Core/app/app.o
                0x08001db8                app
 .text.APP_HANDLE_INPUT
                0x080028b4      0x298 ./Core/app/app.o
                0x080028b4                APP_HANDLE_INPUT
 .text.APP_MESSAGE_RECEIVED
                0x08002b4c       0x1c ./Core/app/app.o
                0x08002b4c                APP_MESSAGE_RECEIVED
 .text.APP_SEND_MESSAGE
                0x08002b68       0x20 ./Core/app/app.o
                0x08002b68                APP_SEND_MESSAGE
 .text.APP_SET_MESSAGE_TO_SEND
                0x08002b88       0x24 ./Core/app/app.o
                0x08002b88                APP_SET_MESSAGE_TO_SEND
 .text.APP_SEND_COMMAND_TO_WORK_STATION
                0x08002bac       0x52 ./Core/app/app.o
                0x08002bac                APP_SEND_COMMAND_TO_WORK_STATION
 *fill*         0x08002bfe        0x2 
 .text.APP_SETFLAG
                0x08002c00      0x10c ./Core/app/app.o
                0x08002c00                APP_SETFLAG
 .text.APP_GET_USER_BY_SERIAL_NUMBER
                0x08002d0c       0x5c ./Core/app/app.o
                0x08002d0c                APP_GET_USER_BY_SERIAL_NUMBER
 .text.APP_GET_USER_BY_WORKSTATION
                0x08002d68       0x5c ./Core/app/app.o
                0x08002d68                APP_GET_USER_BY_WORKSTATION
 .text.APP_UPDATE_WORKSTATION
                0x08002dc4       0xe0 ./Core/app/app.o
                0x08002dc4                APP_UPDATE_WORKSTATION
 .text.GET_APP_DATA
                0x08002ea4       0x14 ./Core/app/app.o
                0x08002ea4                GET_APP_DATA
 .text.GET_APP_FLAGS
                0x08002eb8       0x14 ./Core/app/app.o
                0x08002eb8                GET_APP_FLAGS
 .text.GET_APP_STATE
                0x08002ecc       0x14 ./Core/app/app.o
                0x08002ecc                GET_APP_STATE
 .text.CONFIG_MENU_SHOW_CONFIG
                0x08002ee0       0x18 ./Core/app/app.o
                0x08002ee0                CONFIG_MENU_SHOW_CONFIG
 .text.CONFIG_MENU_SHOW_ANADIR
                0x08002ef8       0x18 ./Core/app/app.o
                0x08002ef8                CONFIG_MENU_SHOW_ANADIR
 .text.CONFIG_MENU_SHOW_BORRAR
                0x08002f10       0x18 ./Core/app/app.o
                0x08002f10                CONFIG_MENU_SHOW_BORRAR
 .text.CONFIG_MENU_SHOW_USER
                0x08002f28       0x6c ./Core/app/app.o
                0x08002f28                CONFIG_MENU_SHOW_USER
 .text.BSP_StartCardCooldown
                0x08002f94       0x2c ./Core/app/bsp.o
                0x08002f94                BSP_StartCardCooldown
 .text.BSP_GetDisplay
                0x08002fc0       0x14 ./Core/app/bsp.o
                0x08002fc0                BSP_GetDisplay
 .text.BSP_Countdown
                0x08002fd4       0x1c ./Core/app/bsp.o
                0x08002fd4                BSP_Countdown
 .text.BSP_GetCounter
                0x08002ff0       0x14 ./Core/app/bsp.o
                0x08002ff0                BSP_GetCounter
 .text.BSP_StartBlinking
                0x08003004       0x18 ./Core/app/bsp.o
                0x08003004                BSP_StartBlinking
 .text.BSP_Blink
                0x0800301c       0x24 ./Core/app/bsp.o
                0x0800301c                BSP_Blink
 .text.BSP_GetBlinkingTime
                0x08003040       0x18 ./Core/app/bsp.o
                0x08003040                BSP_GetBlinkingTime
 .text.CONFIG_MENU_CONFIGURAR
                0x08003058       0x1a ./Core/app/config_menu.o
                0x08003058                CONFIG_MENU_CONFIGURAR
 .text.CONFIG_MENU_ANADIR
                0x08003072       0x1a ./Core/app/config_menu.o
                0x08003072                CONFIG_MENU_ANADIR
 .text.CONFIG_MENU_BORRAR
                0x0800308c       0x1a ./Core/app/config_menu.o
                0x0800308c                CONFIG_MENU_BORRAR
 *fill*         0x080030a6        0x2 
 .text.HAL_Init
                0x080030a8       0x2c ./Drivers/STM32F1xx_HAL_Driver/Src/stm32f1xx_hal.o
                0x080030a8                HAL_Init
 .text.HAL_InitTick
                0x080030d4       0x60 ./Drivers/STM32F1xx_HAL_Driver/Src/stm32f1xx_hal.o
                0x080030d4                HAL_InitTick
 .text.HAL_IncTick
                0x08003134       0x24 ./Drivers/STM32F1xx_HAL_Driver/Src/stm32f1xx_hal.o
                0x08003134                HAL_IncTick
 .text.HAL_GetTick
                0x08003158       0x14 ./Drivers/STM32F1xx_HAL_Driver/Src/stm32f1xx_hal.o
                0x08003158                HAL_GetTick
 .text.HAL_Delay
                0x0800316c       0x48 ./Drivers/STM32F1xx_HAL_Driver/Src/stm32f1xx_hal.o
                0x0800316c                HAL_Delay
 .text.__NVIC_SetPriorityGrouping
                0x080031b4       0x48 ./Drivers/STM32F1xx_HAL_Driver/Src/stm32f1xx_hal_cortex.o
 .text.__NVIC_GetPriorityGrouping
                0x080031fc       0x1c ./Drivers/STM32F1xx_HAL_Driver/Src/stm32f1xx_hal_cortex.o
 .text.__NVIC_EnableIRQ
                0x08003218       0x38 ./Drivers/STM32F1xx_HAL_Driver/Src/stm32f1xx_hal_cortex.o
 .text.__NVIC_SetPriority
                0x08003250       0x54 ./Drivers/STM32F1xx_HAL_Driver/Src/stm32f1xx_hal_cortex.o
 .text.NVIC_EncodePriority
                0x080032a4       0x64 ./Drivers/STM32F1xx_HAL_Driver/Src/stm32f1xx_hal_cortex.o
 .text.SysTick_Config
                0x08003308       0x44 ./Drivers/STM32F1xx_HAL_Driver/Src/stm32f1xx_hal_cortex.o
 .text.HAL_NVIC_SetPriorityGrouping
                0x0800334c       0x16 ./Drivers/STM32F1xx_HAL_Driver/Src/stm32f1xx_hal_cortex.o
                0x0800334c                HAL_NVIC_SetPriorityGrouping
 .text.HAL_NVIC_SetPriority
                0x08003362       0x38 ./Drivers/STM32F1xx_HAL_Driver/Src/stm32f1xx_hal_cortex.o
                0x08003362                HAL_NVIC_SetPriority
 .text.HAL_NVIC_EnableIRQ
                0x0800339a       0x1c ./Drivers/STM32F1xx_HAL_Driver/Src/stm32f1xx_hal_cortex.o
                0x0800339a                HAL_NVIC_EnableIRQ
 .text.HAL_SYSTICK_Config
                0x080033b6       0x18 ./Drivers/STM32F1xx_HAL_Driver/Src/stm32f1xx_hal_cortex.o
                0x080033b6                HAL_SYSTICK_Config
 *fill*         0x080033ce        0x2 
 .text.HAL_GPIO_Init
                0x080033d0      0x308 ./Drivers/STM32F1xx_HAL_Driver/Src/stm32f1xx_hal_gpio.o
                0x080033d0                HAL_GPIO_Init
 .text.HAL_GPIO_ReadPin
                0x080036d8       0x2e ./Drivers/STM32F1xx_HAL_Driver/Src/stm32f1xx_hal_gpio.o
                0x080036d8                HAL_GPIO_ReadPin
 .text.HAL_GPIO_WritePin
                0x08003706       0x30 ./Drivers/STM32F1xx_HAL_Driver/Src/stm32f1xx_hal_gpio.o
                0x08003706                HAL_GPIO_WritePin
 .text.HAL_GPIO_TogglePin
                0x08003736       0x32 ./Drivers/STM32F1xx_HAL_Driver/Src/stm32f1xx_hal_gpio.o
                0x08003736                HAL_GPIO_TogglePin
 .text.HAL_GPIO_EXTI_IRQHandler
                0x08003768       0x30 ./Drivers/STM32F1xx_HAL_Driver/Src/stm32f1xx_hal_gpio.o
                0x08003768                HAL_GPIO_EXTI_IRQHandler
 .text.HAL_I2C_Init
                0x08003798      0x288 ./Drivers/STM32F1xx_HAL_Driver/Src/stm32f1xx_hal_i2c.o
                0x08003798                HAL_I2C_Init
 .text.HAL_RCC_OscConfig
                0x08003a20      0x504 ./Drivers/STM32F1xx_HAL_Driver/Src/stm32f1xx_hal_rcc.o
                0x08003a20                HAL_RCC_OscConfig
 .text.HAL_RCC_ClockConfig
                0x08003f24      0x1d4 ./Drivers/STM32F1xx_HAL_Driver/Src/stm32f1xx_hal_rcc.o
                0x08003f24                HAL_RCC_ClockConfig
 .text.HAL_RCC_GetSysClockFreq
                0x080040f8       0xa8 ./Drivers/STM32F1xx_HAL_Driver/Src/stm32f1xx_hal_rcc.o
                0x080040f8                HAL_RCC_GetSysClockFreq
 .text.HAL_RCC_GetHCLKFreq
                0x080041a0       0x14 ./Drivers/STM32F1xx_HAL_Driver/Src/stm32f1xx_hal_rcc.o
                0x080041a0                HAL_RCC_GetHCLKFreq
 .text.HAL_RCC_GetPCLK1Freq
                0x080041b4       0x28 ./Drivers/STM32F1xx_HAL_Driver/Src/stm32f1xx_hal_rcc.o
                0x080041b4                HAL_RCC_GetPCLK1Freq
 .text.RCC_Delay
                0x080041dc       0x3c ./Drivers/STM32F1xx_HAL_Driver/Src/stm32f1xx_hal_rcc.o
 .text.HAL_SPI_Init
                0x08004218      0x108 ./Drivers/STM32F1xx_HAL_Driver/Src/stm32f1xx_hal_spi.o
                0x08004218                HAL_SPI_Init
 .text.HAL_SPI_Transmit
                0x08004320      0x288 ./Drivers/STM32F1xx_HAL_Driver/Src/stm32f1xx_hal_spi.o
                0x08004320                HAL_SPI_Transmit
 .text.HAL_SPI_Receive
                0x080045a8      0x232 ./Drivers/STM32F1xx_HAL_Driver/Src/stm32f1xx_hal_spi.o
                0x080045a8                HAL_SPI_Receive
 .text.HAL_SPI_TransmitReceive
                0x080047da      0x352 ./Drivers/STM32F1xx_HAL_Driver/Src/stm32f1xx_hal_spi.o
                0x080047da                HAL_SPI_TransmitReceive
 .text.SPI_WaitFlagStateUntilTimeout
                0x08004b2c      0x110 ./Drivers/STM32F1xx_HAL_Driver/Src/stm32f1xx_hal_spi.o
 .text.SPI_EndRxTransaction
                0x08004c3c       0xa4 ./Drivers/STM32F1xx_HAL_Driver/Src/stm32f1xx_hal_spi.o
 .text.SPI_EndRxTxTransaction
                0x08004ce0       0x62 ./Drivers/STM32F1xx_HAL_Driver/Src/stm32f1xx_hal_spi.o
 .text.HAL_TIM_Base_Init
                0x08004d42       0x9e ./Drivers/STM32F1xx_HAL_Driver/Src/stm32f1xx_hal_tim.o
                0x08004d42                HAL_TIM_Base_Init
 .text.HAL_TIM_Base_Start_IT
                0x08004de0       0xa4 ./Drivers/STM32F1xx_HAL_Driver/Src/stm32f1xx_hal_tim.o
                0x08004de0                HAL_TIM_Base_Start_IT
 .text.HAL_TIM_Base_Stop_IT
                0x08004e84       0x5c ./Drivers/STM32F1xx_HAL_Driver/Src/stm32f1xx_hal_tim.o
                0x08004e84                HAL_TIM_Base_Stop_IT
 .text.HAL_TIM_Encoder_Init
                0x08004ee0      0x144 ./Drivers/STM32F1xx_HAL_Driver/Src/stm32f1xx_hal_tim.o
                0x08004ee0                HAL_TIM_Encoder_Init
 .text.HAL_TIM_Encoder_Start_IT
                0x08005024      0x15c ./Drivers/STM32F1xx_HAL_Driver/Src/stm32f1xx_hal_tim.o
                0x08005024                HAL_TIM_Encoder_Start_IT
 .text.HAL_TIM_IRQHandler
                0x08005180      0x1e0 ./Drivers/STM32F1xx_HAL_Driver/Src/stm32f1xx_hal_tim.o
                0x08005180                HAL_TIM_IRQHandler
 .text.HAL_TIM_ConfigClockSource
                0x08005360      0x18e ./Drivers/STM32F1xx_HAL_Driver/Src/stm32f1xx_hal_tim.o
                0x08005360                HAL_TIM_ConfigClockSource
 .text.HAL_TIM_OC_DelayElapsedCallback
                0x080054ee       0x12 ./Drivers/STM32F1xx_HAL_Driver/Src/stm32f1xx_hal_tim.o
                0x080054ee                HAL_TIM_OC_DelayElapsedCallback
 .text.HAL_TIM_PWM_PulseFinishedCallback
                0x08005500       0x12 ./Drivers/STM32F1xx_HAL_Driver/Src/stm32f1xx_hal_tim.o
                0x08005500                HAL_TIM_PWM_PulseFinishedCallback
 .text.HAL_TIM_TriggerCallback
                0x08005512       0x12 ./Drivers/STM32F1xx_HAL_Driver/Src/stm32f1xx_hal_tim.o
                0x08005512                HAL_TIM_TriggerCallback
 .text.TIM_Base_SetConfig
                0x08005524       0xdc ./Drivers/STM32F1xx_HAL_Driver/Src/stm32f1xx_hal_tim.o
                0x08005524                TIM_Base_SetConfig
 .text.TIM_TI1_ConfigInputStage
                0x08005600       0x5c ./Drivers/STM32F1xx_HAL_Driver/Src/stm32f1xx_hal_tim.o
 .text.TIM_TI2_ConfigInputStage
                0x0800565c       0x5e ./Drivers/STM32F1xx_HAL_Driver/Src/stm32f1xx_hal_tim.o
 .text.TIM_ITRx_SetConfig
                0x080056ba       0x34 ./Drivers/STM32F1xx_HAL_Driver/Src/stm32f1xx_hal_tim.o
 .text.TIM_ETR_SetConfig
                0x080056ee       0x3e ./Drivers/STM32F1xx_HAL_Driver/Src/stm32f1xx_hal_tim.o
                0x080056ee                TIM_ETR_SetConfig
 .text.TIM_CCxChannelCmd
                0x0800572c       0x48 ./Drivers/STM32F1xx_HAL_Driver/Src/stm32f1xx_hal_tim.o
                0x0800572c                TIM_CCxChannelCmd
 .text.HAL_TIMEx_MasterConfigSynchronization
                0x08005774       0xbc ./Drivers/STM32F1xx_HAL_Driver/Src/stm32f1xx_hal_tim_ex.o
                0x08005774                HAL_TIMEx_MasterConfigSynchronization
 .text.HAL_TIMEx_CommutCallback
                0x08005830       0x12 ./Drivers/STM32F1xx_HAL_Driver/Src/stm32f1xx_hal_tim_ex.o
                0x08005830                HAL_TIMEx_CommutCallback
 .text.HAL_TIMEx_BreakCallback
                0x08005842       0x12 ./Drivers/STM32F1xx_HAL_Driver/Src/stm32f1xx_hal_tim_ex.o
                0x08005842                HAL_TIMEx_BreakCallback
 .text.BSP_RF_Init
                0x08005854       0x40 ./ExtSrc/bsp_rf.o
                0x08005854                BSP_RF_Init
 .text.BSP_RF_Sending
                0x08005894       0x30 ./ExtSrc/bsp_rf.o
                0x08005894                BSP_RF_Sending
 .text.BSP_RF_SendMessage
                0x080058c4       0x60 ./ExtSrc/bsp_rf.o
                0x080058c4                BSP_RF_SendMessage
 .text.BSP_RF_Listening
                0x08005924       0x30 ./ExtSrc/bsp_rf.o
                0x08005924                BSP_RF_Listening
 .text._BSP_RF_ReceiveMessage
                0x08005954       0x18 ./ExtSrc/bsp_rf.o
                0x08005954                _BSP_RF_ReceiveMessage
 .text.BSP_RF_IrqHandler
                0x0800596c       0x52 ./ExtSrc/bsp_rf.o
                0x0800596c                BSP_RF_IrqHandler
 *fill*         0x080059be        0x2 
 .text.BSP_RF_ReadData
                0x080059c0       0x24 ./ExtSrc/bsp_rf.o
                0x080059c0                BSP_RF_ReadData
 .text.cs_high  0x080059e4       0x18 ./ExtSrc/nrf24.o
 .text.cs_low   0x080059fc       0x18 ./ExtSrc/nrf24.o
 .text.ce_high  0x08005a14       0x18 ./ExtSrc/nrf24.o
 .text.ce_low   0x08005a2c       0x18 ./ExtSrc/nrf24.o
 .text.read_register
                0x08005a44       0x4c ./ExtSrc/nrf24.o
 .text.write_register
                0x08005a90       0x5c ./ExtSrc/nrf24.o
 .text.nrf24l01p_rx_init
                0x08005aec       0x60 ./ExtSrc/nrf24.o
                0x08005aec                nrf24l01p_rx_init
 .text.nrf24l01p_tx_init
                0x08005b4c       0x5c ./ExtSrc/nrf24.o
                0x08005b4c                nrf24l01p_tx_init
 .text.nrf24l01p_rx_receive
                0x08005ba8       0x28 ./ExtSrc/nrf24.o
                0x08005ba8                nrf24l01p_rx_receive
 .text.nrf24l01p_tx_transmit
                0x08005bd0       0x16 ./ExtSrc/nrf24.o
                0x08005bd0                nrf24l01p_tx_transmit
 *fill*         0x08005be6        0x2 
 .text.nrf24l01p_init
                0x08005be8       0x9c ./ExtSrc/nrf24.o
                0x08005be8                nrf24l01p_init
 .text.nrf24l01p_standby
                0x08005c84       0x60 ./ExtSrc/nrf24.o
                0x08005c84                nrf24l01p_standby
 .text.nrf24l01p_reset
                0x08005ce4       0xa8 ./ExtSrc/nrf24.o
                0x08005ce4                nrf24l01p_reset
 .text.nrf24l01p_prx_mode
                0x08005d8c       0x2a ./ExtSrc/nrf24.o
                0x08005d8c                nrf24l01p_prx_mode
 .text.nrf24l01p_ptx_mode
                0x08005db6       0x2a ./ExtSrc/nrf24.o
                0x08005db6                nrf24l01p_ptx_mode
 .text.nrf24l01p_read_rx_fifo
                0x08005de0       0x48 ./ExtSrc/nrf24.o
                0x08005de0                nrf24l01p_read_rx_fifo
 .text.nrf24l01p_write_tx_fifo
                0x08005e28       0x48 ./ExtSrc/nrf24.o
                0x08005e28                nrf24l01p_write_tx_fifo
 .text.nrf24l01p_flush_rx_fifo
                0x08005e70       0x30 ./ExtSrc/nrf24.o
                0x08005e70                nrf24l01p_flush_rx_fifo
 .text.nrf24l01p_flush_tx_fifo
                0x08005ea0       0x30 ./ExtSrc/nrf24.o
                0x08005ea0                nrf24l01p_flush_tx_fifo
 .text.nrf24l01p_get_status
                0x08005ed0       0x34 ./ExtSrc/nrf24.o
                0x08005ed0                nrf24l01p_get_status
 .text.nrf24l01p_rx_set_payload_widths
                0x08005f04       0x1c ./ExtSrc/nrf24.o
                0x08005f04                nrf24l01p_rx_set_payload_widths
 .text.nrf24l01p_clear_rx_dr
                0x08005f20       0x28 ./ExtSrc/nrf24.o
                0x08005f20                nrf24l01p_clear_rx_dr
 .text.nrf24l01p_clear_tx_ds
                0x08005f48       0x28 ./ExtSrc/nrf24.o
                0x08005f48                nrf24l01p_clear_tx_ds
 .text.nrf24l01p_clear_max_rt
                0x08005f70       0x28 ./ExtSrc/nrf24.o
                0x08005f70                nrf24l01p_clear_max_rt
 .text.nrf24l01p_power_up
                0x08005f98       0x2a ./ExtSrc/nrf24.o
                0x08005f98                nrf24l01p_power_up
 .text.nrf24l01p_set_crc_length
                0x08005fc2       0x46 ./ExtSrc/nrf24.o
                0x08005fc2                nrf24l01p_set_crc_length
 .text.nrf24l01p_set_address_widths
                0x08006008       0x20 ./ExtSrc/nrf24.o
                0x08006008                nrf24l01p_set_address_widths
 .text.nrf24l01p_auto_retransmit_count
                0x08006028       0x36 ./ExtSrc/nrf24.o
                0x08006028                nrf24l01p_auto_retransmit_count
 *fill*         0x0800605e        0x2 
 .text.nrf24l01p_auto_retransmit_delay
                0x08006060       0x50 ./ExtSrc/nrf24.o
                0x08006060                nrf24l01p_auto_retransmit_delay
 .text.nrf24l01p_set_rf_channel
                0x080060b0       0x26 ./ExtSrc/nrf24.o
                0x080060b0                nrf24l01p_set_rf_channel
 .text.nrf24l01p_set_rf_tx_output_power
                0x080060d6       0x3a ./ExtSrc/nrf24.o
                0x080060d6                nrf24l01p_set_rf_tx_output_power
 .text.nrf24l01p_set_rf_air_data_rate
                0x08006110       0x52 ./ExtSrc/nrf24.o
                0x08006110                nrf24l01p_set_rf_air_data_rate
 *fill*         0x08006162        0x2 
 .text.sprintf  0x08006164       0x40 C:/ST/STM32CubeIDE_1.16.0/STM32CubeIDE/plugins/com.st.stm32cube.ide.mcu.externaltools.gnu-tools-for-stm32.12.3.rel1.win32_1.0.200.202406191623/tools/bin/../lib/gcc/arm-none-eabi/12.3.1/../../../../arm-none-eabi/lib/thumb/v7-m/nofp\libc_nano.a(libc_a-sprintf.o)
                0x08006164                siprintf
                0x08006164                sprintf
 .text.memset   0x080061a4       0x10 C:/ST/STM32CubeIDE_1.16.0/STM32CubeIDE/plugins/com.st.stm32cube.ide.mcu.externaltools.gnu-tools-for-stm32.12.3.rel1.win32_1.0.200.202406191623/tools/bin/../lib/gcc/arm-none-eabi/12.3.1/../../../../arm-none-eabi/lib/thumb/v7-m/nofp\libc_nano.a(libc_a-memset.o)
                0x080061a4                memset
 .text.__errno  0x080061b4        0xc C:/ST/STM32CubeIDE_1.16.0/STM32CubeIDE/plugins/com.st.stm32cube.ide.mcu.externaltools.gnu-tools-for-stm32.12.3.rel1.win32_1.0.200.202406191623/tools/bin/../lib/gcc/arm-none-eabi/12.3.1/../../../../arm-none-eabi/lib/thumb/v7-m/nofp\libc_nano.a(libc_a-errno.o)
                0x080061b4                __errno
 .text.__libc_init_array
                0x080061c0       0x48 C:/ST/STM32CubeIDE_1.16.0/STM32CubeIDE/plugins/com.st.stm32cube.ide.mcu.externaltools.gnu-tools-for-stm32.12.3.rel1.win32_1.0.200.202406191623/tools/bin/../lib/gcc/arm-none-eabi/12.3.1/../../../../arm-none-eabi/lib/thumb/v7-m/nofp\libc_nano.a(libc_a-init.o)
                0x080061c0                __libc_init_array
 .text.__retarget_lock_acquire_recursive
                0x08006208        0x2 C:/ST/STM32CubeIDE_1.16.0/STM32CubeIDE/plugins/com.st.stm32cube.ide.mcu.externaltools.gnu-tools-for-stm32.12.3.rel1.win32_1.0.200.202406191623/tools/bin/../lib/gcc/arm-none-eabi/12.3.1/../../../../arm-none-eabi/lib/thumb/v7-m/nofp\libc_nano.a(libc_a-lock.o)
                0x08006208                __retarget_lock_acquire_recursive
 .text.__retarget_lock_release_recursive
                0x0800620a        0x2 C:/ST/STM32CubeIDE_1.16.0/STM32CubeIDE/plugins/com.st.stm32cube.ide.mcu.externaltools.gnu-tools-for-stm32.12.3.rel1.win32_1.0.200.202406191623/tools/bin/../lib/gcc/arm-none-eabi/12.3.1/../../../../arm-none-eabi/lib/thumb/v7-m/nofp\libc_nano.a(libc_a-lock.o)
                0x0800620a                __retarget_lock_release_recursive
 .text.strcpy   0x0800620c       0x10 C:/ST/STM32CubeIDE_1.16.0/STM32CubeIDE/plugins/com.st.stm32cube.ide.mcu.externaltools.gnu-tools-for-stm32.12.3.rel1.win32_1.0.200.202406191623/tools/bin/../lib/gcc/arm-none-eabi/12.3.1/../../../../arm-none-eabi/lib/thumb/v7-m/nofp\libc_nano.a(libc_a-strcpy.o)
                0x0800620c                strcpy
 .text.memcpy   0x0800621c       0x1c C:/ST/STM32CubeIDE_1.16.0/STM32CubeIDE/plugins/com.st.stm32cube.ide.mcu.externaltools.gnu-tools-for-stm32.12.3.rel1.win32_1.0.200.202406191623/tools/bin/../lib/gcc/arm-none-eabi/12.3.1/../../../../arm-none-eabi/lib/thumb/v7-m/nofp\libc_nano.a(libc_a-memcpy-stub.o)
                0x0800621c                memcpy
 .text._free_r  0x08006238       0x90 C:/ST/STM32CubeIDE_1.16.0/STM32CubeIDE/plugins/com.st.stm32cube.ide.mcu.externaltools.gnu-tools-for-stm32.12.3.rel1.win32_1.0.200.202406191623/tools/bin/../lib/gcc/arm-none-eabi/12.3.1/../../../../arm-none-eabi/lib/thumb/v7-m/nofp\libc_nano.a(libc_a-freer.o)
                0x08006238                _free_r
 .text.sbrk_aligned
                0x080062c8       0x44 C:/ST/STM32CubeIDE_1.16.0/STM32CubeIDE/plugins/com.st.stm32cube.ide.mcu.externaltools.gnu-tools-for-stm32.12.3.rel1.win32_1.0.200.202406191623/tools/bin/../lib/gcc/arm-none-eabi/12.3.1/../../../../arm-none-eabi/lib/thumb/v7-m/nofp\libc_nano.a(libc_a-mallocr.o)
 .text._malloc_r
                0x0800630c      0x100 C:/ST/STM32CubeIDE_1.16.0/STM32CubeIDE/plugins/com.st.stm32cube.ide.mcu.externaltools.gnu-tools-for-stm32.12.3.rel1.win32_1.0.200.202406191623/tools/bin/../lib/gcc/arm-none-eabi/12.3.1/../../../../arm-none-eabi/lib/thumb/v7-m/nofp\libc_nano.a(libc_a-mallocr.o)
                0x0800630c                _malloc_r
 .text.__malloc_lock
                0x0800640c        0xc C:/ST/STM32CubeIDE_1.16.0/STM32CubeIDE/plugins/com.st.stm32cube.ide.mcu.externaltools.gnu-tools-for-stm32.12.3.rel1.win32_1.0.200.202406191623/tools/bin/../lib/gcc/arm-none-eabi/12.3.1/../../../../arm-none-eabi/lib/thumb/v7-m/nofp\libc_nano.a(libc_a-mlock.o)
                0x0800640c                __malloc_lock
 .text.__malloc_unlock
                0x08006418        0xc C:/ST/STM32CubeIDE_1.16.0/STM32CubeIDE/plugins/com.st.stm32cube.ide.mcu.externaltools.gnu-tools-for-stm32.12.3.rel1.win32_1.0.200.202406191623/tools/bin/../lib/gcc/arm-none-eabi/12.3.1/../../../../arm-none-eabi/lib/thumb/v7-m/nofp\libc_nano.a(libc_a-mlock.o)
                0x08006418                __malloc_unlock
 .text.__ssputs_r
                0x08006424       0xb6 C:/ST/STM32CubeIDE_1.16.0/STM32CubeIDE/plugins/com.st.stm32cube.ide.mcu.externaltools.gnu-tools-for-stm32.12.3.rel1.win32_1.0.200.202406191623/tools/bin/../lib/gcc/arm-none-eabi/12.3.1/../../../../arm-none-eabi/lib/thumb/v7-m/nofp\libc_nano.a(libc_a-nano-svfprintf.o)
                0x08006424                __ssputs_r
 *fill*         0x080064da        0x2 
 .text._svfprintf_r
                0x080064dc      0x1f8 C:/ST/STM32CubeIDE_1.16.0/STM32CubeIDE/plugins/com.st.stm32cube.ide.mcu.externaltools.gnu-tools-for-stm32.12.3.rel1.win32_1.0.200.202406191623/tools/bin/../lib/gcc/arm-none-eabi/12.3.1/../../../../arm-none-eabi/lib/thumb/v7-m/nofp\libc_nano.a(libc_a-nano-svfprintf.o)
                0x080064dc                _svfiprintf_r
                0x080064dc                _svfprintf_r
 .text._printf_common
                0x080066d4       0xe4 C:/ST/STM32CubeIDE_1.16.0/STM32CubeIDE/plugins/com.st.stm32cube.ide.mcu.externaltools.gnu-tools-for-stm32.12.3.rel1.win32_1.0.200.202406191623/tools/bin/../lib/gcc/arm-none-eabi/12.3.1/../../../../arm-none-eabi/lib/thumb/v7-m/nofp\libc_nano.a(libc_a-nano-vfprintf_i.o)
                0x080066d4                _printf_common
 .text._printf_i
                0x080067b8      0x240 C:/ST/STM32CubeIDE_1.16.0/STM32CubeIDE/plugins/com.st.stm32cube.ide.mcu.externaltools.gnu-tools-for-stm32.12.3.rel1.win32_1.0.200.202406191623/tools/bin/../lib/gcc/arm-none-eabi/12.3.1/../../../../arm-none-eabi/lib/thumb/v7-m/nofp\libc_nano.a(libc_a-nano-vfprintf_i.o)
                0x080067b8                _printf_i
 .text.memmove  0x080069f8       0x34 C:/ST/STM32CubeIDE_1.16.0/STM32CubeIDE/plugins/com.st.stm32cube.ide.mcu.externaltools.gnu-tools-for-stm32.12.3.rel1.win32_1.0.200.202406191623/tools/bin/../lib/gcc/arm-none-eabi/12.3.1/../../../../arm-none-eabi/lib/thumb/v7-m/nofp\libc_nano.a(libc_a-memmove.o)
                0x080069f8                memmove
 .text._sbrk_r  0x08006a2c       0x20 C:/ST/STM32CubeIDE_1.16.0/STM32CubeIDE/plugins/com.st.stm32cube.ide.mcu.externaltools.gnu-tools-for-stm32.12.3.rel1.win32_1.0.200.202406191623/tools/bin/../lib/gcc/arm-none-eabi/12.3.1/../../../../arm-none-eabi/lib/thumb/v7-m/nofp\libc_nano.a(libc_a-sbrkr.o)
                0x08006a2c                _sbrk_r
 .text.memchr   0x08006a4c       0x1c C:/ST/STM32CubeIDE_1.16.0/STM32CubeIDE/plugins/com.st.stm32cube.ide.mcu.externaltools.gnu-tools-for-stm32.12.3.rel1.win32_1.0.200.202406191623/tools/bin/../lib/gcc/arm-none-eabi/12.3.1/../../../../arm-none-eabi/lib/thumb/v7-m/nofp\libc_nano.a(libc_a-memchr-stub.o)
                0x08006a4c                memchr
 .text._realloc_r
                0x08006a68       0x5c C:/ST/STM32CubeIDE_1.16.0/STM32CubeIDE/plugins/com.st.stm32cube.ide.mcu.externaltools.gnu-tools-for-stm32.12.3.rel1.win32_1.0.200.202406191623/tools/bin/../lib/gcc/arm-none-eabi/12.3.1/../../../../arm-none-eabi/lib/thumb/v7-m/nofp\libc_nano.a(libc_a-reallocr.o)
                0x08006a68                _realloc_r
 .text._malloc_usable_size_r
                0x08006ac4       0x10 C:/ST/STM32CubeIDE_1.16.0/STM32CubeIDE/plugins/com.st.stm32cube.ide.mcu.externaltools.gnu-tools-for-stm32.12.3.rel1.win32_1.0.200.202406191623/tools/bin/../lib/gcc/arm-none-eabi/12.3.1/../../../../arm-none-eabi/lib/thumb/v7-m/nofp\libc_nano.a(libc_a-msizer.o)
                0x08006ac4                _malloc_usable_size_r
 *(.glue_7)
 .glue_7        0x08006ad4        0x0 linker stubs
 *(.glue_7t)
 .glue_7t       0x08006ad4        0x0 linker stubs
 *(.eh_frame)
 .eh_frame      0x08006ad4        0x0 C:/ST/STM32CubeIDE_1.16.0/STM32CubeIDE/plugins/com.st.stm32cube.ide.mcu.externaltools.gnu-tools-for-stm32.12.3.rel1.win32_1.0.200.202406191623/tools/bin/../lib/gcc/arm-none-eabi/12.3.1/thumb/v7-m/nofp/crtbegin.o
 *(.init)
 .init          0x08006ad4        0x4 C:/ST/STM32CubeIDE_1.16.0/STM32CubeIDE/plugins/com.st.stm32cube.ide.mcu.externaltools.gnu-tools-for-stm32.12.3.rel1.win32_1.0.200.202406191623/tools/bin/../lib/gcc/arm-none-eabi/12.3.1/thumb/v7-m/nofp/crti.o
                0x08006ad4                _init
 .init          0x08006ad8        0x8 C:/ST/STM32CubeIDE_1.16.0/STM32CubeIDE/plugins/com.st.stm32cube.ide.mcu.externaltools.gnu-tools-for-stm32.12.3.rel1.win32_1.0.200.202406191623/tools/bin/../lib/gcc/arm-none-eabi/12.3.1/thumb/v7-m/nofp/crtn.o
 *(.fini)
 .fini          0x08006ae0        0x4 C:/ST/STM32CubeIDE_1.16.0/STM32CubeIDE/plugins/com.st.stm32cube.ide.mcu.externaltools.gnu-tools-for-stm32.12.3.rel1.win32_1.0.200.202406191623/tools/bin/../lib/gcc/arm-none-eabi/12.3.1/thumb/v7-m/nofp/crti.o
                0x08006ae0                _fini
 .fini          0x08006ae4        0x8 C:/ST/STM32CubeIDE_1.16.0/STM32CubeIDE/plugins/com.st.stm32cube.ide.mcu.externaltools.gnu-tools-for-stm32.12.3.rel1.win32_1.0.200.202406191623/tools/bin/../lib/gcc/arm-none-eabi/12.3.1/thumb/v7-m/nofp/crtn.o
                0x08006aec                        . = ALIGN (0x4)
                0x08006aec                        _etext = .

.vfp11_veneer   0x08006aec        0x0
 .vfp11_veneer  0x08006aec        0x0 linker stubs

.v4_bx          0x08006aec        0x0
 .v4_bx         0x08006aec        0x0 linker stubs

.iplt           0x08006aec        0x0
 .iplt          0x08006aec        0x0 C:/ST/STM32CubeIDE_1.16.0/STM32CubeIDE/plugins/com.st.stm32cube.ide.mcu.externaltools.gnu-tools-for-stm32.12.3.rel1.win32_1.0.200.202406191623/tools/bin/../lib/gcc/arm-none-eabi/12.3.1/thumb/v7-m/nofp/crtbegin.o

.rodata         0x08006aec     0x159c
                0x08006aec                        . = ALIGN (0x4)
 *(.rodata)
 .rodata        0x08006aec       0x33 ./Core/Lib/ili9341/ili9341.o
 *fill*         0x08006b1f        0x1 
 .rodata        0x08006b20       0x19 ./Core/Src/bsp_lcd.o
 *fill*         0x08006b39        0x3 
 .rodata        0x08006b3c       0x1e ./Core/Src/main.o
 *fill*         0x08006b5a        0x2 
 .rodata        0x08006b5c       0x16 ./Core/Src/stm32f1xx_it.o
 *fill*         0x08006b72        0x2 
 .rodata        0x08006b74      0x165 ./Core/app/app.o
 *(.rodata*)
 *fill*         0x08006cd9        0x3 
 .rodata.Font16x26
                0x08006cdc     0x134c ./Core/Lib/ili9341/fonts.o
 .rodata.AHBPrescTable
                0x08008028       0x10 ./Core/Src/system_stm32f1xx.o
                0x08008028                AHBPrescTable
 .rodata.APBPrescTable
                0x08008038        0x8 ./Core/Src/system_stm32f1xx.o
                0x08008038                APBPrescTable
 .rodata.aPLLMULFactorTable.1
                0x08008040       0x10 ./Drivers/STM32F1xx_HAL_Driver/Src/stm32f1xx_hal_rcc.o
 .rodata.aPredivFactorTable.0
                0x08008050        0x2 ./Drivers/STM32F1xx_HAL_Driver/Src/stm32f1xx_hal_rcc.o
 .rodata._svfprintf_r.str1.1
                0x08008052       0x11 C:/ST/STM32CubeIDE_1.16.0/STM32CubeIDE/plugins/com.st.stm32cube.ide.mcu.externaltools.gnu-tools-for-stm32.12.3.rel1.win32_1.0.200.202406191623/tools/bin/../lib/gcc/arm-none-eabi/12.3.1/../../../../arm-none-eabi/lib/thumb/v7-m/nofp\libc_nano.a(libc_a-nano-svfprintf.o)
 .rodata._printf_i.str1.1
                0x08008063       0x22 C:/ST/STM32CubeIDE_1.16.0/STM32CubeIDE/plugins/com.st.stm32cube.ide.mcu.externaltools.gnu-tools-for-stm32.12.3.rel1.win32_1.0.200.202406191623/tools/bin/../lib/gcc/arm-none-eabi/12.3.1/../../../../arm-none-eabi/lib/thumb/v7-m/nofp\libc_nano.a(libc_a-nano-vfprintf_i.o)
                0x08008088                        . = ALIGN (0x4)
 *fill*         0x08008085        0x3 

.ARM.extab      0x08008088        0x0
                0x08008088                        . = ALIGN (0x4)
 *(.ARM.extab* .gnu.linkonce.armextab.*)
                0x08008088                        . = ALIGN (0x4)

.ARM            0x08008088        0x0
                0x08008088                        . = ALIGN (0x4)
                0x08008088                        __exidx_start = .
 *(.ARM.exidx*)
                0x08008088                        __exidx_end = .
                0x08008088                        . = ALIGN (0x4)

.preinit_array  0x08008088        0x0
                0x08008088                        . = ALIGN (0x4)
                0x08008088                        PROVIDE (__preinit_array_start = .)
 *(.preinit_array*)
                0x08008088                        PROVIDE (__preinit_array_end = .)
                0x08008088                        . = ALIGN (0x4)

.init_array     0x08008088        0x4
                0x08008088                        . = ALIGN (0x4)
                0x08008088                        PROVIDE (__init_array_start = .)
 *(SORT_BY_NAME(.init_array.*))
 *(.init_array*)
 .init_array    0x08008088        0x4 C:/ST/STM32CubeIDE_1.16.0/STM32CubeIDE/plugins/com.st.stm32cube.ide.mcu.externaltools.gnu-tools-for-stm32.12.3.rel1.win32_1.0.200.202406191623/tools/bin/../lib/gcc/arm-none-eabi/12.3.1/thumb/v7-m/nofp/crtbegin.o
                0x0800808c                        PROVIDE (__init_array_end = .)
                0x0800808c                        . = ALIGN (0x4)

.fini_array     0x0800808c        0x4
                0x0800808c                        . = ALIGN (0x4)
                [!provide]                        PROVIDE (__fini_array_start = .)
 *(SORT_BY_NAME(.fini_array.*))
 *(.fini_array*)
 .fini_array    0x0800808c        0x4 C:/ST/STM32CubeIDE_1.16.0/STM32CubeIDE/plugins/com.st.stm32cube.ide.mcu.externaltools.gnu-tools-for-stm32.12.3.rel1.win32_1.0.200.202406191623/tools/bin/../lib/gcc/arm-none-eabi/12.3.1/thumb/v7-m/nofp/crtbegin.o
                [!provide]                        PROVIDE (__fini_array_end = .)
                0x08008090                        . = ALIGN (0x4)
                0x08008090                        _sidata = LOADADDR (.data)

.rel.dyn        0x08008090        0x0
 .rel.iplt      0x08008090        0x0 C:/ST/STM32CubeIDE_1.16.0/STM32CubeIDE/plugins/com.st.stm32cube.ide.mcu.externaltools.gnu-tools-for-stm32.12.3.rel1.win32_1.0.200.202406191623/tools/bin/../lib/gcc/arm-none-eabi/12.3.1/thumb/v7-m/nofp/crtbegin.o

.data           0x20000000      0x12c load address 0x08008090
                0x20000000                        . = ALIGN (0x4)
                0x20000000                        _sdata = .
 *(.data)
 *(.data*)
 .data.Font_16x26
                0x20000000        0x8 ./Core/Lib/ili9341/fonts.o
                0x20000000                Font_16x26
 .data.SystemCoreClock
                0x20000008        0x4 ./Core/Src/system_stm32f1xx.o
                0x20000008                SystemCoreClock
 .data.app_flags
                0x2000000c        0xf ./Core/app/app.o
 *fill*         0x2000001b        0x1 
 .data.app_users
                0x2000001c       0x78 ./Core/app/app.o
 .data.user_size
                0x20000094        0x1 ./Core/app/app.o
 *fill*         0x20000095        0x3 
 .data.rfidSymbol
                0x20000098        0x8 ./Core/app/app.o
                0x20000098                rfidSymbol
 .data.motionSymbol
                0x200000a0        0x8 ./Core/app/app.o
                0x200000a0                motionSymbol
 .data.configSymbol
                0x200000a8        0x8 ./Core/app/app.o
                0x200000a8                configSymbol
 .data.config_menu_display
                0x200000b0        0xc ./Core/app/app.o
 .data.config1_callbacks
                0x200000bc        0xc ./Core/app/app.o
 .data.sNum.22  0x200000c8        0x1 ./Core/app/app.o
 *fill*         0x200000c9        0x1 
 .data.current_showing.21
                0x200000ca        0x2 ./Core/app/app.o
 .data.current_showing.20
                0x200000cc        0x2 ./Core/app/app.o
 .data.new_ws.17
                0x200000ce        0x1 ./Core/app/app.o
 .data.new_ws.12
                0x200000cf        0x1 ./Core/app/app.o
 .data.status.7
                0x200000d0        0x1 ./Core/app/app.o
 *fill*         0x200000d1        0x1 
 .data.current_showing.5
                0x200000d2        0x2 ./Core/app/app.o
 .data.uwTickPrio
                0x200000d4        0x4 ./Drivers/STM32F1xx_HAL_Driver/Src/stm32f1xx_hal.o
                0x200000d4                uwTickPrio
 .data.uwTickFreq
                0x200000d8        0x1 ./Drivers/STM32F1xx_HAL_Driver/Src/stm32f1xx_hal.o
                0x200000d8                uwTickFreq
 *fill*         0x200000d9        0x3 
 .data._impure_ptr
                0x200000dc        0x4 C:/ST/STM32CubeIDE_1.16.0/STM32CubeIDE/plugins/com.st.stm32cube.ide.mcu.externaltools.gnu-tools-for-stm32.12.3.rel1.win32_1.0.200.202406191623/tools/bin/../lib/gcc/arm-none-eabi/12.3.1/../../../../arm-none-eabi/lib/thumb/v7-m/nofp\libc_nano.a(libc_a-impure.o)
                0x200000dc                _impure_ptr
 .data._impure_data
                0x200000e0       0x4c C:/ST/STM32CubeIDE_1.16.0/STM32CubeIDE/plugins/com.st.stm32cube.ide.mcu.externaltools.gnu-tools-for-stm32.12.3.rel1.win32_1.0.200.202406191623/tools/bin/../lib/gcc/arm-none-eabi/12.3.1/../../../../arm-none-eabi/lib/thumb/v7-m/nofp\libc_nano.a(libc_a-impure.o)
                0x200000e0                _impure_data
 *(.RamFunc)
 *(.RamFunc*)
                0x2000012c                        . = ALIGN (0x4)
                0x2000012c                        _edata = .

.igot.plt       0x2000012c        0x0 load address 0x080081bc
 .igot.plt      0x2000012c        0x0 C:/ST/STM32CubeIDE_1.16.0/STM32CubeIDE/plugins/com.st.stm32cube.ide.mcu.externaltools.gnu-tools-for-stm32.12.3.rel1.win32_1.0.200.202406191623/tools/bin/../lib/gcc/arm-none-eabi/12.3.1/thumb/v7-m/nofp/crtbegin.o
                0x2000012c                        . = ALIGN (0x4)

.bss            0x2000012c      0x468 load address 0x080081bc
                0x2000012c                        _sbss = .
                0x2000012c                        __bss_start__ = _sbss
 *(.bss)
 .bss           0x2000012c       0x1c C:/ST/STM32CubeIDE_1.16.0/STM32CubeIDE/plugins/com.st.stm32cube.ide.mcu.externaltools.gnu-tools-for-stm32.12.3.rel1.win32_1.0.200.202406191623/tools/bin/../lib/gcc/arm-none-eabi/12.3.1/thumb/v7-m/nofp/crtbegin.o
 *(.bss*)
 .bss.counter   0x20000148        0x4 ./Core/Src/bsp_encoder.o
 .bss.previous_count
                0x2000014c        0x2 ./Core/Src/bsp_encoder.o
 .bss.bsp_count
                0x2000014e        0x2 ./Core/Src/bsp_encoder.o
 .bss.direction
                0x20000150        0x2 ./Core/Src/bsp_encoder.o
 .bss.reset     0x20000152        0x1 ./Core/Src/bsp_encoder.o
 .bss.allow_readings
                0x20000153        0x1 ./Core/Src/bsp_hcsr501.o
 .bss.status    0x20000154        0xa ./Core/Src/bsp_lcd.o
 *fill*         0x2000015e        0x2 
 .bss.status_index
                0x20000160        0x4 ./Core/Src/bsp_lcd.o
 .bss.hi2c1     0x20000164       0x54 ./Core/Src/i2c.o
                0x20000164                hi2c1
 .bss.milliseconds
                0x200001b8        0x2 ./Core/Src/main.o
 *fill*         0x200001ba        0x2 
 .bss.last_interrupt_time.6
                0x200001bc        0x4 ./Core/Src/main.o
 .bss.milliseconds2.5
                0x200001c0        0x2 ./Core/Src/main.o
 .bss.seconds.4
                0x200001c2        0x2 ./Core/Src/main.o
 .bss.minutes.3
                0x200001c4        0x2 ./Core/Src/main.o
 .bss.triggered.2
                0x200001c6        0x1 ./Core/Src/main.o
 *fill*         0x200001c7        0x1 
 .bss.button_held_counter.1
                0x200001c8        0x2 ./Core/Src/main.o
 .bss.button_held_cooldown_timer.0
                0x200001ca        0x2 ./Core/Src/main.o
 .bss.hspi1     0x200001cc       0x58 ./Core/Src/spi.o
                0x200001cc                hspi1
 .bss.hspi2     0x20000224       0x58 ./Core/Src/spi.o
                0x20000224                hspi2
 .bss.__sbrk_heap_end
                0x2000027c        0x4 ./Core/Src/sysmem.o
 .bss.htim2     0x20000280       0x48 ./Core/Src/tim.o
                0x20000280                htim2
 .bss.htim3     0x200002c8       0x48 ./Core/Src/tim.o
                0x200002c8                htim3
 .bss.htim4     0x20000310       0x48 ./Core/Src/tim.o
                0x20000310                htim4
 .bss.app_data  0x20000358       0x1c ./Core/app/app.o
 .bss.state     0x20000374        0x1 ./Core/app/app.o
 .bss.rfidSymbol_idx
                0x20000375        0x1 ./Core/app/app.o
                0x20000375                rfidSymbol_idx
 .bss.motionSymbol_idx
                0x20000376        0x1 ./Core/app/app.o
                0x20000376                motionSymbol_idx
 .bss.configSymbol_idx
                0x20000377        0x1 ./Core/app/app.o
                0x20000377                configSymbol_idx
 .bss.blink.19  0x20000378        0x1 ./Core/app/app.o
 *fill*         0x20000379        0x3 
 .bss.top_row.18
                0x2000037c       0x10 ./Core/app/app.o
 .bss.current_field.16
                0x2000038c        0x1 ./Core/app/app.o
 *fill*         0x2000038d        0x3 
 .bss.new_name.15
                0x20000390       0x10 ./Core/app/app.o
 .bss.new_snum.14
                0x200003a0        0x1 ./Core/app/app.o
 .bss.letter.13
                0x200003a1        0x1 ./Core/app/app.o
 .bss.name_length.11
                0x200003a2        0x1 ./Core/app/app.o
 .bss.blink.10  0x200003a3        0x1 ./Core/app/app.o
 .bss.top_row.9
                0x200003a4       0x10 ./Core/app/app.o
 .bss.bottom_row.8
                0x200003b4       0x10 ./Core/app/app.o
 .bss.user.6    0x200003c4       0x28 ./Core/app/app.o
 .bss.current_time_inactive.4
                0x200003ec        0x2 ./Core/app/app.o
 *fill*         0x200003ee        0x2 
 .bss.puesto.3  0x200003f0       0x10 ./Core/app/app.o
 .bss.inactividad.2
                0x20000400       0x10 ./Core/app/app.o
 .bss.print_message_row1.1
                0x20000410       0x10 ./Core/app/app.o
 .bss.print_message_row2.0
                0x20000420       0x10 ./Core/app/app.o
 .bss.cooldown_counter
                0x20000430        0x4 ./Core/app/bsp.o
 .bss.blinking_time
                0x20000434        0x2 ./Core/app/bsp.o
 .bss.display   0x20000436        0x1 ./Core/app/bsp.o
 *fill*         0x20000437        0x1 
 .bss.uwTick    0x20000438        0x4 ./Drivers/STM32F1xx_HAL_Driver/Src/stm32f1xx_hal.o
                0x20000438                uwTick
 .bss.params    0x2000043c        0x4 ./ExtSrc/bsp_rf.o
 .bss.mode      0x20000440        0x1 ./ExtSrc/bsp_rf.o
 *fill*         0x20000441        0x3 
 .bss.rx_data   0x20000444        0x8 ./ExtSrc/bsp_rf.o
 .bss.__sf      0x2000044c      0x138 C:/ST/STM32CubeIDE_1.16.0/STM32CubeIDE/plugins/com.st.stm32cube.ide.mcu.externaltools.gnu-tools-for-stm32.12.3.rel1.win32_1.0.200.202406191623/tools/bin/../lib/gcc/arm-none-eabi/12.3.1/../../../../arm-none-eabi/lib/thumb/v7-m/nofp\libc_nano.a(libc_a-findfp.o)
                0x2000044c                __sf
 .bss.errno     0x20000584        0x4 C:/ST/STM32CubeIDE_1.16.0/STM32CubeIDE/plugins/com.st.stm32cube.ide.mcu.externaltools.gnu-tools-for-stm32.12.3.rel1.win32_1.0.200.202406191623/tools/bin/../lib/gcc/arm-none-eabi/12.3.1/../../../../arm-none-eabi/lib/thumb/v7-m/nofp\libc_nano.a(libc_a-reent.o)
                0x20000584                errno
 .bss.__lock___malloc_recursive_mutex
                0x20000588        0x1 C:/ST/STM32CubeIDE_1.16.0/STM32CubeIDE/plugins/com.st.stm32cube.ide.mcu.externaltools.gnu-tools-for-stm32.12.3.rel1.win32_1.0.200.202406191623/tools/bin/../lib/gcc/arm-none-eabi/12.3.1/../../../../arm-none-eabi/lib/thumb/v7-m/nofp\libc_nano.a(libc_a-lock.o)
                0x20000588                __lock___malloc_recursive_mutex
 *fill*         0x20000589        0x3 
 .bss.__malloc_sbrk_start
                0x2000058c        0x4 C:/ST/STM32CubeIDE_1.16.0/STM32CubeIDE/plugins/com.st.stm32cube.ide.mcu.externaltools.gnu-tools-for-stm32.12.3.rel1.win32_1.0.200.202406191623/tools/bin/../lib/gcc/arm-none-eabi/12.3.1/../../../../arm-none-eabi/lib/thumb/v7-m/nofp\libc_nano.a(libc_a-mallocr.o)
                0x2000058c                __malloc_sbrk_start
 .bss.__malloc_free_list
                0x20000590        0x4 C:/ST/STM32CubeIDE_1.16.0/STM32CubeIDE/plugins/com.st.stm32cube.ide.mcu.externaltools.gnu-tools-for-stm32.12.3.rel1.win32_1.0.200.202406191623/tools/bin/../lib/gcc/arm-none-eabi/12.3.1/../../../../arm-none-eabi/lib/thumb/v7-m/nofp\libc_nano.a(libc_a-mallocr.o)
                0x20000590                __malloc_free_list
 *(COMMON)
                0x20000594                        . = ALIGN (0x4)
                0x20000594                        _ebss = .
                0x20000594                        __bss_end__ = _ebss

._user_heap_stack
                0x20000594      0x604 load address 0x080081bc
                0x20000598                        . = ALIGN (0x8)
 *fill*         0x20000594        0x4 
                [!provide]                        PROVIDE (end = .)
                0x20000598                        PROVIDE (_end = .)
                0x20000798                        . = (. + _Min_Heap_Size)
 *fill*         0x20000598      0x200 
                0x20000b98                        . = (. + _Min_Stack_Size)
 *fill*         0x20000798      0x400 
                0x20000b98                        . = ALIGN (0x8)

/DISCARD/
 libc.a(*)
 libm.a(*)
 libgcc.a(*)

.ARM.attributes
                0x00000000       0x29
 *(.ARM.attributes)
 .ARM.attributes
                0x00000000       0x1d C:/ST/STM32CubeIDE_1.16.0/STM32CubeIDE/plugins/com.st.stm32cube.ide.mcu.externaltools.gnu-tools-for-stm32.12.3.rel1.win32_1.0.200.202406191623/tools/bin/../lib/gcc/arm-none-eabi/12.3.1/thumb/v7-m/nofp/crti.o
 .ARM.attributes
                0x0000001d       0x2d C:/ST/STM32CubeIDE_1.16.0/STM32CubeIDE/plugins/com.st.stm32cube.ide.mcu.externaltools.gnu-tools-for-stm32.12.3.rel1.win32_1.0.200.202406191623/tools/bin/../lib/gcc/arm-none-eabi/12.3.1/thumb/v7-m/nofp/crtbegin.o
 .ARM.attributes
                0x0000004a       0x2d ./Core/Lib/ili9341/fonts.o
 .ARM.attributes
                0x00000077       0x2d ./Core/Lib/ili9341/ili9341.o
 .ARM.attributes
                0x000000a4       0x2d ./Core/Lib/ili9341/ili9341_touch.o
 .ARM.attributes
                0x000000d1       0x2d ./Core/Src/bsp_encoder.o
 .ARM.attributes
                0x000000fe       0x2d ./Core/Src/bsp_hcsr501.o
 .ARM.attributes
                0x0000012b       0x2d ./Core/Src/bsp_lcd.o
 .ARM.attributes
                0x00000158       0x2d ./Core/Src/bsp_rc522.o
 .ARM.attributes
                0x00000185       0x2d ./Core/Src/gpio.o
 .ARM.attributes
                0x000001b2       0x2d ./Core/Src/i2c.o
 .ARM.attributes
                0x000001df       0x2d ./Core/Src/main.o
 .ARM.attributes
                0x0000020c       0x2d ./Core/Src/rc522.o
 .ARM.attributes
                0x00000239       0x2d ./Core/Src/spi.o
 .ARM.attributes
                0x00000266       0x2d ./Core/Src/stm32f1xx_hal_msp.o
 .ARM.attributes
                0x00000293       0x2d ./Core/Src/stm32f1xx_it.o
 .ARM.attributes
                0x000002c0       0x2d ./Core/Src/sysmem.o
 .ARM.attributes
                0x000002ed       0x2d ./Core/Src/system_stm32f1xx.o
 .ARM.attributes
                0x0000031a       0x2d ./Core/Src/tim.o
 .ARM.attributes
                0x00000347       0x21 ./Core/Startup/startup_stm32f103c8tx.o
 .ARM.attributes
                0x00000368       0x2d ./Core/app/app.o
 .ARM.attributes
                0x00000395       0x2d ./Core/app/bsp.o
 .ARM.attributes
                0x000003c2       0x2d ./Core/app/config_menu.o
 .ARM.attributes
                0x000003ef       0x2d ./Drivers/STM32F1xx_HAL_Driver/Src/stm32f1xx_hal.o
 .ARM.attributes
                0x0000041c       0x2d ./Drivers/STM32F1xx_HAL_Driver/Src/stm32f1xx_hal_cortex.o
 .ARM.attributes
                0x00000449       0x2d ./Drivers/STM32F1xx_HAL_Driver/Src/stm32f1xx_hal_gpio.o
 .ARM.attributes
                0x00000476       0x2d ./Drivers/STM32F1xx_HAL_Driver/Src/stm32f1xx_hal_i2c.o
 .ARM.attributes
                0x000004a3       0x2d ./Drivers/STM32F1xx_HAL_Driver/Src/stm32f1xx_hal_rcc.o
 .ARM.attributes
                0x000004d0       0x2d ./Drivers/STM32F1xx_HAL_Driver/Src/stm32f1xx_hal_spi.o
 .ARM.attributes
                0x000004fd       0x2d ./Drivers/STM32F1xx_HAL_Driver/Src/stm32f1xx_hal_tim.o
 .ARM.attributes
                0x0000052a       0x2d ./Drivers/STM32F1xx_HAL_Driver/Src/stm32f1xx_hal_tim_ex.o
 .ARM.attributes
                0x00000557       0x2d ./ExtSrc/bsp_rf.o
 .ARM.attributes
                0x00000584       0x2d ./ExtSrc/nrf24.o
 .ARM.attributes
                0x000005b1       0x2d C:/ST/STM32CubeIDE_1.16.0/STM32CubeIDE/plugins/com.st.stm32cube.ide.mcu.externaltools.gnu-tools-for-stm32.12.3.rel1.win32_1.0.200.202406191623/tools/bin/../lib/gcc/arm-none-eabi/12.3.1/../../../../arm-none-eabi/lib/thumb/v7-m/nofp\libc_nano.a(libc_a-findfp.o)
 .ARM.attributes
                0x000005de       0x2d C:/ST/STM32CubeIDE_1.16.0/STM32CubeIDE/plugins/com.st.stm32cube.ide.mcu.externaltools.gnu-tools-for-stm32.12.3.rel1.win32_1.0.200.202406191623/tools/bin/../lib/gcc/arm-none-eabi/12.3.1/../../../../arm-none-eabi/lib/thumb/v7-m/nofp\libc_nano.a(libc_a-sprintf.o)
 .ARM.attributes
                0x0000060b       0x2d C:/ST/STM32CubeIDE_1.16.0/STM32CubeIDE/plugins/com.st.stm32cube.ide.mcu.externaltools.gnu-tools-for-stm32.12.3.rel1.win32_1.0.200.202406191623/tools/bin/../lib/gcc/arm-none-eabi/12.3.1/../../../../arm-none-eabi/lib/thumb/v7-m/nofp\libc_nano.a(libc_a-memset.o)
 .ARM.attributes
                0x00000638       0x2d C:/ST/STM32CubeIDE_1.16.0/STM32CubeIDE/plugins/com.st.stm32cube.ide.mcu.externaltools.gnu-tools-for-stm32.12.3.rel1.win32_1.0.200.202406191623/tools/bin/../lib/gcc/arm-none-eabi/12.3.1/../../../../arm-none-eabi/lib/thumb/v7-m/nofp\libc_nano.a(libc_a-reent.o)
 .ARM.attributes
                0x00000665       0x2d C:/ST/STM32CubeIDE_1.16.0/STM32CubeIDE/plugins/com.st.stm32cube.ide.mcu.externaltools.gnu-tools-for-stm32.12.3.rel1.win32_1.0.200.202406191623/tools/bin/../lib/gcc/arm-none-eabi/12.3.1/../../../../arm-none-eabi/lib/thumb/v7-m/nofp\libc_nano.a(libc_a-impure.o)
 .ARM.attributes
                0x00000692       0x2d C:/ST/STM32CubeIDE_1.16.0/STM32CubeIDE/plugins/com.st.stm32cube.ide.mcu.externaltools.gnu-tools-for-stm32.12.3.rel1.win32_1.0.200.202406191623/tools/bin/../lib/gcc/arm-none-eabi/12.3.1/../../../../arm-none-eabi/lib/thumb/v7-m/nofp\libc_nano.a(libc_a-errno.o)
 .ARM.attributes
                0x000006bf       0x2d C:/ST/STM32CubeIDE_1.16.0/STM32CubeIDE/plugins/com.st.stm32cube.ide.mcu.externaltools.gnu-tools-for-stm32.12.3.rel1.win32_1.0.200.202406191623/tools/bin/../lib/gcc/arm-none-eabi/12.3.1/../../../../arm-none-eabi/lib/thumb/v7-m/nofp\libc_nano.a(libc_a-init.o)
 .ARM.attributes
                0x000006ec       0x2d C:/ST/STM32CubeIDE_1.16.0/STM32CubeIDE/plugins/com.st.stm32cube.ide.mcu.externaltools.gnu-tools-for-stm32.12.3.rel1.win32_1.0.200.202406191623/tools/bin/../lib/gcc/arm-none-eabi/12.3.1/../../../../arm-none-eabi/lib/thumb/v7-m/nofp\libc_nano.a(libc_a-lock.o)
 .ARM.attributes
                0x00000719       0x2d C:/ST/STM32CubeIDE_1.16.0/STM32CubeIDE/plugins/com.st.stm32cube.ide.mcu.externaltools.gnu-tools-for-stm32.12.3.rel1.win32_1.0.200.202406191623/tools/bin/../lib/gcc/arm-none-eabi/12.3.1/../../../../arm-none-eabi/lib/thumb/v7-m/nofp\libc_nano.a(libc_a-strcpy.o)
 .ARM.attributes
                0x00000746       0x2d C:/ST/STM32CubeIDE_1.16.0/STM32CubeIDE/plugins/com.st.stm32cube.ide.mcu.externaltools.gnu-tools-for-stm32.12.3.rel1.win32_1.0.200.202406191623/tools/bin/../lib/gcc/arm-none-eabi/12.3.1/../../../../arm-none-eabi/lib/thumb/v7-m/nofp\libc_nano.a(libc_a-memcpy-stub.o)
 .ARM.attributes
                0x00000773       0x2d C:/ST/STM32CubeIDE_1.16.0/STM32CubeIDE/plugins/com.st.stm32cube.ide.mcu.externaltools.gnu-tools-for-stm32.12.3.rel1.win32_1.0.200.202406191623/tools/bin/../lib/gcc/arm-none-eabi/12.3.1/../../../../arm-none-eabi/lib/thumb/v7-m/nofp\libc_nano.a(libc_a-freer.o)
 .ARM.attributes
                0x000007a0       0x2d C:/ST/STM32CubeIDE_1.16.0/STM32CubeIDE/plugins/com.st.stm32cube.ide.mcu.externaltools.gnu-tools-for-stm32.12.3.rel1.win32_1.0.200.202406191623/tools/bin/../lib/gcc/arm-none-eabi/12.3.1/../../../../arm-none-eabi/lib/thumb/v7-m/nofp\libc_nano.a(libc_a-mallocr.o)
 .ARM.attributes
                0x000007cd       0x2d C:/ST/STM32CubeIDE_1.16.0/STM32CubeIDE/plugins/com.st.stm32cube.ide.mcu.externaltools.gnu-tools-for-stm32.12.3.rel1.win32_1.0.200.202406191623/tools/bin/../lib/gcc/arm-none-eabi/12.3.1/../../../../arm-none-eabi/lib/thumb/v7-m/nofp\libc_nano.a(libc_a-mlock.o)
 .ARM.attributes
                0x000007fa       0x2d C:/ST/STM32CubeIDE_1.16.0/STM32CubeIDE/plugins/com.st.stm32cube.ide.mcu.externaltools.gnu-tools-for-stm32.12.3.rel1.win32_1.0.200.202406191623/tools/bin/../lib/gcc/arm-none-eabi/12.3.1/../../../../arm-none-eabi/lib/thumb/v7-m/nofp\libc_nano.a(libc_a-nano-svfprintf.o)
 .ARM.attributes
                0x00000827       0x2d C:/ST/STM32CubeIDE_1.16.0/STM32CubeIDE/plugins/com.st.stm32cube.ide.mcu.externaltools.gnu-tools-for-stm32.12.3.rel1.win32_1.0.200.202406191623/tools/bin/../lib/gcc/arm-none-eabi/12.3.1/../../../../arm-none-eabi/lib/thumb/v7-m/nofp\libc_nano.a(libc_a-nano-vfprintf_i.o)
 .ARM.attributes
                0x00000854       0x2d C:/ST/STM32CubeIDE_1.16.0/STM32CubeIDE/plugins/com.st.stm32cube.ide.mcu.externaltools.gnu-tools-for-stm32.12.3.rel1.win32_1.0.200.202406191623/tools/bin/../lib/gcc/arm-none-eabi/12.3.1/../../../../arm-none-eabi/lib/thumb/v7-m/nofp\libc_nano.a(libc_a-memmove.o)
 .ARM.attributes
                0x00000881       0x2d C:/ST/STM32CubeIDE_1.16.0/STM32CubeIDE/plugins/com.st.stm32cube.ide.mcu.externaltools.gnu-tools-for-stm32.12.3.rel1.win32_1.0.200.202406191623/tools/bin/../lib/gcc/arm-none-eabi/12.3.1/../../../../arm-none-eabi/lib/thumb/v7-m/nofp\libc_nano.a(libc_a-sbrkr.o)
 .ARM.attributes
                0x000008ae       0x2d C:/ST/STM32CubeIDE_1.16.0/STM32CubeIDE/plugins/com.st.stm32cube.ide.mcu.externaltools.gnu-tools-for-stm32.12.3.rel1.win32_1.0.200.202406191623/tools/bin/../lib/gcc/arm-none-eabi/12.3.1/../../../../arm-none-eabi/lib/thumb/v7-m/nofp\libc_nano.a(libc_a-memchr-stub.o)
 .ARM.attributes
                0x000008db       0x2d C:/ST/STM32CubeIDE_1.16.0/STM32CubeIDE/plugins/com.st.stm32cube.ide.mcu.externaltools.gnu-tools-for-stm32.12.3.rel1.win32_1.0.200.202406191623/tools/bin/../lib/gcc/arm-none-eabi/12.3.1/../../../../arm-none-eabi/lib/thumb/v7-m/nofp\libc_nano.a(libc_a-reallocr.o)
 .ARM.attributes
                0x00000908       0x2d C:/ST/STM32CubeIDE_1.16.0/STM32CubeIDE/plugins/com.st.stm32cube.ide.mcu.externaltools.gnu-tools-for-stm32.12.3.rel1.win32_1.0.200.202406191623/tools/bin/../lib/gcc/arm-none-eabi/12.3.1/../../../../arm-none-eabi/lib/thumb/v7-m/nofp\libc_nano.a(libc_a-msizer.o)
 .ARM.attributes
                0x00000935       0x1d C:/ST/STM32CubeIDE_1.16.0/STM32CubeIDE/plugins/com.st.stm32cube.ide.mcu.externaltools.gnu-tools-for-stm32.12.3.rel1.win32_1.0.200.202406191623/tools/bin/../lib/gcc/arm-none-eabi/12.3.1/thumb/v7-m/nofp/crtn.o
OUTPUT(SSE-BluePill.elf elf32-littlearm)
LOAD linker stubs
LOAD C:/ST/STM32CubeIDE_1.16.0/STM32CubeIDE/plugins/com.st.stm32cube.ide.mcu.externaltools.gnu-tools-for-stm32.12.3.rel1.win32_1.0.200.202406191623/tools/bin/../lib/gcc/arm-none-eabi/12.3.1/../../../../arm-none-eabi/lib/thumb/v7-m/nofp\libc.a
LOAD C:/ST/STM32CubeIDE_1.16.0/STM32CubeIDE/plugins/com.st.stm32cube.ide.mcu.externaltools.gnu-tools-for-stm32.12.3.rel1.win32_1.0.200.202406191623/tools/bin/../lib/gcc/arm-none-eabi/12.3.1/../../../../arm-none-eabi/lib/thumb/v7-m/nofp\libm.a
LOAD C:/ST/STM32CubeIDE_1.16.0/STM32CubeIDE/plugins/com.st.stm32cube.ide.mcu.externaltools.gnu-tools-for-stm32.12.3.rel1.win32_1.0.200.202406191623/tools/bin/../lib/gcc/arm-none-eabi/12.3.1/thumb/v7-m/nofp\libgcc.a

.debug_info     0x00000000    0x129d8
 .debug_info    0x00000000      0x19a ./Core/Lib/ili9341/fonts.o
 .debug_info    0x0000019a      0xd10 ./Core/Lib/ili9341/ili9341.o
 .debug_info    0x00000eaa      0x7ff ./Core/Lib/ili9341/ili9341_touch.o
 .debug_info    0x000016a9      0x8aa ./Core/Src/bsp_encoder.o
 .debug_info    0x00001f53      0x1fa ./Core/Src/bsp_hcsr501.o
 .debug_info    0x0000214d      0x444 ./Core/Src/bsp_lcd.o
 .debug_info    0x00002591      0x178 ./Core/Src/bsp_rc522.o
 .debug_info    0x00002709      0x455 ./Core/Src/gpio.o
 .debug_info    0x00002b5e      0x7ea ./Core/Src/i2c.o
 .debug_info    0x00003348     0x1240 ./Core/Src/main.o
 .debug_info    0x00004588      0xbc4 ./Core/Src/rc522.o
 .debug_info    0x0000514c      0x81d ./Core/Src/spi.o
 .debug_info    0x00005969      0x1f8 ./Core/Src/stm32f1xx_hal_msp.o
 .debug_info    0x00005b61      0x799 ./Core/Src/stm32f1xx_it.o
 .debug_info    0x000062fa      0x168 ./Core/Src/sysmem.o
 .debug_info    0x00006462      0x222 ./Core/Src/system_stm32f1xx.o
 .debug_info    0x00006684      0xcb7 ./Core/Src/tim.o
 .debug_info    0x0000733b       0x30 ./Core/Startup/startup_stm32f103c8tx.o
 .debug_info    0x0000736b      0xac7 ./Core/app/app.o
 .debug_info    0x00007e32      0x19f ./Core/app/bsp.o
 .debug_info    0x00007fd1      0x1b9 ./Core/app/config_menu.o
 .debug_info    0x0000818a      0x704 ./Drivers/STM32F1xx_HAL_Driver/Src/stm32f1xx_hal.o
 .debug_info    0x0000888e      0xa87 ./Drivers/STM32F1xx_HAL_Driver/Src/stm32f1xx_hal_cortex.o
 .debug_info    0x00009315      0x5ab ./Drivers/STM32F1xx_HAL_Driver/Src/stm32f1xx_hal_gpio.o
 .debug_info    0x000098c0     0x2524 ./Drivers/STM32F1xx_HAL_Driver/Src/stm32f1xx_hal_i2c.o
 .debug_info    0x0000bde4      0x7d5 ./Drivers/STM32F1xx_HAL_Driver/Src/stm32f1xx_hal_rcc.o
 .debug_info    0x0000c5b9     0x142d ./Drivers/STM32F1xx_HAL_Driver/Src/stm32f1xx_hal_spi.o
 .debug_info    0x0000d9e6     0x2959 ./Drivers/STM32F1xx_HAL_Driver/Src/stm32f1xx_hal_tim.o
 .debug_info    0x0001033f     0x149b ./Drivers/STM32F1xx_HAL_Driver/Src/stm32f1xx_hal_tim_ex.o
 .debug_info    0x000117da      0x3a9 ./ExtSrc/bsp_rf.o
 .debug_info    0x00011b83      0xe55 ./ExtSrc/nrf24.o

.debug_abbrev   0x00000000     0x3aaa
 .debug_abbrev  0x00000000       0xb3 ./Core/Lib/ili9341/fonts.o
 .debug_abbrev  0x000000b3      0x2ae ./Core/Lib/ili9341/ili9341.o
 .debug_abbrev  0x00000361      0x227 ./Core/Lib/ili9341/ili9341_touch.o
 .debug_abbrev  0x00000588      0x26a ./Core/Src/bsp_encoder.o
 .debug_abbrev  0x000007f2      0x127 ./Core/Src/bsp_hcsr501.o
 .debug_abbrev  0x00000919      0x1bf ./Core/Src/bsp_lcd.o
 .debug_abbrev  0x00000ad8       0xfb ./Core/Src/bsp_rc522.o
 .debug_abbrev  0x00000bd3      0x161 ./Core/Src/gpio.o
 .debug_abbrev  0x00000d34      0x1de ./Core/Src/i2c.o
 .debug_abbrev  0x00000f12      0x36b ./Core/Src/main.o
 .debug_abbrev  0x0000127d      0x2a3 ./Core/Src/rc522.o
 .debug_abbrev  0x00001520      0x1ec ./Core/Src/spi.o
 .debug_abbrev  0x0000170c       0xdb ./Core/Src/stm32f1xx_hal_msp.o
 .debug_abbrev  0x000017e7      0x1c3 ./Core/Src/stm32f1xx_it.o
 .debug_abbrev  0x000019aa       0xbc ./Core/Src/sysmem.o
 .debug_abbrev  0x00001a66      0x13f ./Core/Src/system_stm32f1xx.o
 .debug_abbrev  0x00001ba5      0x245 ./Core/Src/tim.o
 .debug_abbrev  0x00001dea       0x24 ./Core/Startup/startup_stm32f103c8tx.o
 .debug_abbrev  0x00001e0e      0x272 ./Core/app/app.o
 .debug_abbrev  0x00002080       0xea ./Core/app/bsp.o
 .debug_abbrev  0x0000216a       0xb3 ./Core/app/config_menu.o
 .debug_abbrev  0x0000221d      0x201 ./Drivers/STM32F1xx_HAL_Driver/Src/stm32f1xx_hal.o
 .debug_abbrev  0x0000241e      0x2f8 ./Drivers/STM32F1xx_HAL_Driver/Src/stm32f1xx_hal_cortex.o
 .debug_abbrev  0x00002716      0x1ca ./Drivers/STM32F1xx_HAL_Driver/Src/stm32f1xx_hal_gpio.o
 .debug_abbrev  0x000028e0      0x2a3 ./Drivers/STM32F1xx_HAL_Driver/Src/stm32f1xx_hal_i2c.o
 .debug_abbrev  0x00002b83      0x2b3 ./Drivers/STM32F1xx_HAL_Driver/Src/stm32f1xx_hal_rcc.o
 .debug_abbrev  0x00002e36      0x27a ./Drivers/STM32F1xx_HAL_Driver/Src/stm32f1xx_hal_spi.o
 .debug_abbrev  0x000030b0      0x277 ./Drivers/STM32F1xx_HAL_Driver/Src/stm32f1xx_hal_tim.o
 .debug_abbrev  0x00003327      0x282 ./Drivers/STM32F1xx_HAL_Driver/Src/stm32f1xx_hal_tim_ex.o
 .debug_abbrev  0x000035a9      0x223 ./ExtSrc/bsp_rf.o
 .debug_abbrev  0x000037cc      0x2de ./ExtSrc/nrf24.o

.debug_aranges  0x00000000     0x1410
 .debug_aranges
                0x00000000       0x18 ./Core/Lib/ili9341/fonts.o
 .debug_aranges
                0x00000018       0x88 ./Core/Lib/ili9341/ili9341.o
 .debug_aranges
                0x000000a0       0x38 ./Core/Lib/ili9341/ili9341_touch.o
 .debug_aranges
                0x000000d8       0x58 ./Core/Src/bsp_encoder.o
 .debug_aranges
                0x00000130       0x38 ./Core/Src/bsp_hcsr501.o
 .debug_aranges
                0x00000168       0x58 ./Core/Src/bsp_lcd.o
 .debug_aranges
                0x000001c0       0x28 ./Core/Src/bsp_rc522.o
 .debug_aranges
                0x000001e8       0x20 ./Core/Src/gpio.o
 .debug_aranges
                0x00000208       0x30 ./Core/Src/i2c.o
 .debug_aranges
                0x00000238       0x60 ./Core/Src/main.o
 .debug_aranges
                0x00000298       0xa8 ./Core/Src/rc522.o
 .debug_aranges
                0x00000340       0x38 ./Core/Src/spi.o
 .debug_aranges
                0x00000378       0x20 ./Core/Src/stm32f1xx_hal_msp.o
 .debug_aranges
                0x00000398       0x90 ./Core/Src/stm32f1xx_it.o
 .debug_aranges
                0x00000428       0x20 ./Core/Src/sysmem.o
 .debug_aranges
                0x00000448       0x28 ./Core/Src/system_stm32f1xx.o
 .debug_aranges
                0x00000470       0x50 ./Core/Src/tim.o
 .debug_aranges
                0x000004c0       0x28 ./Core/Startup/startup_stm32f103c8tx.o
 .debug_aranges
                0x000004e8       0xa8 ./Core/app/app.o
 .debug_aranges
                0x00000590       0x50 ./Core/app/bsp.o
 .debug_aranges
                0x000005e0       0x30 ./Core/app/config_menu.o
 .debug_aranges
                0x00000610       0xe0 ./Drivers/STM32F1xx_HAL_Driver/Src/stm32f1xx_hal.o
 .debug_aranges
                0x000006f0      0x100 ./Drivers/STM32F1xx_HAL_Driver/Src/stm32f1xx_hal_cortex.o
 .debug_aranges
                0x000007f0       0x58 ./Drivers/STM32F1xx_HAL_Driver/Src/stm32f1xx_hal_gpio.o
 .debug_aranges
                0x00000848      0x2a8 ./Drivers/STM32F1xx_HAL_Driver/Src/stm32f1xx_hal_i2c.o
 .debug_aranges
                0x00000af0       0x90 ./Drivers/STM32F1xx_HAL_Driver/Src/stm32f1xx_hal_rcc.o
 .debug_aranges
                0x00000b80      0x1d0 ./Drivers/STM32F1xx_HAL_Driver/Src/stm32f1xx_hal_spi.o
 .debug_aranges
                0x00000d50      0x3d0 ./Drivers/STM32F1xx_HAL_Driver/Src/stm32f1xx_hal_tim.o
 .debug_aranges
                0x00001120      0x168 ./Drivers/STM32F1xx_HAL_Driver/Src/stm32f1xx_hal_tim_ex.o
 .debug_aranges
                0x00001288       0x50 ./ExtSrc/bsp_rf.o
 .debug_aranges
                0x000012d8      0x138 ./ExtSrc/nrf24.o

.debug_macro    0x00000000     0x4e75
 .debug_macro   0x00000000       0x6d ./Core/Lib/ili9341/fonts.o
 .debug_macro   0x0000006d      0x1d3 ./Core/Lib/ili9341/ili9341.o
 .debug_macro   0x00000240      0x1d1 ./Core/Lib/ili9341/ili9341_touch.o
 .debug_macro   0x00000411       0x46 ./Core/Lib/ili9341/ili9341_touch.o
 .debug_macro   0x00000457      0x36a ./Core/Src/bsp_encoder.o
 .debug_macro   0x000007c1      0x160 ./Core/Src/bsp_encoder.o
 .debug_macro   0x00000921      0x1c6 ./Core/Src/bsp_hcsr501.o
 .debug_macro   0x00000ae7      0x2b3 ./Core/Src/bsp_lcd.o
 .debug_macro   0x00000d9a       0x5b ./Core/Src/bsp_lcd.o
 .debug_macro   0x00000df5       0x94 ./Core/Src/bsp_lcd.o
 .debug_macro   0x00000e89       0x57 ./Core/Src/bsp_lcd.o
 .debug_macro   0x00000ee0       0x56 ./Core/Src/bsp_lcd.o
 .debug_macro   0x00000f36      0x29d ./Core/Src/bsp_rc522.o
 .debug_macro   0x000011d3      0x36a ./Core/Src/gpio.o
 .debug_macro   0x0000153d      0x36a ./Core/Src/i2c.o
 .debug_macro   0x000018a7      0x378 ./Core/Src/main.o
 .debug_macro   0x00001c1f      0x1b6 ./Core/Src/rc522.o
 .debug_macro   0x00001dd5      0x364 ./Core/Src/spi.o
 .debug_macro   0x00002139      0x360 ./Core/Src/stm32f1xx_hal_msp.o
 .debug_macro   0x00002499      0x36e ./Core/Src/stm32f1xx_it.o
 .debug_macro   0x00002807       0xff ./Core/Src/sysmem.o
 .debug_macro   0x00002906      0x23c ./Core/Src/sysmem.o
 .debug_macro   0x00002b42      0x1ad ./Core/Src/system_stm32f1xx.o
 .debug_macro   0x00002cef      0x364 ./Core/Src/tim.o
 .debug_macro   0x00003053      0x39e ./Core/app/app.o
 .debug_macro   0x000033f1       0x1c ./Core/app/app.o
 .debug_macro   0x0000340d      0x1c9 ./Core/app/bsp.o
 .debug_macro   0x000035d6      0x377 ./Core/app/config_menu.o
 .debug_macro   0x0000394d      0x1d1 ./Drivers/STM32F1xx_HAL_Driver/Src/stm32f1xx_hal.o
 .debug_macro   0x00003b1e      0x1ad ./Drivers/STM32F1xx_HAL_Driver/Src/stm32f1xx_hal_cortex.o
 .debug_macro   0x00003ccb      0x218 ./Drivers/STM32F1xx_HAL_Driver/Src/stm32f1xx_hal_gpio.o
 .debug_macro   0x00003ee3      0x1fb ./Drivers/STM32F1xx_HAL_Driver/Src/stm32f1xx_hal_i2c.o
 .debug_macro   0x000040de      0x1bf ./Drivers/STM32F1xx_HAL_Driver/Src/stm32f1xx_hal_rcc.o
 .debug_macro   0x0000429d      0x1b5 ./Drivers/STM32F1xx_HAL_Driver/Src/stm32f1xx_hal_spi.o
 .debug_macro   0x00004452      0x1ae ./Drivers/STM32F1xx_HAL_Driver/Src/stm32f1xx_hal_tim.o
 .debug_macro   0x00004600      0x1ad ./Drivers/STM32F1xx_HAL_Driver/Src/stm32f1xx_hal_tim_ex.o
 .debug_macro   0x000047ad      0x364 ./ExtSrc/bsp_rf.o
 .debug_macro   0x00004b11      0x364 ./ExtSrc/nrf24.o

.debug_line     0x00000000    0x1b42a
 .debug_line    0x00000000      0x40e ./Core/Lib/ili9341/fonts.o
 .debug_line    0x0000040e      0xae7 ./Core/Lib/ili9341/ili9341.o
 .debug_line    0x00000ef5      0x813 ./Core/Lib/ili9341/ili9341_touch.o
 .debug_line    0x00001708      0xadb ./Core/Src/bsp_encoder.o
 .debug_line    0x000021e3      0x773 ./Core/Src/bsp_hcsr501.o
 .debug_line    0x00002956      0xa13 ./Core/Src/bsp_lcd.o
 .debug_line    0x00003369      0x8ae ./Core/Src/bsp_rc522.o
 .debug_line    0x00003c17      0xa5b ./Core/Src/gpio.o
 .debug_line    0x00004672      0xa62 ./Core/Src/i2c.o
 .debug_line    0x000050d4      0xc73 ./Core/Src/main.o
 .debug_line    0x00005d47      0xc16 ./Core/Src/rc522.o
 .debug_line    0x0000695d      0xae7 ./Core/Src/spi.o
 .debug_line    0x00007444      0x9fe ./Core/Src/stm32f1xx_hal_msp.o
 .debug_line    0x00007e42      0xb53 ./Core/Src/stm32f1xx_it.o
 .debug_line    0x00008995      0x583 ./Core/Src/sysmem.o
 .debug_line    0x00008f18      0x799 ./Core/Src/system_stm32f1xx.o
 .debug_line    0x000096b1      0xb80 ./Core/Src/tim.o
 .debug_line    0x0000a231       0x78 ./Core/Startup/startup_stm32f103c8tx.o
 .debug_line    0x0000a2a9     0x116e ./Core/app/app.o
 .debug_line    0x0000b417      0x7b3 ./Core/app/bsp.o
 .debug_line    0x0000bbca      0x9ef ./Core/app/config_menu.o
 .debug_line    0x0000c5b9      0x9c6 ./Drivers/STM32F1xx_HAL_Driver/Src/stm32f1xx_hal.o
 .debug_line    0x0000cf7f      0xbb2 ./Drivers/STM32F1xx_HAL_Driver/Src/stm32f1xx_hal_cortex.o
 .debug_line    0x0000db31      0xa5f ./Drivers/STM32F1xx_HAL_Driver/Src/stm32f1xx_hal_gpio.o
 .debug_line    0x0000e590     0x3c63 ./Drivers/STM32F1xx_HAL_Driver/Src/stm32f1xx_hal_i2c.o
 .debug_line    0x000121f3      0xdcf ./Drivers/STM32F1xx_HAL_Driver/Src/stm32f1xx_hal_rcc.o
 .debug_line    0x00012fc2     0x1cea ./Drivers/STM32F1xx_HAL_Driver/Src/stm32f1xx_hal_spi.o
 .debug_line    0x00014cac     0x34eb ./Drivers/STM32F1xx_HAL_Driver/Src/stm32f1xx_hal_tim.o
 .debug_line    0x00018197     0x1915 ./Drivers/STM32F1xx_HAL_Driver/Src/stm32f1xx_hal_tim_ex.o
 .debug_line    0x00019aac      0xb0a ./ExtSrc/bsp_rf.o
 .debug_line    0x0001a5b6      0xe74 ./ExtSrc/nrf24.o

.debug_str      0x00000000    0x8edf9
 .debug_str     0x00000000     0x3beb ./Core/Lib/ili9341/fonts.o
                               0x3d61 (size before relaxing)
 .debug_str     0x00003beb    0x8142f ./Core/Lib/ili9341/ili9341.o
                              0x8537c (size before relaxing)
 .debug_str     0x0008501a      0x258 ./Core/Lib/ili9341/ili9341_touch.o
                              0x84e59 (size before relaxing)
 .debug_str     0x00085272     0x46bb ./Core/Src/bsp_encoder.o
                              0x89738 (size before relaxing)
 .debug_str     0x0008992d       0x71 ./Core/Src/bsp_hcsr501.o
                              0x84e14 (size before relaxing)
 .debug_str     0x0008999e      0x12a ./Core/Src/bsp_lcd.o
                              0x880a1 (size before relaxing)
 .debug_str     0x00089ac8       0x7b ./Core/Src/bsp_rc522.o
                              0x88529 (size before relaxing)
 .debug_str     0x00089b43      0x31d ./Core/Src/gpio.o
                              0x8949d (size before relaxing)
 .debug_str     0x00089e60      0x2ad ./Core/Src/i2c.o
                              0x89650 (size before relaxing)
 .debug_str     0x0008a10d      0x6cc ./Core/Src/main.o
                              0x8a160 (size before relaxing)
 .debug_str     0x0008a7d9      0x1b7 ./Core/Src/rc522.o
                              0x853f4 (size before relaxing)
 .debug_str     0x0008a990       0x51 ./Core/Src/spi.o
                              0x895af (size before relaxing)
 .debug_str     0x0008a9e1       0x50 ./Core/Src/stm32f1xx_hal_msp.o
                              0x8911e (size before relaxing)
 .debug_str     0x0008aa31      0x164 ./Core/Src/stm32f1xx_it.o
                              0x896ef (size before relaxing)
 .debug_str     0x0008ab95      0x4dc ./Core/Src/sysmem.o
                               0x6078 (size before relaxing)
 .debug_str     0x0008b071       0x7e ./Core/Src/system_stm32f1xx.o
                              0x847ff (size before relaxing)
 .debug_str     0x0008b0ef      0x24b ./Core/Src/tim.o
                              0x89bca (size before relaxing)
 .debug_str     0x0008b33a       0x44 ./Core/Startup/startup_stm32f103c8tx.o
                                 0x83 (size before relaxing)
 .debug_str     0x0008b37e      0x9d7 ./Core/app/app.o
                              0x89e81 (size before relaxing)
 .debug_str     0x0008bd55       0x31 ./Core/app/bsp.o
                              0x85043 (size before relaxing)
 .debug_str     0x0008bd86       0x1a ./Core/app/config_menu.o
                              0x89248 (size before relaxing)
 .debug_str     0x0008bda0      0x36e ./Drivers/STM32F1xx_HAL_Driver/Src/stm32f1xx_hal.o
                              0x84f32 (size before relaxing)
 .debug_str     0x0008c10e      0x231 ./Drivers/STM32F1xx_HAL_Driver/Src/stm32f1xx_hal_cortex.o
                              0x84e7e (size before relaxing)
 .debug_str     0x0008c33f      0x289 ./Drivers/STM32F1xx_HAL_Driver/Src/stm32f1xx_hal_gpio.o
                              0x84b85 (size before relaxing)
 .debug_str     0x0008c5c8      0xbd5 ./Drivers/STM32F1xx_HAL_Driver/Src/stm32f1xx_hal_i2c.o
                              0x858c6 (size before relaxing)
 .debug_str     0x0008d19d      0x209 ./Drivers/STM32F1xx_HAL_Driver/Src/stm32f1xx_hal_rcc.o
                              0x84c2e (size before relaxing)
 .debug_str     0x0008d3a6      0x50b ./Drivers/STM32F1xx_HAL_Driver/Src/stm32f1xx_hal_spi.o
                              0x85125 (size before relaxing)
 .debug_str     0x0008d8b1      0xc8c ./Drivers/STM32F1xx_HAL_Driver/Src/stm32f1xx_hal_tim.o
                              0x85c30 (size before relaxing)
 .debug_str     0x0008e53d      0x493 ./Drivers/STM32F1xx_HAL_Driver/Src/stm32f1xx_hal_tim_ex.o
                              0x8543c (size before relaxing)
 .debug_str     0x0008e9d0      0x141 ./ExtSrc/bsp_rf.o
                              0x89308 (size before relaxing)
 .debug_str     0x0008eb11      0x2e8 ./ExtSrc/nrf24.o
                              0x8999d (size before relaxing)

.comment        0x00000000       0x43
 .comment       0x00000000       0x43 ./Core/Lib/ili9341/fonts.o
                                 0x44 (size before relaxing)
 .comment       0x00000043       0x44 ./Core/Lib/ili9341/ili9341.o
 .comment       0x00000043       0x44 ./Core/Lib/ili9341/ili9341_touch.o
 .comment       0x00000043       0x44 ./Core/Src/bsp_encoder.o
 .comment       0x00000043       0x44 ./Core/Src/bsp_hcsr501.o
 .comment       0x00000043       0x44 ./Core/Src/bsp_lcd.o
 .comment       0x00000043       0x44 ./Core/Src/bsp_rc522.o
 .comment       0x00000043       0x44 ./Core/Src/gpio.o
 .comment       0x00000043       0x44 ./Core/Src/i2c.o
 .comment       0x00000043       0x44 ./Core/Src/main.o
 .comment       0x00000043       0x44 ./Core/Src/rc522.o
 .comment       0x00000043       0x44 ./Core/Src/spi.o
 .comment       0x00000043       0x44 ./Core/Src/stm32f1xx_hal_msp.o
 .comment       0x00000043       0x44 ./Core/Src/stm32f1xx_it.o
 .comment       0x00000043       0x44 ./Core/Src/sysmem.o
 .comment       0x00000043       0x44 ./Core/Src/system_stm32f1xx.o
 .comment       0x00000043       0x44 ./Core/Src/tim.o
 .comment       0x00000043       0x44 ./Core/app/app.o
 .comment       0x00000043       0x44 ./Core/app/bsp.o
 .comment       0x00000043       0x44 ./Core/app/config_menu.o
 .comment       0x00000043       0x44 ./Drivers/STM32F1xx_HAL_Driver/Src/stm32f1xx_hal.o
 .comment       0x00000043       0x44 ./Drivers/STM32F1xx_HAL_Driver/Src/stm32f1xx_hal_cortex.o
 .comment       0x00000043       0x44 ./Drivers/STM32F1xx_HAL_Driver/Src/stm32f1xx_hal_gpio.o
 .comment       0x00000043       0x44 ./Drivers/STM32F1xx_HAL_Driver/Src/stm32f1xx_hal_i2c.o
 .comment       0x00000043       0x44 ./Drivers/STM32F1xx_HAL_Driver/Src/stm32f1xx_hal_rcc.o
 .comment       0x00000043       0x44 ./Drivers/STM32F1xx_HAL_Driver/Src/stm32f1xx_hal_spi.o
 .comment       0x00000043       0x44 ./Drivers/STM32F1xx_HAL_Driver/Src/stm32f1xx_hal_tim.o
 .comment       0x00000043       0x44 ./Drivers/STM32F1xx_HAL_Driver/Src/stm32f1xx_hal_tim_ex.o
 .comment       0x00000043       0x44 ./ExtSrc/bsp_rf.o
 .comment       0x00000043       0x44 ./ExtSrc/nrf24.o

.debug_rnglists
                0x00000000      0xfb8
 .debug_rnglists
                0x00000000       0x67 ./Core/Lib/ili9341/ili9341.o
 .debug_rnglists
                0x00000067       0x34 ./Core/Lib/ili9341/ili9341_touch.o
 .debug_rnglists
                0x0000009b       0x3e ./Core/Src/bsp_encoder.o
 .debug_rnglists
                0x000000d9       0x25 ./Core/Src/bsp_hcsr501.o
 .debug_rnglists
                0x000000fe       0x3f ./Core/Src/bsp_lcd.o
 .debug_rnglists
                0x0000013d       0x19 ./Core/Src/bsp_rc522.o
 .debug_rnglists
                0x00000156       0x14 ./Core/Src/gpio.o
 .debug_rnglists
                0x0000016a       0x1f ./Core/Src/i2c.o
 .debug_rnglists
                0x00000189       0x47 ./Core/Src/main.o
 .debug_rnglists
                0x000001d0       0x7e ./Core/Src/rc522.o
 .debug_rnglists
                0x0000024e       0x26 ./Core/Src/spi.o
 .debug_rnglists
                0x00000274       0x13 ./Core/Src/stm32f1xx_hal_msp.o
 .debug_rnglists
                0x00000287       0x67 ./Core/Src/stm32f1xx_it.o
 .debug_rnglists
                0x000002ee       0x13 ./Core/Src/sysmem.o