../Core/app/app.c:91:6:app_init	8	static
../Core/app/app.c:99:6:app	56	static
../Core/app/app.c:492:6:APP_HANDLE_INPUT	8	static
../Core/app/app.c:627:6:APP_MESSAGE_RECEIVED	8	static
../Core/app/app.c:632:6:APP_SEND_MESSAGE	8	static
../Core/app/app.c:638:6:APP_SET_MESSAGE_TO_SEND	16	static
../Core/app/app.c:642:6:APP_SEND_COMMAND_TO_WORK_STATION	32	static
../Core/app/app.c:652:6:APP_SETFLAG	24	static
../Core/app/app.c:681:9:APP_GET_USER_BY_SERIAL_NUMBER	24	static
../Core/app/app.c:691:9:APP_GET_USER_BY_WORKSTATION	24	static
../Core/app/app.c:701:6:APP_UPDATE_WORKSTATION	24	static
../Core/app/app.c:727:25:GET_APP_DATA	4	static
../Core/app/app.c:731:26:GET_APP_FLAGS	4	static
../Core/app/app.c:735:25:GET_APP_STATE	4	static
../Core/app/app.c:739:6:CONFIG_MENU_SHOW_CONFIG	8	static
../Core/app/app.c:743:6:CONFIG_MENU_SHOW_ANADIR	8	static
../Core/app/app.c:747:6:CONFIG_MENU_SHOW_BORRAR	8	static
../Core/app/app.c:752:6:CONFIG_MENU_SHOW_USER	16	static
