04:41:47 **** Incremental Build of configuration Debug for project SSE-Disc ****
make -j8 all 
arm-none-eabi-gcc "C:/Users/Juan/STM32CubeIDE/workspace_1.16.0/Common/Src/bsp_rf.c" -mcpu=cortex-m4 -std=gnu11 -g3 -DDEBUG -DUSE_HAL_DRIVER -DSTM32F407xx -c -I../Core/Inc -I../Drivers/STM32F4xx_HAL_Driver/Inc -I../Drivers/STM32F4xx_HAL_Driver/Inc/Legacy -I../Drivers/CMSIS/Device/ST/STM32F4xx/Include -I../Drivers/CMSIS/Include -I../../Common/Inc -O0 -ffunction-sections -fdata-sections -Wall -fstack-usage -fcyclomatic-complexity -MMD -MP -MF"ExtSrc/bsp_rf.d" -MT"ExtSrc/bsp_rf.o" --specs=nano.specs -mfpu=fpv4-sp-d16 -mfloat-abi=hard -mthumb -o "ExtSrc/bsp_rf.o"
C:/Users/Juan/STM32CubeIDE/workspace_1.16.0/Common/Src/bsp_rf.c: In function 'BSP_RF_IrqHandler':
C:/Users/Juan/STM32CubeIDE/workspace_1.16.0/Common/Src/bsp_rf.c:79:17: warning: unused variable 'payload_length' [-Wunused-variable]
   79 |         uint8_t payload_length = NRF24L01P_PAYLOAD_LENGTH;
      |                 ^~~~~~~~~~~~~~
arm-none-eabi-g++ -o "SSE-Disc.elf" @"objects.list"   -mcpu=cortex-m4 -T"C:\Users\Juan\STM32CubeIDE\workspace_1.16.0\SSE-Disc\STM32F407VGTX_FLASH.ld" --specs=nosys.specs -Wl,-Map="SSE-Disc.map" -Wl,--gc-sections -static --specs=nano.specs -mfpu=fpv4-sp-d16 -mfloat-abi=hard -mthumb -Wl,--start-group -lc -lm -lstdc++ -lsupc++ -Wl,--end-group
Finished building target: SSE-Disc.elf
 
arm-none-eabi-size  SSE-Disc.elf 
arm-none-eabi-objdump -h -S SSE-Disc.elf  > "SSE-Disc.list"
   text	   data	    bss	    dec	    hex	filename
  14024	     12	   1792	  15828	   3dd4	SSE-Disc.elf
Finished building: default.size.stdout
 
Finished building: SSE-Disc.list
 

04:41:47 Build Finished. 0 errors, 1 warnings. (took 756ms)

